
[1m[7m[36m RUN [39m[27m[22m [36mv2.1.9 [39m[90mC:/Users/BBB/Fabric_4L/frontend[39m

 [32mΓ£ô[39m client/src/pages/formulaBuilderLogic.test.ts [2m([22m[2m48 tests[22m[2m)[22m[90m 42[2mms[22m[39m
[90mstdout[2m | client/src/services/authClient.test.ts[2m > [22m[2mAuthClient[2m > [22m[2mpersistSession[2m > [22m[2mshould persist all session data to localStorage
[22m[39mpersistSession: NO-OP for httpOnly cookie auth

 [31mΓ¥»[39m client/src/services/authClient.test.ts [2m([22m[2m25 tests[22m[2m | [22m[31m12 failed[39m[2m)[22m[90m 62[2mms[22m[39m
[31m   [31m├ù[31m AuthClient[2m > [22mgetCurrentSession[2m > [22mshould return null when no session exists[90m 7[2mms[22m[31m[39m
[31m     ΓåÆ expected Promise{ΓÇª} to be null[39m
[31m   [31m├ù[31m AuthClient[2m > [22mgetCurrentSession[2m > [22mshould return null when only token exists (no user info)[90m 1[2mms[22m[31m[39m
[31m     ΓåÆ expected Promise{ΓÇª} to be null[39m
[31m   [31m├ù[31m AuthClient[2m > [22mgetCurrentSession[2m > [22mshould return valid session when both token and user exist[90m 4[2mms[22m[31m[39m
[31m     ΓåÆ expected Promise{ΓÇª} to deeply equal { id: 'user-123', ΓÇª(4) }[39m
[31m   [31m├ù[31m AuthClient[2m > [22mgetCurrentSession[2m > [22mshould clear session on invalid user JSON[90m 1[2mms[22m[31m[39m
[31m     ΓåÆ expected Promise{ΓÇª} to be null[39m
[31m   [31m├ù[31m AuthClient[2m > [22mgetCurrentSession[2m > [22mshould clear session on schema validation failure[90m 1[2mms[22m[31m[39m
[31m     ΓåÆ expected Promise{ΓÇª} to be null[39m
[31m   [31m├ù[31m AuthClient[2m > [22mrefreshToken[2m > [22mshould return true for valid unexpired token[90m 2[2mms[22m[31m[39m
[31m     ΓåÆ expected false to be true // Object.is equality[39m
[31m   [31m├ù[31m AuthClient[2m > [22mrefreshToken[2m > [22mshould return false and clear session for expired token[90m 3[2mms[22m[31m[39m
[31m     ΓåÆ expected "spy" to be called with arguments: [ 'accessToken' ][90m

Received: 

[31m[90m

Number of calls: [1m0[22m
[31m[39m
[31m   [31m├ù[31m AuthClient[2m > [22mrefreshToken[2m > [22mshould return false and clear session for token expiring within buffer[90m 1[2mms[22m[31m[39m
[31m     ΓåÆ expected "spy" to be called with arguments: [ 'accessToken' ][90m

Received: 

[31m[90m

Number of calls: [1m0[22m
[31m[39m
[31m   [31m├ù[31m AuthClient[2m > [22mrefreshToken[2m > [22mshould return false for malformed JWT[90m 1[2mms[22m[31m[39m
[31m     ΓåÆ expected "spy" to be called with arguments: [ 'accessToken' ][90m

Received: 

[31m[90m

Number of calls: [1m0[22m
[31m[39m
[31m   [31m├ù[31m AuthClient[2m > [22mrefreshToken[2m > [22mshould handle base64url encoding correctly[90m 1[2mms[22m[31m[39m
[31m     ΓåÆ expected false to be true // Object.is equality[39m
[31m   [31m├ù[31m AuthClient[2m > [22mpersistSession[2m > [22mshould persist all session data to localStorage[90m 2[2mms[22m[31m[39m
[31m     ΓåÆ expected "spy" to be called with arguments: [ 'accessToken', 'jwt_token' ][90m

Received: 

[31m[90m

Number of calls: [1m0[22m
[31m[39m
[31m   [31m├ù[31m AuthClient[2m > [22mclearSession[2m > [22mshould remove all session data from localStorage[90m 1[2mms[22m[31m[39m
[31m     ΓåÆ expected "spy" to be called with arguments: [ 'accessToken' ][90m

Received: 

[31m[90m

Number of calls: [1m0[22m
[31m[39m
 [32mΓ£ô[39m client/src/stores/userTierStore.test.ts [2m([22m[2m72 tests[22m[2m)[22m[90m 216[2mms[22m[39m
node.exe : [90mstderr[2m | 
client/src/hooks/useAccounts.test.tsx[2m > 
[22m[2museAccounts[2m > [22m[2museAccounts hook[2m > 
[22m[2mshould handle API error
At line:1 char:1
+ & "C:\Program Files\nodejs/node.exe" "C:\Program 
Files\nodejs/node_mo ...
+ ~~~~~~~~~~~~~~~~~~~~~~~~~~~~~~~~~~~~~~~~~~~~~~~~~~~~~~~~~~
~~~~~~~~~~~
    + CategoryInfo          : NotSpecified: ([90mstderr[2 
   m...andle API error:String) [], RemoteException
    + FullyQualifiedErrorId : NativeCommandError
 
[22m[39m[Fabric] Test query failed { queryKey: 
[32m'["accounts","list",{}]'[39m, error: [32m'Network 
error'[39m }

[90mstderr[2m | 
client/src/hooks/useFormulaVersions.test.ts
[22m[39m[Fabric] Environment variable VITE_L6_PREFIX not 
set, using fallback { fallback: [32m'/benchmarks'[39m }

[90mstderr[2m | 
client/src/hooks/useGraphQuery.performance.test.ts
[22m[39m[Fabric] Environment variable VITE_L6_PREFIX not 
set, using fallback { fallback: [32m'/benchmarks'[39m }

[90mstderr[2m | 
client/src/hooks/useGraphQuery.integration.test.ts
[22m[39m[Fabric] Environment variable VITE_L6_PREFIX not 
set, using fallback { fallback: [32m'/benchmarks'[39m }

 [32mΓ£ô[39m client/src/hooks/useAuth.test.ts [2m([22m[2m11 tests[22m[2m)[22m[90m 185[2mms[22m[39m
[90mstderr[2m | 
client/src/hooks/useGraphQuery.comprehensive.test.ts
[22m[39m[Fabric] Environment variable VITE_L6_PREFIX not 
set, using fallback { fallback: [32m'/benchmarks'[39m }

[90mstderr[2m | client/src/hooks/useFormulas.test.ts
[22m[39m[Fabric] Environment variable VITE_L6_PREFIX not 
set, using fallback { fallback: [32m'/benchmarks'[39m }

[90mstderr[2m | 
client/src/hooks/useGraphQuery.property.test.ts
[22m[39m[Fabric] Environment variable VITE_L6_PREFIX not 
set, using fallback { fallback: [32m'/benchmarks'[39m }

[90mstderr[2m | 
client/src/hooks/usePlatformSettings.test.tsx
[22m[39m[Fabric] Environment variable VITE_L6_PREFIX not 
set, using fallback { fallback: [32m'/benchmarks'[39m }

[90mstderr[2m | 
client/src/contexts/AuthContext.test.tsx[2m > 
[22m[2mAuthProvider[2m > [22m[2minitialization[2m > 
[22m[2minitializes as unauthenticated when no stored data
[22m[39m[MSW] Warning: intercepted a request without a 
matching request handler:

  ΓÇó GET /api/v1/auth/me

If you still wish to intercept this unhandled request, 
please create a request handler for it.
Read more: https://mswjs.io/docs/http/intercepting-requests
[MSW] Warning: intercepted a request without a matching 
request handler:

  ΓÇó GET /api/v1/auth/csrf

If you still wish to intercept this unhandled request, 
please create a request handler for it.
Read more: https://mswjs.io/docs/http/intercepting-requests

[90mstderr[2m | client/src/hooks/useVariables.test.ts
[22m[39m[Fabric] Environment variable VITE_L6_PREFIX not 
set, using fallback { fallback: [32m'/benchmarks'[39m }

[90mstderr[2m | client/src/hooks/useIngestion.test.ts[2m 
> [22m[2museIngestion[2m > 
[22m[2museIngestionJobList[2m > [22m[2mhandles API 
error
[22m[39m[Fabric] Test query failed { queryKey: 
[32m'["ingestion","list","{}"]'[39m, error: [32m'Network 
error'[39m }

[90mstderr[2m | client/src/hooks/useModels.test.tsx[2m > 
[22m[2museModels[2m > [22m[2museCreateModel hook[2m > 
[22m[2mshould reject empty name
[22m[39m[Fabric] Test mutation failed { mutationKey: 
[90mundefined[39m, error: [32m'Model name is 
required'[39m }
[useCreateModel] mutation failed: Model name is required

[90mstderr[2m | 
client/src/contexts/AuthContext.test.tsx[2m > 
[22m[2mAuthProvider[2m > [22m[2minitialization[2m > 
[22m[2mclears invalid stored data and initializes as 
unauthenticated
[22m[39m[MSW] Warning: intercepted a request without a 
matching request handler:

  ΓÇó GET /api/v1/auth/me

If you still wish to intercept this unhandled request, 
please create a request handler for it.
Read more: https://mswjs.io/docs/http/intercepting-requests
[MSW] Warning: intercepted a request without a matching 
request handler:

  ΓÇó GET /api/v1/auth/csrf

If you still wish to intercept this unhandled request, 
please create a request handler for it.
Read more: https://mswjs.io/docs/http/intercepting-requests

 [32mΓ£ô[39m client/src/hooks/useDocuments.test.tsx [2m([22m[2m13 tests[22m[2m)[22m[33m 567[2mms[22m[39m
[90mstderr[2m | client/src/hooks/useModels.test.tsx[2m > 
[22m[2museModels[2m > [22m[2museCreateModel hook[2m > 
[22m[2mshould show toast on error
[22m[39m[Fabric] Test mutation failed { mutationKey: 
[90mundefined[39m, error: [32m'Server error'[39m }
[useCreateModel] mutation failed: Server error

[90mstderr[2m | 
client/src/contexts/AuthContext.test.tsx[2m > 
[22m[2mAuthProvider[2m > [22m[2minitialization[2m > 
[22m[2mhandles missing user info gracefully
[22m[39m[MSW] Warning: intercepted a request without a 
matching request handler:

  ΓÇó GET /api/v1/auth/me

If you still wish to intercept this unhandled request, 
please create a request handler for it.
Read more: https://mswjs.io/docs/http/intercepting-requests
[MSW] Warning: intercepted a request without a matching 
request handler:

  ΓÇó GET /api/v1/auth/csrf

If you still wish to intercept this unhandled request, 
please create a request handler for it.
Read more: https://mswjs.io/docs/http/intercepting-requests

[90mstderr[2m | client/src/hooks/useAccounts.test.tsx[2m 
> [22m[2museAccounts[2m > [22m[2museRefreshAccount 
mutation[2m > [22m[2mshould reject empty account ID
[22m[39m[Fabric] Test mutation failed { mutationKey: 
[90mundefined[39m, error: [32m'Account ID is 
required'[39m }
[Fabric] [Fabric][useAccounts] RefreshAccount failed { 
accountId: [32m''[39m, error: [32m'Account ID is 
required'[39m }

[90mstderr[2m | 
client/src/contexts/AuthContext.test.tsx[2m > 
[22m[2mAuthProvider[2m > [22m[2minitiateLogin[2m > 
[22m[2mcalls backend login endpoint and redirects to IdP
[22m[39m[MSW] Warning: intercepted a request without a 
matching request handler:

  ΓÇó GET /api/v1/auth/me

If you still wish to intercept this unhandled request, 
please create a request handler for it.
Read more: https://mswjs.io/docs/http/intercepting-requests
[MSW] Warning: intercepted a request without a matching 
request handler:

  ΓÇó GET /api/v1/auth/csrf

If you still wish to intercept this unhandled request, 
please create a request handler for it.
Read more: https://mswjs.io/docs/http/intercepting-requests

[90mstderr[2m | client/src/hooks/useModels.test.tsx[2m > 
[22m[2museModels[2m > [22m[2museDeleteModel hook[2m > 
[22m[2mshould reject empty model ID
[22m[39m[Fabric] Test mutation failed { mutationKey: 
[90mundefined[39m, error: [32m'Model ID is 
required'[39m }
[useDeleteModel] mutation failed: Model ID is required

[90mstderr[2m | 
client/src/hooks/useFormulaVersions.test.ts[2m > 
[22m[2museFormulaVersions[2m > [22m[2mhandles error 
fetching versions
[22m[39m[Fabric] API request failed {
  url: [32m'/formulas/invalid-id/versions?include_retired=f
alse'[39m,
  method: [32m'get'[39m,
  status: [33m404[39m,
  errorCode: [90mundefined[39m,
  traceId: [1mnull[22m,
  message: [32m'Request failed with status code 404'[39m
}
[Fabric] Test query failed {
  queryKey: 
[32m'["formulas","versions","invalid-id",false]'[39m,
  error: [32m'Request failed with status code 404'[39m
}

[90mstderr[2m | client/src/hooks/useModels.test.tsx[2m > 
[22m[2museModels[2m > [22m[2museDeleteModel hook[2m > 
[22m[2mshould show toast on error
[22m[39m[Fabric] Test mutation failed { mutationKey: 
[90mundefined[39m, error: [32m'Not authorized'[39m }
[useDeleteModel] mutation failed: Not authorized

[90mstderr[2m | client/src/hooks/useIngestion.test.ts[2m 
> [22m[2museIngestion[2m > [22m[2museCancelJob[2m > 
[22m[2mexposes error on failure
[22m[39m[Fabric] Test mutation failed { mutationKey: 
[90mundefined[39m, error: [32m'Job not found'[39m }

[90mstderr[2m | 
client/src/contexts/AuthContext.test.tsx[2m > 
[22m[2mAuthProvider[2m > [22m[2minitiateLogin[2m > 
[22m[2mshows loading state during login
[22m[39m[MSW] Warning: intercepted a request without a 
matching request handler:

  ΓÇó GET /api/v1/auth/me

If you still wish to intercept this unhandled request, 
please create a request handler for it.
Read more: https://mswjs.io/docs/http/intercepting-requests
[MSW] Warning: intercepted a request without a matching 
request handler:

  ΓÇó GET /api/v1/auth/csrf

If you still wish to intercept this unhandled request, 
please create a request handler for it.
Read more: https://mswjs.io/docs/http/intercepting-requests

 [32mΓ£ô[39m client/src/hooks/useAccounts.test.tsx [2m([22m[2m15 tests[22m[2m)[22m[33m 960[2mms[22m[39m
[90mstderr[2m | client/src/hooks/useIngestion.test.ts[2m 
> [22m[2museIngestion[2m > [22m[2museRetryJob[2m > 
[22m[2mexposes error on failure
[22m[39m[Fabric] Test mutation failed { mutationKey: 
[90mundefined[39m, error: [32m'Cannot retry active 
job'[39m }

 [32mΓ£ô[39m client/src/hooks/useModels.test.tsx [2m([22m[2m16 tests[22m[2m)[22m[33m 1060[2mms[22m[39m
 [32mΓ£ô[39m client/src/hooks/useIngestion.test.ts [2m([22m[2m17 tests[22m[2m)[22m[33m 942[2mms[22m[39m
[90mstderr[2m | 
client/src/contexts/AuthContext.test.tsx[2m > 
[22m[2mAuthProvider[2m > [22m[2minitiateLogin[2m > 
[22m[2mthrows error when login initiation fails
[22m[39m[MSW] Warning: intercepted a request without a 
matching request handler:

  ΓÇó GET /api/v1/auth/me

If you still wish to intercept this unhandled request, 
please create a request handler for it.
Read more: https://mswjs.io/docs/http/intercepting-requests
[MSW] Warning: intercepted a request without a matching 
request handler:

  ΓÇó GET /api/v1/auth/csrf

If you still wish to intercept this unhandled request, 
please create a request handler for it.
Read more: https://mswjs.io/docs/http/intercepting-requests

[90mstderr[2m | 
client/src/contexts/AuthContext.test.tsx[2m > 
[22m[2mAuthProvider[2m > [22m[2minitiateLogin[2m > 
[22m[2mthrows error when network fails
[22m[39m[MSW] Warning: intercepted a request without a 
matching request handler:

  ΓÇó GET /api/v1/auth/me

If you still wish to intercept this unhandled request, 
please create a request handler for it.
Read more: https://mswjs.io/docs/http/intercepting-requests
[MSW] Warning: intercepted a request without a matching 
request handler:

  ΓÇó GET /api/v1/auth/csrf

If you still wish to intercept this unhandled request, 
please create a request handler for it.
Read more: https://mswjs.io/docs/http/intercepting-requests

[90mstderr[2m | 
client/src/hooks/useGraphQuery.comprehensive.test.ts[2m > 
[22m[2museSubgraph [L1-Unit-Async][2m > [22m[2merror 
cases[2m > [22m[2mhandles 404 not found
[22m[39m[Fabric] API request failed {
  url: 
[32m'/graph/subgraph?query=missing&depth=2&limit=100'[39m,
  method: [32m'get'[39m,
  status: [33m404[39m,
  errorCode: [90mundefined[39m,
  traceId: [1mnull[22m,
  message: [32m'Request failed with status code 404'[39m
}
[Fabric] Test query failed {
  queryKey: 
[32m'["graph","subgraph","missing","",2,100]'[39m,
  error: [32m'Request failed with status code 404'[39m
}

[90mstderr[2m | 
client/src/contexts/AuthContext.test.tsx[2m > 
[22m[2mAuthProvider[2m > [22m[2mhandleCallback[2m > 
[22m[2mexchanges code for tokens and sets auth state
[22m[39m[MSW] Warning: intercepted a request without a 
matching request handler:

  ΓÇó GET /api/v1/auth/me

If you still wish to intercept this unhandled request, 
please create a request handler for it.
Read more: https://mswjs.io/docs/http/intercepting-requests
[MSW] Warning: intercepted a request without a matching 
request handler:

  ΓÇó GET /api/v1/auth/csrf

If you still wish to intercept this unhandled request, 
please create a request handler for it.
Read more: https://mswjs.io/docs/http/intercepting-requests

[90mstderr[2m | client/src/pages/MyModels.test.tsx[2m > 
[22m[2mMyModels Page[2m > [22m[2mEmpty State[2m > 
[22m[2mshould show empty state when no models exist
[22m[39mEach child in a list should have a unique "key" 
prop.

Check the render method of `nav`. It was passed a child 
from FolderSidebar. See https://react.dev/link/warning-keys 
for more information.

[90mstderr[2m | 
client/src/hooks/useGraphQuery.comprehensive.test.ts[2m > 
[22m[2museSubgraph [L1-Unit-Async][2m > [22m[2merror 
cases[2m > [22m[2mhandles malformed response (validation 
error)
[22m[39m[Fabric] Test query failed {
  queryKey: 
[32m'["graph","subgraph","invalid","",2,100]'[39m,
  error: [32m'Validation failed for SubgraphResponse: 
root_entity_id: Invalid input: expected string, received 
undefined, nodes: Invalid input: expected array, received 
undefined, edges: Invalid input: expected array, received 
undefined, depth: Invalid input: expected number, received 
undefined, stats: Invalid input: expected object, received 
undefined'[39m
}

[90mstdout[2m | client/src/contexts/AuthContext.test.tsx[2m > [22m[2mAuthProvider[2m > [22m[2mhandleCallback[2m > [22m[2mexchanges code for tokens and sets auth state
[22m[39mpersistSession: NO-OP for httpOnly cookie auth

 [32mΓ£ô[39m client/src/pages/EntityBrowser.contract.test.tsx [2m([22m[2m10 tests[22m[2m)[22m[33m 449[2mms[22m[39m
[90mstderr[2m | 
client/src/contexts/AuthContext.test.tsx[2m > 
[22m[2mAuthProvider[2m > [22m[2mhandleCallback[2m > 
[22m[2mrejects when state parameter does not match
[22m[39m[MSW] Warning: intercepted a request without a 
matching request handler:

  ΓÇó GET /api/v1/auth/me

If you still wish to intercept this unhandled request, 
please create a request handler for it.
Read more: https://mswjs.io/docs/http/intercepting-requests
[MSW] Warning: intercepted a request without a matching 
request handler:

  ΓÇó GET /api/v1/auth/csrf

If you still wish to intercept this unhandled request, 
please create a request handler for it.
Read more: https://mswjs.io/docs/http/intercepting-requests

[90mstderr[2m | 
client/src/contexts/AuthContext.test.tsx[2m > 
[22m[2mAuthProvider[2m > [22m[2mhandleCallback[2m > 
[22m[2mrejects when state parameter does not match
[22m[39m[MSW] Warning: intercepted a request without a 
matching request handler:

  ΓÇó GET /api/v1/auth/me

If you still wish to intercept this unhandled request, 
please create a request handler for it.
Read more: https://mswjs.io/docs/http/intercepting-requests
[MSW] Warning: intercepted a request without a matching 
request handler:

  ΓÇó GET /api/v1/auth/csrf

If you still wish to intercept this unhandled request, 
please create a request handler for it.
Read more: https://mswjs.io/docs/http/intercepting-requests

 [32mΓ£ô[39m client/src/hooks/useGraphQuery.integration.test.ts [2m([22m[2m14 tests[22m[2m | [22m[33m5 skipped[39m[2m)[22m[33m 1078[2mms[22m[39m
[90mstderr[2m | 
client/src/contexts/AuthContext.test.tsx[2m > 
[22m[2mAuthProvider[2m > [22m[2mhandleCallback[2m > 
[22m[2mreturns false when callback endpoint returns error
[22m[39m[MSW] Warning: intercepted a request without a 
matching request handler:

  ΓÇó GET /api/v1/auth/me

If you still wish to intercept this unhandled request, 
please create a request handler for it.
Read more: https://mswjs.io/docs/http/intercepting-requests
[MSW] Warning: intercepted a request without a matching 
request handler:

  ΓÇó GET /api/v1/auth/csrf

If you still wish to intercept this unhandled request, 
please create a request handler for it.
Read more: https://mswjs.io/docs/http/intercepting-requests

[90mstderr[2m | 
client/src/contexts/AuthContext.test.tsx[2m > 
[22m[2mAuthProvider[2m > [22m[2mlogout[2m > 
[22m[2mclears all auth state and storage
[22m[39m[MSW] Warning: intercepted a request without a 
matching request handler:

  ΓÇó GET /api/v1/auth/me

If you still wish to intercept this unhandled request, 
please create a request handler for it.
Read more: https://mswjs.io/docs/http/intercepting-requests
[MSW] Warning: intercepted a request without a matching 
request handler:

  ΓÇó GET /api/v1/auth/csrf

If you still wish to intercept this unhandled request, 
please create a request handler for it.
Read more: https://mswjs.io/docs/http/intercepting-requests
TypeError: Invalid base URL: /login
    at new URLImpl [90m(C:\Users\BBB\Fabric_4L\frontend\[3
9mnode_modules\[4m.pnpm[24m\whatwg-url@16.0.1\node_modules
\[4mwhatwg-url[24m\lib\URL-impl.js:15:15[90m)[39m
    at Object.exports.setup [90m(C:\Users\BBB\Fabric_4L\fro
ntend\[39mnode_modules\[4m.pnpm[24m\whatwg-url@16.0.1\nod
e_modules\[4mwhatwg-url[24m\lib\URL.js:54:12[90m)[39m
    at new URL [90m(C:\Users\BBB\Fabric_4L\frontend\[39mno
de_modules\[4m.pnpm[24m\whatwg-url@16.0.1\node_modules\[4
mwhatwg-url[24m\lib\URL.js:115:22[90m)[39m
    at getAbsoluteUrl [90m(file:///C:/Users/BBB/Fabric_4L/f
rontend/[39mnode_modules/[4m.pnpm[24m/msw@2.13.2_@types+n
ode@24.7.0_typescript@5.6.3/node_modules/[4mmsw[24m/src/co
re/utils/url/getAbsoluteUrl.ts:23:17[90m)[39m
    at normalizePath [90m(file:///C:/Users/BBB/Fabric_4L/fr
ontend/[39mnode_modules/[4m.pnpm[24m/msw@2.13.2_@types+no
de@24.7.0_typescript@5.6.3/node_modules/[4mmsw[24m/src/cor
e/utils/matching/normalizePath.ts:19:28[90m)[39m
    at matchRequestUrl [90m(file:///C:/Users/BBB/Fabric_4L/
frontend/[39mnode_modules/[4m.pnpm[24m/msw@2.13.2_@types+
node@24.7.0_typescript@5.6.3/node_modules/[4mmsw[24m/src/c
ore/utils/matching/matchRequestUrl.ts:59:26[90m)[39m
    at HttpHandler.parse [90m(file:///C:/Users/BBB/Fabric_4
L/frontend/[39mnode_modules/[4m.pnpm[24m/msw@2.13.2_@type
s+node@24.7.0_typescript@5.6.3/node_modules/[4mmsw[24m/src
/core/handlers/HttpHandler.ts:156:9[90m)[39m
    at HttpHandler.run [90m(file:///C:/Users/BBB/Fabric_4L/
frontend/[39mnode_modules/[4m.pnpm[24m/msw@2.13.2_@types+
node@24.7.0_typescript@5.6.3/node_modules/[4mmsw[24m/src/c
ore/handlers/RequestHandler.ts:271:37[90m)[39m
    at executeHandlers [90m(file:///C:/Users/BBB/Fabric_4L/
frontend/[39mnode_modules/[4m.pnpm[24m/msw@2.13.2_@types+
node@24.7.0_typescript@5.6.3/node_modules/[4mmsw[24m/src/c
ore/utils/executeHandlers.ts:42:28[90m)[39m
[90m    at runNextTicks 
(node:internal/process/task_queues:65:5)[39m
[MSW] Encountered an unhandled exception during the handler 
lookup for "GET http://localhost:3000/api/v1/auth/csrf". 
Please see the original error above.

[90mstderr[2m | client/src/hooks/useVariables.test.ts[2m 
> [22m[2museVariable[2m > [22m[2mhandles variable not 
found
[22m[39m[Fabric] API request failed {
  url: [32m'/variables/non-existent'[39m,
  method: [32m'get'[39m,
  status: [33m404[39m,
  errorCode: [90mundefined[39m,
  traceId: [1mnull[22m,
  message: [32m'Request failed with status code 404'[39m
}
[Fabric] Test query failed {
  queryKey: 
[32m'["variables","detail","non-existent"]'[39m,
  error: [32m'Request failed with status code 404'[39m
}

[90mstderr[2m | 
client/src/contexts/AuthContext.test.tsx[2m > 
[22m[2mAuthProvider[2m > [22m[2mrefreshToken[2m > 
[22m[2mreturns true when token is valid
[22m[39m[MSW] Warning: intercepted a request without a 
matching request handler:

  ΓÇó GET /api/v1/auth/me

If you still wish to intercept this unhandled request, 
please create a request handler for it.
Read more: https://mswjs.io/docs/http/intercepting-requests
[MSW] Warning: intercepted a request without a matching 
request handler:

  ΓÇó GET /api/v1/auth/csrf

If you still wish to intercept this unhandled request, 
please create a request handler for it.
Read more: https://mswjs.io/docs/http/intercepting-requests

[90mstderr[2m | 
client/src/hooks/useGraphQuery.comprehensive.test.ts[2m > 
[22m[2museEntityContext [L1-Unit-Async][2m > 
[22m[2merror cases[2m > [22m[2mhandles entity not 
found (404)
[22m[39m[Fabric] API request failed {
  url: [32m'/entity/nonexistent/context?hops=2'[39m,
  method: [32m'get'[39m,
  status: [33m404[39m,
  errorCode: [90mundefined[39m,
  traceId: [1mnull[22m,
  message: [32m'Request failed with status code 404'[39m
}
[Fabric] Test query failed {
  queryKey: [32m'["graph","context","nonexistent",2]'[39m,
  error: [32m'Request failed with status code 404'[39m
}

[90mstderr[2m | 
client/src/contexts/AuthContext.test.tsx[2m > 
[22m[2mAuthProvider[2m > [22m[2mrefreshToken[2m > 
[22m[2mlogs out when token structure is invalid
[22m[39m[MSW] Warning: intercepted a request without a 
matching request handler:

  ΓÇó GET /api/v1/auth/me

If you still wish to intercept this unhandled request, 
please create a request handler for it.
Read more: https://mswjs.io/docs/http/intercepting-requests
[MSW] Warning: intercepted a request without a matching 
request handler:

  ΓÇó GET /api/v1/auth/csrf

If you still wish to intercept this unhandled request, 
please create a request handler for it.
Read more: https://mswjs.io/docs/http/intercepting-requests

 [31mΓ¥»[39m client/src/contexts/AuthContext.test.tsx [2m([22m[2m16 tests[22m[2m | [22m[31m3 failed[39m[2m | [22m[33m2 skipped[39m[2m)[22m[33m 1992[2mms[22m[39m
   [33m[2mΓ£ô[22m[39m AuthProvider[2m > [22minitialization[2m > [22minitializes as unauthenticated when no stored data [33m329[2mms[22m[39m
[31m   [31m├ù[31m AuthProvider[2m > [22minitialization[2m > [22mclears invalid stored data and initializes as unauthenticated[90m 106[2mms[22m[31m[39m
[31m     ΓåÆ expected 'some-token' to be null[39m
[31m   [31m├ù[31m AuthProvider[2m > [22mhandleCallback[2m > [22mexchanges code for tokens and sets auth state[90m 243[2mms[22m[31m[39m
[31m     ΓåÆ expected null to be 'new-access-token' // Object.is equality[39m
[31m   [31m├ù[31m AuthProvider[2m > [22mlogout[2m > [22mclears all auth state and storage[90m 96[2mms[22m[31m[39m
[31m     ΓåÆ expected 'token-123' to be null[39m
[90mstderr[2m | 
client/src/hooks/useGraphQuery.comprehensive.test.ts[2m > 
[22m[2museEntityContext [L1-Unit-Async][2m > 
[22m[2merror cases[2m > [22m[2mhandles invalid hops 
parameter
[22m[39m[Fabric] API request failed {
  url: [32m'/entity/entity-1/context?hops=-1'[39m,
  method: [32m'get'[39m,
  status: [33m400[39m,
  errorCode: [90mundefined[39m,
  traceId: [1mnull[22m,
  message: [32m'Request failed with status code 400'[39m
}
[Fabric] Test query failed {
  queryKey: [32m'["graph","context","entity-1",-1]'[39m,
  error: [32m'Request failed with status code 400'[39m
}

[90mstderr[2m | client/src/pages/ValuePacks.test.tsx
[22m[39m[Fabric] Environment variable VITE_L6_PREFIX not 
set, using fallback { fallback: [32m'/benchmarks'[39m }

[90mstderr[2m | 
client/src/hooks/useGraphQuery.comprehensive.test.ts[2m > 
[22m[2museGraphQuery [L1-Unit-Async][2m > [22m[2merror 
cases[2m > [22m[2mhandles invalid query parameters
[22m[39m[Fabric] API request failed {
  url: [32m'/query/graph'[39m,
  method: [32m'post'[39m,
  status: [33m400[39m,
  errorCode: [90mundefined[39m,
  traceId: [1mnull[22m,
  message: [32m'Request failed with status code 400'[39m
}
[Fabric] Test mutation failed {
  mutationKey: [90mundefined[39m,
  error: [32m'Request failed with status code 400'[39m
}
[Fabric] [Fabric][useGraphQuery] GraphRAG query failed { 
error: [32m'Request failed with status code 400'[39m }

[90mstderr[2m | 
client/src/pages/IngestionJobs.test.tsx[2m > 
[22m[2mIngestionJobs[2m > [22m[2mshows error state on 
API failure
[22m[39m[Fabric] Test query failed {
  queryKey: [32m'["ingestion","list","{\\"limit\\":15,\\"pa
ge\\":1,\\"sortBy\\":\\"created_at\\",\\"sortOrder\\":\\"des
c\\"}"]'[39m,
  error: [32m'Network error'[39m
}

[90mstderr[2m | 
client/src/hooks/usePlatformSettings.test.tsx[2m > 
[22m[2musePlatformSettings[2m > [22m[2mhandles error 
state
[22m[39m[Fabric] API request failed {
  url: [32m'/tenant/settings'[39m,
  method: [32m'get'[39m,
  status: [33m500[39m,
  errorCode: [90mundefined[39m,
  traceId: [1mnull[22m,
  message: [32m'Request failed with status code 500'[39m
}
[Fabric] API request failed {
  url: [90mundefined[39m,
  method: [90mundefined[39m,
  status: [90mundefined[39m,
  errorCode: [90mundefined[39m,
  traceId: [1mnull[22m,
  message: [32m'Request failed with status code 500'[39m
}
[Fabric] API request failed {
  url: [90mundefined[39m,
  method: [90mundefined[39m,
  status: [90mundefined[39m,
  errorCode: [90mundefined[39m,
  traceId: [1mnull[22m,
  message: [32m'Request failed with status code 500'[39m
}
[Fabric] API request failed {
  url: [90mundefined[39m,
  method: [90mundefined[39m,
  status: [90mundefined[39m,
  errorCode: [90mundefined[39m,
  traceId: [1mnull[22m,
  message: [32m'Request failed with status code 500'[39m
}
[Fabric] Test query failed {
  queryKey: [32m'["platform","settings"]'[39m,
  error: [32m'Request failed with status code 500'[39m
}

[90mstderr[2m | client/src/pages/MyModels.test.tsx[2m > 
[22m[2mMyModels Page[2m > [22m[2mError State[2m > 
[22m[2mshould show error state when API fails
[22m[39m[Fabric] Test query failed {
  queryKey: [32m'["models","list","{\\"sortBy\\":\\"updated
At\\",\\"sortDir\\":\\"desc\\"}"]'[39m,
  error: [32m'API Error'[39m
}
[Fabric] Test query failed { queryKey: 
[32m'["models","folders"]'[39m, error: [32m'API 
Error'[39m }

[90mstderr[2m | 
client/src/hooks/useFormulaVersions.test.ts[2m > 
[22m[2museFormulaVersions[2m > [22m[2mhandles network 
error gracefully
[22m[39m[Fabric] API request failed {
  url: [32m'/formulas/network-error/versions?include_retire
d=false'[39m,
  method: [32m'get'[39m,
  status: [90mundefined[39m,
  errorCode: [90mundefined[39m,
  traceId: [1mnull[22m,
  message: [32m'Network Error'[39m
}
[Fabric] API request failed {
  url: [90mundefined[39m,
  method: [90mundefined[39m,
  status: [90mundefined[39m,
  errorCode: [90mundefined[39m,
  traceId: [1mnull[22m,
  message: [32m'Network Error'[39m
}
[Fabric] API request failed {
  url: [90mundefined[39m,
  method: [90mundefined[39m,
  status: [90mundefined[39m,
  errorCode: [90mundefined[39m,
  traceId: [1mnull[22m,
  message: [32m'Network Error'[39m
}
[Fabric] API request failed {
  url: [90mundefined[39m,
  method: [90mundefined[39m,
  status: [90mundefined[39m,
  errorCode: [90mundefined[39m,
  traceId: [1mnull[22m,
  message: [32m'Network Error'[39m
}
[Fabric] Test query failed {
  queryKey: 
[32m'["formulas","versions","network-error",false]'[39m,
  error: [32m'Network Error'[39m
}
Unhandled rejection in test: ApiError: Network Error
    at [90mC:\Users\BBB\Fabric_4L\frontend\[39mclient\src\
api\client.ts:284:28
    at Axios.request [90m(file:///C:/Users/BBB/Fabric_4L/fr
ontend/[39mnode_modules/[4m.pnpm[24m/axios@1.15.2/node_mo
dules/[4maxios[24m/lib/core/Axios.js:41:14[90m)[39m {
  traceId: [1mnull[22m,
  statusCode: [33m500[39m,
  errorCode: [32m'INTERNAL_ERROR'[39m
}

[90mstderr[2m | 
client/src/hooks/usePlatformSettings.test.tsx[2m > 
[22m[2musePlatformSettings[2m > [22m[2mhandles 404 not 
found
[22m[39m[Fabric] API request failed {
  url: [32m'/tenant/settings'[39m,
  method: [32m'get'[39m,
  status: [33m404[39m,
  errorCode: [90mundefined[39m,
  traceId: [1mnull[22m,
  message: [32m'Request failed with status code 404'[39m
}
[Fabric] Test query failed {
  queryKey: [32m'["platform","settings"]'[39m,
  error: [32m'Request failed with status code 404'[39m
}

 [32mΓ£ô[39m client/src/pages/MyModels.test.tsx [2m([22m[2m13 tests[22m[2m)[22m[33m 1555[2mms[22m[39m
   [33m[2mΓ£ô[22m[39m MyModels Page[2m > [22mEmpty State[2m > [22mshould show empty state when no models exist [33m491[2mms[22m[39m
[90mstderr[2m | 
client/src/hooks/useGraphQuery.comprehensive.test.ts[2m > 
[22m[2museEntityTraversal [L1-Unit-Async][2m > 
[22m[2merror cases[2m > [22m[2mhandles invalid 
direction
[22m[39m[Fabric] API request failed {
  url: [32m'/entity/traverse'[39m,
  method: [32m'post'[39m,
  status: [33m400[39m,
  errorCode: [90mundefined[39m,
  traceId: [1mnull[22m,
  message: [32m'Request failed with status code 400'[39m
}
[Fabric] Test mutation failed {
  mutationKey: [90mundefined[39m,
  error: [32m'Request failed with status code 400'[39m
}
[Fabric] [Fabric][useGraphQuery] Entity traversal failed { 
error: [32m'Request failed with status code 400'[39m }

[90mstderr[2m | 
client/src/hooks/usePlatformSettings.test.tsx[2m > 
[22m[2museUpdatePlatformSettings[2m > [22m[2mhandles 
update error
[22m[39m[Fabric] API request failed {
  url: [32m'/tenant/settings'[39m,
  method: [32m'patch'[39m,
  status: [33m403[39m,
  errorCode: [90mundefined[39m,
  traceId: [1mnull[22m,
  message: [32m'Request failed with status code 403'[39m
}
[Fabric] Test mutation failed {
  mutationKey: [90mundefined[39m,
  error: [32m'Request failed with status code 403'[39m
}

[90mstderr[2m | 
client/src/hooks/useGraphQuery.comprehensive.test.ts[2m > 
[22m[2museEntityTraversal [L1-Unit-Async][2m > 
[22m[2merror cases[2m > [22m[2mhandles non-existent 
entity
[22m[39m[Fabric] API request failed {
  url: [32m'/entity/traverse'[39m,
  method: [32m'post'[39m,
  status: [33m404[39m,
  errorCode: [90mundefined[39m,
  traceId: [1mnull[22m,
  message: [32m'Request failed with status code 404'[39m
}
[Fabric] Test mutation failed {
  mutationKey: [90mundefined[39m,
  error: [32m'Request failed with status code 404'[39m
}
[Fabric] [Fabric][useGraphQuery] Entity traversal failed { 
error: [32m'Request failed with status code 404'[39m }

[90mstderr[2m | 
client/src/hooks/useFormulaVersions.test.ts[2m > 
[22m[2museFormulaGovernance[2m > [22m[2mhandles 
governance not found error
[22m[39m[Fabric] API request failed {
  url: [32m'/formulas/nonexistent/governance'[39m,
  method: [32m'get'[39m,
  status: [33m404[39m,
  errorCode: [90mundefined[39m,
  traceId: [1mnull[22m,
  message: [32m'Request failed with status code 404'[39m
}
[Fabric] Test query failed {
  queryKey: 
[32m'["formulas","governance","nonexistent"]'[39m,
  error: [32m'Request failed with status code 404'[39m
}

 [32mΓ£ô[39m client/src/hooks/useGraphQuery.comprehensive.test.ts [2m([22m[2m54 tests[22m[2m | [22m[33m3 skipped[39m[2m)[22m[33m 2401[2mms[22m[39m
[90mstderr[2m | client/src/hooks/useVariables.test.ts[2m 
> [22m[2museValidateVariable[2m > [22m[2mhandles 
validation error for missing variable
[22m[39m[Fabric] API request failed {
  url: [32m'/variables/non-existent/validate'[39m,
  method: [32m'post'[39m,
  status: [33m404[39m,
  errorCode: [90mundefined[39m,
  traceId: [1mnull[22m,
  message: [32m'Request failed with status code 404'[39m
}
[Fabric] Test mutation failed {
  mutationKey: [90mundefined[39m,
  error: [32m'Request failed with status code 404'[39m
}

[90mstderr[2m | client/src/hooks/useFormulas.test.ts[2m 
> [22m[2museFormulas[2m > [22m[2mhandles API errors
[22m[39m[Fabric] API request failed {
  url: [32m'/formulas?'[39m,
  method: [32m'get'[39m,
  status: [33m500[39m,
  errorCode: [90mundefined[39m,
  traceId: [1mnull[22m,
  message: [32m'Request failed with status code 500'[39m
}
[Fabric] API request failed {
  url: [90mundefined[39m,
  method: [90mundefined[39m,
  status: [90mundefined[39m,
  errorCode: [90mundefined[39m,
  traceId: [1mnull[22m,
  message: [32m'Request failed with status code 500'[39m
}
[Fabric] API request failed {
  url: [90mundefined[39m,
  method: [90mundefined[39m,
  status: [90mundefined[39m,
  errorCode: [90mundefined[39m,
  traceId: [1mnull[22m,
  message: [32m'Request failed with status code 500'[39m
}
[Fabric] API request failed {
  url: [90mundefined[39m,
  method: [90mundefined[39m,
  status: [90mundefined[39m,
  errorCode: [90mundefined[39m,
  traceId: [1mnull[22m,
  message: [32m'Request failed with status code 500'[39m
}
[Fabric] Test query failed {
  queryKey: [32m'["formulas","list",{}]'[39m,
  error: [32m'Request failed with status code 500'[39m
}

 [32mΓ£ô[39m client/src/hooks/useFormulaVersions.test.ts [2m([22m[2m13 tests[22m[2m)[22m[33m 2668[2mms[22m[39m
   [33m[2mΓ£ô[22m[39m useFormulaVersions[2m > [22mhandles network error gracefully [33m1672[2mms[22m[39m
 [32mΓ£ô[39m client/src/hooks/useVariables.test.ts [2m([22m[2m16 tests[22m[2m)[22m[33m 2556[2mms[22m[39m
   [33m[2mΓ£ô[22m[39m useVariables[2m > [22mfetches all variables [33m365[2mms[22m[39m
[90mstderr[2m | client/src/hooks/useFormulas.test.ts[2m 
> [22m[2museFormula[2m > [22m[2mhandles formula not 
found
[22m[39m[Fabric] API request failed {
  url: [32m'/formulas/non-existent'[39m,
  method: [32m'get'[39m,
  status: [33m404[39m,
  errorCode: [90mundefined[39m,
  traceId: [1mnull[22m,
  message: [32m'Request failed with status code 404'[39m
}
[Fabric] Test query failed {
  queryKey: 
[32m'["formulas","detail","non-existent"]'[39m,
  error: [32m'Request failed with status code 404'[39m
}

 [32mΓ£ô[39m client/src/hooks/usePlatformSettings.test.tsx [2m([22m[2m16 tests[22m[2m | [22m[33m2 skipped[39m[2m)[22m[33m 3300[2mms[22m[39m
   [33m[2mΓ£ô[22m[39m usePlatformSettings[2m > [22mhandles error state [33m1667[2mms[22m[39m
[90mstderr[2m | client/src/hooks/useFormulas.test.ts[2m 
> [22m[2museApproveFormula[2m > [22m[2mhandles 
approval error
[22m[39m[Fabric] API request failed {
  url: [32m'/formulas/non-existent/approve'[39m,
  method: [32m'post'[39m,
  status: [33m404[39m,
  errorCode: [90mundefined[39m,
  traceId: [1mnull[22m,
  message: [32m'Request failed with status code 404'[39m
}
[Fabric] Test mutation failed {
  mutationKey: [90mundefined[39m,
  error: [32m'Request failed with status code 404'[39m
}
[Fabric] [Fabric][useFormulas] Formula approval failed { 
error: [32m'Request failed with status code 404'[39m }

 [32mΓ£ô[39m client/src/hooks/useGraphQuery.property.test.ts [2m([22m[2m12 tests[22m[2m | [22m[33m3 skipped[39m[2m)[22m[33m 3656[2mms[22m[39m
   [33m[2mΓ£ô[22m[39m useSubgraph Properties [L3-Property][2m > [22mproperty: never throws on valid inputs [33m1236[2mms[22m[39m
   [33m[2mΓ£ô[22m[39m useSubgraph Properties [L3-Property][2m > [22mproperty: all edges reference existing nodes (coherence) [33m2282[2mms[22m[39m
[90mstderr[2m | client/src/hooks/useFormulas.test.ts[2m 
> [22m[2museSubmitFormula[2m > [22m[2mhandles 
submission error
[22m[39m[Fabric] API request failed {
  url: [32m'/formulas/already-submitted/submit'[39m,
  method: [32m'post'[39m,
  status: [33m409[39m,
  errorCode: [90mundefined[39m,
  traceId: [1mnull[22m,
  message: [32m'Request failed with status code 409'[39m
}
[Fabric] Test mutation failed {
  mutationKey: [90mundefined[39m,
  error: [32m'Request failed with status code 409'[39m
}
[Fabric] [Fabric][useFormulas] Formula submission failed { 
error: [32m'Request failed with status code 409'[39m }

[90mstderr[2m | 
client/src/hooks/useFormulaDependents.test.ts
[22m[39m[Fabric] Environment variable VITE_L6_PREFIX not 
set, using fallback { fallback: [32m'/benchmarks'[39m }

[90mstdout[2m | client/src/hooks/useGraphQuery.performance.test.ts[2m > [22m[2museSubgraph Performance [L4-Performance][2m > [22m[2mloads medium graph (100-500 nodes) in < 200ms
[22m[39mMedium graph: mean=77.66ms, p95=124.27ms

[90mstderr[2m | client/src/hooks/useFormulas.test.ts[2m 
> [22m[2museUpdateFormula[2m > [22m[2mhandles update 
error
[22m[39m[Fabric] API request failed {
  url: [32m'/formulas/non-existent'[39m,
  method: [32m'patch'[39m,
  status: [33m404[39m,
  errorCode: [90mundefined[39m,
  traceId: [1mnull[22m,
  message: [32m'Request failed with status code 404'[39m
}
[Fabric] Test mutation failed {
  mutationKey: [90mundefined[39m,
  error: [32m'Request failed with status code 404'[39m
}
[Fabric] [Fabric][useFormulas] Formula update failed { 
error: [32m'Request failed with status code 404'[39m }

 [32mΓ£ô[39m client/src/hooks/useFormulas.test.ts [2m([22m[2m17 tests[22m[2m)[22m[33m 4233[2mms[22m[39m
   [33m[2mΓ£ô[22m[39m useFormulas[2m > [22mfetches all formulas [33m422[2mms[22m[39m
   [33m[2mΓ£ô[22m[39m useFormulas[2m > [22mhandles API errors [33m1701[2mms[22m[39m
[90mstderr[2m | 
client/src/hooks/useFormulaDependents.test.ts[2m > 
[22m[2museFormulaDependents[2m > [22m[2mhandles error 
fetching dependents
[22m[39m[Fabric] API request failed {
  url: [32m'/formulas/invalid-id/dependencies?direction=inc
oming'[39m,
  method: [32m'get'[39m,
  status: [33m404[39m,
  errorCode: [90mundefined[39m,
  traceId: [1mnull[22m,
  message: [32m'Request failed with status code 404'[39m
}
[Fabric] Test query failed {
  queryKey: 
[32m'["formulas","dependents","invalid-id"]'[39m,
  error: [32m'Request failed with status code 404'[39m
}

[90mstderr[2m | client/src/hooks/useWorkflows.test.ts
[22m[39m[Fabric] Environment variable VITE_L6_PREFIX not 
set, using fallback { fallback: [32m'/benchmarks'[39m }

 [32mΓ£ô[39m client/src/hooks/useProvenance.test.tsx [2m([22m[2m10 tests[22m[2m)[22m[33m 585[2mms[22m[39m
[90mstderr[2m | 
client/src/pages/IngestionJobs.test.tsx[2m > 
[22m[2mIngestionJobs[2m > [22m[2mshows mutation error 
when cancel fails
[22m[39m[Fabric] Test mutation failed { mutationKey: 
[90mundefined[39m, error: [32m'Cannot cancel completed 
job'[39m }

 [32mΓ£ô[39m client/src/pages/IngestionJobs.test.tsx [2m([22m[2m19 tests[22m[2m)[22m[33m 4007[2mms[22m[39m
   [33m[2mΓ£ô[22m[39m IngestionJobs[2m > [22mshows loading state during initial load [33m399[2mms[22m[39m
   [33m[2mΓ£ô[22m[39m IngestionJobs[2m > [22mfilters by date range [33m526[2mms[22m[39m
 [32mΓ£ô[39m client/src/components/WfPrimitives.test.tsx [2m([22m[2m34 tests[22m[2m)[22m[33m 613[2mms[22m[39m
[90mstderr[2m | client/src/hooks/useHealthMonitor.test.ts
[22m[39m[Fabric] Environment variable VITE_L6_PREFIX not 
set, using fallback { fallback: [32m'/benchmarks'[39m }

[90mstdout[2m | client/src/hooks/useGraphQuery.performance.test.ts[2m > [22m[2museSubgraph Performance [L4-Performance][2m > [22m[2mloads large graph (500+ nodes) in < 500ms
[22m[39mLarge graph: mean=74.71ms, max=84.63ms

[90mstdout[2m | client/src/hooks/useGraphQuery.performance.test.ts[2m > [22m[2museGraphViewState Performance [L4-Performance][2m > [22m[2mstate updates complete in < 1ms
[22m[39m1000 zoom operations: 34.72ms (0.035ms/op)

[90mstdout[2m | client/src/hooks/useGraphQuery.performance.test.ts[2m > [22m[2museGraphViewState Performance [L4-Performance][2m > [22m[2mpan operations support 60fps (16ms budget)
[22m[39mPan p95: 0.04ms (budget: 16ms)

[90mstderr[2m | client/src/hooks/useGraphQuery.test.ts
[22m[39m[Fabric] Environment variable VITE_L6_PREFIX not 
set, using fallback { fallback: [32m'/benchmarks'[39m }

[90mstderr[2m | client/src/hooks/useJobStream.test.ts
[22m[39m[Fabric] Environment variable VITE_L6_PREFIX not 
set, using fallback { fallback: [32m'/benchmarks'[39m }

[90mstderr[2m | client/src/hooks/useBilling.test.tsx[2m 
> [22m[2museBilling[2m > [22m[2mshould handle 
subscription error
[22m[39m[Fabric] Test query failed {
  queryKey: 
[32m'["billing","subscription","user_123"]'[39m,
  error: [32m'Failed to fetch'[39m
}

[90mstderr[2m | client/src/hooks/useBilling.test.tsx[2m 
> [22m[2museBilling[2m > [22m[2mshould open customer 
portal
[22m[39mAn update to TestComponent inside a test was not 
wrapped in act(...).

When testing, code that causes React state updates should 
be wrapped into act(...):

act(() => {
  /* fire events that update state */
});
/* assert on the output */

This ensures that you're testing the behavior the user 
would see in the browser. Learn more at 
https://react.dev/link/wrap-tests-with-act
An update to TestComponent inside a test was not wrapped in 
act(...).

When testing, code that causes React state updates should 
be wrapped into act(...):

act(() => {
  /* fire events that update state */
});
/* assert on the output */

This ensures that you're testing the behavior the user 
would see in the browser. Learn more at 
https://react.dev/link/wrap-tests-with-act

[90mstderr[2m | client/src/hooks/useBilling.test.tsx[2m 
> [22m[2museBilling[2m > [22m[2mshould initiate 
checkout for upgrade
[22m[39mAn update to TestComponent inside a test was not 
wrapped in act(...).

When testing, code that causes React state updates should 
be wrapped into act(...):

act(() => {
  /* fire events that update state */
});
/* assert on the output */

This ensures that you're testing the behavior the user 
would see in the browser. Learn more at 
https://react.dev/link/wrap-tests-with-act

[90mstderr[2m | client/src/pages/admin/AdminPages.test.tsx
[22m[39m[Fabric] Environment variable VITE_L6_PREFIX not 
set, using fallback { fallback: [32m'/benchmarks'[39m }

[90mstderr[2m | client/src/hooks/useJobStream.test.ts[2m 
> [22m[2museJobStream[2m > [22m[2mhandles connection 
errors gracefully
[22m[39m[Fabric] API request failed {
  url: [32m'/jobs/non-existent-job'[39m,
  method: [32m'get'[39m,
  status: [33m404[39m,
  errorCode: [90mundefined[39m,
  traceId: [1mnull[22m,
  message: [32m'Request failed with status code 404'[39m
}

 [32mΓ£ô[39m client/src/hooks/useBilling.test.tsx [2m([22m[2m10 tests[22m[2m)[22m[33m 500[2mms[22m[39m
[90mstderr[2m | 
client/src/hooks/useFormulaDependents.test.ts[2m > 
[22m[2museFormulaDependencies[2m > [22m[2mhandles 
error fetching dependencies
[22m[39m[Fabric] API request failed {
  url: [32m'/formulas/error-formula/dependencies?direction=
outgoing'[39m,
  method: [32m'get'[39m,
  status: [33m500[39m,
  errorCode: [90mundefined[39m,
  traceId: [1mnull[22m,
  message: [32m'Request failed with status code 500'[39m
}
[Fabric] API request failed {
  url: [90mundefined[39m,
  method: [90mundefined[39m,
  status: [90mundefined[39m,
  errorCode: [90mundefined[39m,
  traceId: [1mnull[22m,
  message: [32m'Request failed with status code 500'[39m
}
[Fabric] API request failed {
  url: [90mundefined[39m,
  method: [90mundefined[39m,
  status: [90mundefined[39m,
  errorCode: [90mundefined[39m,
  traceId: [1mnull[22m,
  message: [32m'Request failed with status code 500'[39m
}
[Fabric] API request failed {
  url: [90mundefined[39m,
  method: [90mundefined[39m,
  status: [90mundefined[39m,
  errorCode: [90mundefined[39m,
  traceId: [1mnull[22m,
  message: [32m'Request failed with status code 500'[39m
}
[Fabric] Test query failed {
  queryKey: 
[32m'["formulas","dependencies","error-formula"]'[39m,
  error: [32m'Request failed with status code 500'[39m
}

 [32mΓ£ô[39m client/src/hooks/useFormulaDependents.test.ts [2m([22m[2m10 tests[22m[2m)[22m[33m 2421[2mms[22m[39m
   [33m[2mΓ£ô[22m[39m useFormulaDependencies[2m > [22mhandles error fetching dependencies [33m1676[2mms[22m[39m
[90mstderr[2m | client/src/hooks/useOpportunities.test.ts
[22m[39m[Fabric] Environment variable VITE_L6_PREFIX not 
set, using fallback { fallback: [32m'/benchmarks'[39m }

[90mstderr[2m | client/src/hooks/useJobStream.test.ts[2m 
> [22m[2museJobStream[2m > [22m[2mdetermines streaming 
state correctly
[22m[39m[Fabric] API request failed {
  url: [32m'/jobs/failed-job'[39m,
  method: [32m'get'[39m,
  status: [90mundefined[39m,
  errorCode: [90mundefined[39m,
  traceId: [1mnull[22m,
  message: [32m'canceled'[39m
}
[Fabric] API request failed {
  url: [90mundefined[39m,
  method: [90mundefined[39m,
  status: [90mundefined[39m,
  errorCode: [90mundefined[39m,
  traceId: [1mnull[22m,
  message: [32m'canceled'[39m
}
[Fabric] API request failed {
  url: [90mundefined[39m,
  method: [90mundefined[39m,
  status: [90mundefined[39m,
  errorCode: [90mundefined[39m,
  traceId: [1mnull[22m,
  message: [32m'canceled'[39m
}
[Fabric] API request failed {
  url: [90mundefined[39m,
  method: [90mundefined[39m,
  status: [90mundefined[39m,
  errorCode: [90mundefined[39m,
  traceId: [1mnull[22m,
  message: [32m'canceled'[39m
}
Unhandled rejection in test: ApiError: canceled
    at [90mC:\Users\BBB\Fabric_4L\frontend\[39mclient\src\
api\client.ts:284:28
    at Axios.request [90m(file:///C:/Users/BBB/Fabric_4L/fr
ontend/[39mnode_modules/[4m.pnpm[24m/axios@1.15.2/node_mo
dules/[4maxios[24m/lib/core/Axios.js:41:14[90m)[39m {
  traceId: [1mnull[22m,
  statusCode: [33m500[39m,
  errorCode: [32m'INTERNAL_ERROR'[39m
}

 [32mΓ£ô[39m client/src/hooks/useJobStream.test.ts [2m([22m[2m9 tests[22m[2m)[22m[33m 586[2mms[22m[39m
   [33m[2mΓ£ô[22m[39m useJobStream[2m > [22mhandles connection errors gracefully [33m315[2mms[22m[39m
[90mstderr[2m | client/src/hooks/useWorkflows.test.ts[2m 
> [22m[2museActiveWorkflows[2m > [22m[2mhandles API 
error
[22m[39m[Fabric] API request failed {
  url: [32m'/workflows/active?limit=50&offset=0'[39m,
  method: [32m'get'[39m,
  status: [33m500[39m,
  errorCode: [90mundefined[39m,
  traceId: [1mnull[22m,
  message: [32m'Request failed with status code 500'[39m
}
[Fabric] API request failed {
  url: [90mundefined[39m,
  method: [90mundefined[39m,
  status: [90mundefined[39m,
  errorCode: [90mundefined[39m,
  traceId: [1mnull[22m,
  message: [32m'Request failed with status code 500'[39m
}
[Fabric] API request failed {
  url: [90mundefined[39m,
  method: [90mundefined[39m,
  status: [90mundefined[39m,
  errorCode: [90mundefined[39m,
  traceId: [1mnull[22m,
  message: [32m'Request failed with status code 500'[39m
}
[Fabric] API request failed {
  url: [90mundefined[39m,
  method: [90mundefined[39m,
  status: [90mundefined[39m,
  errorCode: [90mundefined[39m,
  traceId: [1mnull[22m,
  message: [32m'Request failed with status code 500'[39m
}
[Fabric] Test query failed {
  queryKey: 
[32m'["workflows","active",{"limit":50,"offset":0}]'[39m,
  error: [32m'Request failed with status code 500'[39m
}

[90mstderr[2m | 
client/src/hooks/useGraphQuery.test.ts[2m > 
[22m[2museEntityContext[2m > [22m[2mhandles entity not 
found
[22m[39m[Fabric] API request failed {
  url: [32m'/entity/non-existent/context?hops=2'[39m,
  method: [32m'get'[39m,
  status: [33m404[39m,
  errorCode: [90mundefined[39m,
  traceId: [1mnull[22m,
  message: [32m'Request failed with status code 404'[39m
}
[Fabric] Test query failed {
  queryKey: 
[32m'["graph","context","non-existent",2]'[39m,
  error: [32m'Request failed with status code 404'[39m
}

 [32mΓ£ô[39m client/src/hooks/useOpportunities.test.ts [2m([22m[2m8 tests[22m[2m | [22m[33m4 skipped[39m[2m)[22m[33m 562[2mms[22m[39m
[90mstderr[2m | client/src/api/client.test.ts
[22m[39m[Fabric] Environment variable VITE_L6_PREFIX not 
set, using fallback { fallback: [32m'/benchmarks'[39m }

[90mstderr[2m | 
client/src/hooks/useGraphQuery.test.ts[2m > 
[22m[2museEntityTraversal[2m > [22m[2mhandles 
traversal errors
[22m[39m[Fabric] API request failed {
  url: [32m'/entity/traverse'[39m,
  method: [32m'post'[39m,
  status: [33m400[39m,
  errorCode: [90mundefined[39m,
  traceId: [1mnull[22m,
  message: [32m'Request failed with status code 400'[39m
}
[Fabric] Test mutation failed {
  mutationKey: [90mundefined[39m,
  error: [32m'Request failed with status code 400'[39m
}
[Fabric] [Fabric][useGraphQuery] Entity traversal failed { 
error: [32m'Request failed with status code 400'[39m }

[90mstderr[2m | client/src/hooks/useWorkflows.test.ts[2m 
> [22m[2museCreateWorkflow[2m > [22m[2mhandles 
creation error
[22m[39m[Fabric] API request failed {
  url: [32m'/workflows'[39m,
  method: [32m'post'[39m,
  status: [33m400[39m,
  errorCode: [90mundefined[39m,
  traceId: [1mnull[22m,
  message: [32m'Request failed with status code 400'[39m
}
[Fabric] Test mutation failed {
  mutationKey: [90mundefined[39m,
  error: [32m'Request failed with status code 400'[39m
}

[90mstderr[2m | 
client/src/hooks/useHealthMonitor.test.ts[2m > 
[22m[2museSystemHealth[2m > [22m[2mhandles error state
[22m[39m[Fabric] API request failed {
  url: [32m'/health'[39m,
  method: [32m'get'[39m,
  status: [33m503[39m,
  errorCode: [90mundefined[39m,
  traceId: [1mnull[22m,
  message: [32m'Request failed with status code 503'[39m
}
[Fabric] API request failed {
  url: [90mundefined[39m,
  method: [90mundefined[39m,
  status: [90mundefined[39m,
  errorCode: [90mundefined[39m,
  traceId: [1mnull[22m,
  message: [32m'Request failed with status code 503'[39m
}
[Fabric] API request failed {
  url: [90mundefined[39m,
  method: [90mundefined[39m,
  status: [90mundefined[39m,
  errorCode: [90mundefined[39m,
  traceId: [1mnull[22m,
  message: [32m'Request failed with status code 503'[39m
}
[Fabric] API request failed {
  url: [90mundefined[39m,
  method: [90mundefined[39m,
  status: [90mundefined[39m,
  errorCode: [90mundefined[39m,
  traceId: [1mnull[22m,
  message: [32m'Request failed with status code 503'[39m
}
[Fabric] Test query failed {
  queryKey: [32m'["platform","health"]'[39m,
  error: [32m'Request failed with status code 503'[39m
}

 [32mΓ£ô[39m client/src/hooks/useGraphQuery.test.ts [2m([22m[2m12 tests[22m[2m | [22m[33m1 skipped[39m[2m)[22m[33m 1969[2mms[22m[39m
   [33m[2mΓ£ô[22m[39m useGraphQuery[2m > [22mexecutes graph query successfully [33m376[2mms[22m[39m
 [32mΓ£ô[39m client/src/hooks/useHealthMonitor.test.ts [2m([22m[2m9 tests[22m[2m)[22m[33m 2375[2mms[22m[39m
   [33m[2mΓ£ô[22m[39m useSystemHealth[2m > [22mhandles error state [33m1620[2mms[22m[39m
[90mstderr[2m | client/src/hooks/useWorkflows.test.ts[2m 
> [22m[2museCancelWorkflow[2m > [22m[2mhandles 
cancellation error
[22m[39m[Fabric] API request failed {
  url: [32m'/workflows/non-existent-wf'[39m,
  method: [32m'delete'[39m,
  status: [33m404[39m,
  errorCode: [90mundefined[39m,
  traceId: [1mnull[22m,
  message: [32m'Request failed with status code 404'[39m
}
[Fabric] Test mutation failed {
  mutationKey: [90mundefined[39m,
  error: [32m'Request failed with status code 404'[39m
}

 [32mΓ£ô[39m client/src/hooks/useWorkflows.test.ts [2m([22m[2m12 tests[22m[2m)[22m[33m 3636[2mms[22m[39m
   [33m[2mΓ£ô[22m[39m useActiveWorkflows[2m > [22mhandles API error [33m1839[2mms[22m[39m
   [33m[2mΓ£ô[22m[39m useCancelWorkflow[2m > [22mcancels workflow successfully [33m681[2mms[22m[39m
 [32mΓ£ô[39m client/src/pages/drivers/DriverTreePage.test.tsx [2m([22m[2m4 tests[22m[2m)[22m[90m 168[2mms[22m[39m
[90mstderr[2m | client/src/hooks/useBenchmarks.test.ts
[22m[39m[Fabric] Environment variable VITE_L6_PREFIX not 
set, using fallback { fallback: [32m'/benchmarks'[39m }

[90mstderr[2m | client/src/api/client.test.ts[2m > 
[22m[2mApiClient[2m > [22m[2merror handling[2m > 
[22m[2mshould throw on network errors
[22m[39m[Fabric] API request failed {
  url: [32m'/test'[39m,
  method: [32m'get'[39m,
  status: [90mundefined[39m,
  errorCode: [90mundefined[39m,
  traceId: [1mnull[22m,
  message: [32m'Network Error'[39m
}
[Fabric] API request failed {
  url: [90mundefined[39m,
  method: [90mundefined[39m,
  status: [90mundefined[39m,
  errorCode: [90mundefined[39m,
  traceId: [1mnull[22m,
  message: [32m'Network Error'[39m
}
[Fabric] API request failed {
  url: [90mundefined[39m,
  method: [90mundefined[39m,
  status: [90mundefined[39m,
  errorCode: [90mundefined[39m,
  traceId: [1mnull[22m,
  message: [32m'Network Error'[39m
}
[Fabric] API request failed {
  url: [90mundefined[39m,
  method: [90mundefined[39m,
  status: [90mundefined[39m,
  errorCode: [90mundefined[39m,
  traceId: [1mnull[22m,
  message: [32m'Network Error'[39m
}

[90mstderr[2m | client/src/api/client.test.ts[2m > 
[22m[2mApiClient[2m > [22m[2merror handling[2m > 
[22m[2mshould throw on HTTP error status
[22m[39mUnhandled rejection in test: ApiError: Network 
Error
    at [90mC:\Users\BBB\Fabric_4L\frontend\[39mclient\src\
api\client.ts:284:28
    at Axios.request [90m(file:///C:/Users/BBB/Fabric_4L/fr
ontend/[39mnode_modules/[4m.pnpm[24m/axios@1.15.2/node_mo
dules/[4maxios[24m/lib/core/Axios.js:41:14[90m)[39m {
  traceId: [1mnull[22m,
  statusCode: [33m500[39m,
  errorCode: [32m'INTERNAL_ERROR'[39m
}

[90mstderr[2m | client/src/pages/GraphExplorer.test.tsx
[22m[39m[Fabric] Environment variable VITE_L6_PREFIX not 
set, using fallback { fallback: [32m'/benchmarks'[39m }

 [32mΓ£ô[39m client/src/pages/AgentWorkflows.test.tsx [2m([22m[2m6 tests[22m[2m)[22m[33m 582[2mms[22m[39m
[90mstderr[2m | client/src/pages/BusinessCase.test.tsx
[22m[39m[Fabric] Environment variable VITE_L6_PREFIX not 
set, using fallback { fallback: [32m'/benchmarks'[39m }

 [32mΓ£ô[39m client/src/components/layout/GlobalLayout.test.tsx [2m([22m[2m10 tests[22m[2m)[22m[90m 130[2mms[22m[39m
[90mstderr[2m | 
client/src/pages/BusinessCase.test.tsx[2m > 
[22m[2mBusinessCase[2m > [22m[2mrenders with business 
case data
[22m[39m[Fabric] Deduplicating identical in-flight GET 
request { path: [32m'/analysis/cases/test-case-123'[39m, 
layer: [32m'l4'[39m }

[90mstderr[2m | client/src/api/client.test.ts[2m > 
[22m[2mApiClient[2m > [22m[2merror handling[2m > 
[22m[2mshould throw on HTTP error status
[22m[39m[Fabric] API request failed {
  url: [32m'/test'[39m,
  method: [32m'get'[39m,
  status: [33m500[39m,
  errorCode: [90mundefined[39m,
  traceId: [1mnull[22m,
  message: [32m'Request failed with status code 500'[39m
}
[Fabric] API request failed {
  url: [90mundefined[39m,
  method: [90mundefined[39m,
  status: [90mundefined[39m,
  errorCode: [90mundefined[39m,
  traceId: [1mnull[22m,
  message: [32m'Request failed with status code 500'[39m
}
[Fabric] API request failed {
  url: [90mundefined[39m,
  method: [90mundefined[39m,
  status: [90mundefined[39m,
  errorCode: [90mundefined[39m,
  traceId: [1mnull[22m,
  message: [32m'Request failed with status code 500'[39m
}
[Fabric] API request failed {
  url: [90mundefined[39m,
  method: [90mundefined[39m,
  status: [90mundefined[39m,
  errorCode: [90mundefined[39m,
  traceId: [1mnull[22m,
  message: [32m'Request failed with status code 500'[39m
}

 [32mΓ£ô[39m client/src/api/client.test.ts [2m([22m[2m10 tests[22m[2m)[22m[33m 3385[2mms[22m[39m
   [33m[2mΓ£ô[22m[39m ApiClient[2m > [22merror handling[2m > [22mshould throw on network errors [33m1565[2mms[22m[39m
   [33m[2mΓ£ô[22m[39m ApiClient[2m > [22merror handling[2m > [22mshould throw on HTTP error status [33m1581[2mms[22m[39m
[90mstderr[2m | 
client/src/pages/BusinessCase.test.tsx[2m > 
[22m[2mBusinessCase[2m > [22m[2mshows error state when 
case fails to load
[22m[39m[Fabric] API request failed {
  url: [32m'/analysis/cases/test-case-123'[39m,
  method: [32m'get'[39m,
  status: [33m404[39m,
  errorCode: [90mundefined[39m,
  traceId: [1mnull[22m,
  message: [32m'Request failed with status code 404'[39m
}
[Fabric] Test query failed {
  queryKey: 
[32m'["documents","businessCase","test-case-123"]'[39m,
  error: [32m'Request failed with status code 404'[39m
}

 [32mΓ£ô[39m client/src/hooks/useValuePacks.test.tsx [2m([22m[2m6 tests[22m[2m)[22m[33m 307[2mms[22m[39m
[90mstderr[2m | 
client/src/hooks/useBenchmarks.test.ts[2m > 
[22m[2museBenchmarks[2m > [22m[2mhandles API errors
[22m[39m[Fabric] API request failed {
  url: [32m'/datasets?'[39m,
  method: [32m'get'[39m,
  status: [33m500[39m,
  errorCode: [90mundefined[39m,
  traceId: [1mnull[22m,
  message: [32m'Request failed with status code 500'[39m
}
[Fabric] API request failed {
  url: [90mundefined[39m,
  method: [90mundefined[39m,
  status: [90mundefined[39m,
  errorCode: [90mundefined[39m,
  traceId: [1mnull[22m,
  message: [32m'Request failed with status code 500'[39m
}
[Fabric] API request failed {
  url: [90mundefined[39m,
  method: [90mundefined[39m,
  status: [90mundefined[39m,
  errorCode: [90mundefined[39m,
  traceId: [1mnull[22m,
  message: [32m'Request failed with status code 500'[39m
}
[Fabric] API request failed {
  url: [90mundefined[39m,
  method: [90mundefined[39m,
  status: [90mundefined[39m,
  errorCode: [90mundefined[39m,
  traceId: [1mnull[22m,
  message: [32m'Request failed with status code 500'[39m
}
[Fabric] Test query failed {
  queryKey: [32m'["benchmarks","list",{}]'[39m,
  error: [32m'Request failed with status code 500'[39m
}

[90mstderr[2m | 
client/src/hooks/useBenchmarks.test.ts[2m > 
[22m[2museBenchmark[2m > [22m[2mhandles benchmark not 
found
[22m[39m[Fabric] API request failed {
  url: [32m'/datasets/non-existent'[39m,
  method: [32m'get'[39m,
  status: [33m404[39m,
  errorCode: [90mundefined[39m,
  traceId: [1mnull[22m,
  message: [32m'Request failed with status code 404'[39m
}
[Fabric] Test query failed {
  queryKey: 
[32m'["benchmarks","detail","non-existent"]'[39m,
  error: [32m'Request failed with status code 404'[39m
}

 [32mΓ£ô[39m client/src/hooks/useBenchmarks.test.ts [2m([22m[2m8 tests[22m[2m)[22m[33m 2232[2mms[22m[39m
   [33m[2mΓ£ô[22m[39m useBenchmarks[2m > [22mhandles API errors [33m1567[2mms[22m[39m
 [2m[90mΓåô[39m[22m client/src/api/__tests__/contract/graph.contract.test.ts [2m([22m[2m25 tests[22m[2m | [22m[33m25 skipped[39m[2m)[22m
 [32mΓ£ô[39m client/src/pages/ExtractionEngine.test.tsx [2m([22m[2m8 tests[22m[2m)[22m[33m 2125[2mms[22m[39m
   [33m[2mΓ£ô[22m[39m ExtractionEngine[2m > [22mrenders the header with title and actions [33m845[2mms[22m[39m
 [32mΓ£ô[39m client/src/hooks/useL5Governance.test.tsx [2m([22m[2m3 tests[22m[2m)[22m[33m 435[2mms[22m[39m
 [32mΓ£ô[39m client/src/pages/BusinessCase.test.tsx [2m([22m[2m7 tests[22m[2m)[22m[33m 1405[2mms[22m[39m
   [33m[2mΓ£ô[22m[39m BusinessCase[2m > [22mrenders with business case data [33m341[2mms[22m[39m
   [33m[2mΓ£ô[22m[39m BusinessCase[2m > [22mrenders export button when document_url is present [33m454[2mms[22m[39m
 [2m[90mΓåô[39m[22m client/src/api/__tests__/contract/workflows.contract.test.ts [2m([22m[2m26 tests[22m[2m | [22m[33m26 skipped[39m[2m)[22m
[90mstderr[2m | 
client/src/pages/GraphExplorer.test.tsx[2m > 
[22m[2mGraphExplorer[2m > [22m[2mhandles graph error 
state
[22m[39m[Fabric] API request failed {
  url: [32m'/graph/subgraph?depth=2&limit=100'[39m,
  method: [32m'get'[39m,
  status: [33m500[39m,
  errorCode: [90mundefined[39m,
  traceId: [1mnull[22m,
  message: [32m'Request failed with status code 500'[39m
}
[Fabric] API request failed {
  url: [90mundefined[39m,
  method: [90mundefined[39m,
  status: [90mundefined[39m,
  errorCode: [90mundefined[39m,
  traceId: [1mnull[22m,
  message: [32m'Request failed with status code 500'[39m
}
[Fabric] API request failed {
  url: [90mundefined[39m,
  method: [90mundefined[39m,
  status: [90mundefined[39m,
  errorCode: [90mundefined[39m,
  traceId: [1mnull[22m,
  message: [32m'Request failed with status code 500'[39m
}
[Fabric] API request failed {
  url: [90mundefined[39m,
  method: [90mundefined[39m,
  status: [90mundefined[39m,
  errorCode: [90mundefined[39m,
  traceId: [1mnull[22m,
  message: [32m'Request failed with status code 500'[39m
}
[Fabric] Test query failed {
  queryKey: [32m'["graph","subgraph","","",2,100]'[39m,
  error: [32m'Request failed with status code 500'[39m
}

[90mstderr[2m | 
client/src/components/workspace/AccountPickerModal.test.tsx
[22m[39m[Fabric] Environment variable VITE_L6_PREFIX not 
set, using fallback { fallback: [32m'/benchmarks'[39m }

[90mstderr[2m | client/src/pages/ValuePacks.test.tsx[2m 
> [22m[2mValuePacks[2m > [22m[2mPage Load[2m > 
[22m[2mrenders loading skeletons during initial fetch
[22m[39m[Fabric] Deduplicating identical in-flight GET 
request { path: [32m'/valuepacks?'[39m, layer: 
[32m'l3'[39m }
[Fabric] Deduplicating identical in-flight GET request { 
path: [32m'/valuepacks/composable-templates'[39m, layer: 
[32m'l3'[39m }
[Fabric] Deduplicating identical in-flight GET request { 
path: [32m'/valuepacks/ontology-map'[39m, layer: 
[32m'l3'[39m }
[Fabric] Deduplicating identical in-flight GET request { 
path: [32m'/packs?'[39m, layer: [32m'l3'[39m }

[90mstderr[2m | client/src/pages/ValuePacks.test.tsx[2m 
> [22m[2mValuePacks[2m > [22m[2mPage Load[2m > 
[22m[2mrenders pack grid with loaded packs
[22m[39m[Fabric] Deduplicating identical in-flight GET 
request { path: [32m'/valuepacks?'[39m, layer: 
[32m'l3'[39m }
[Fabric] Deduplicating identical in-flight GET request { 
path: [32m'/valuepacks/composable-templates'[39m, layer: 
[32m'l3'[39m }
[Fabric] Deduplicating identical in-flight GET request { 
path: [32m'/valuepacks/ontology-map'[39m, layer: 
[32m'l3'[39m }
[Fabric] Deduplicating identical in-flight GET request { 
path: [32m'/packs?'[39m, layer: [32m'l3'[39m }

[90mstderr[2m | 
client/src/pages/admin/AdminPages.test.tsx[2m > 
[22m[2mVariableRegistry[2m > [22m[2mrenders without 
crashing
[22m[39mEach child in a list should have a unique "key" 
prop.

Check the render method of `VariableRegistryContent`. See 
https://react.dev/link/warning-keys for more information.

[90mstderr[2m | client/src/pages/GovernancePages.test.tsx
[22m[39m[Fabric] Environment variable VITE_L6_PREFIX not 
set, using fallback { fallback: [32m'/benchmarks'[39m }

[90mstderr[2m | client/src/pages/ValuePacks.test.tsx[2m 
> [22m[2mValuePacks[2m > [22m[2mPage Load[2m > 
[22m[2mrenders pack grid with loaded packs
[22m[39mEach child in a list should have a unique "key" 
prop.

Check the render method of `TemplateLibraryPanel`. See 
https://react.dev/link/warning-keys for more information.

 [2m[90mΓåô[39m[22m client/src/api/__tests__/contract/intelligence.contract.test.ts [2m([22m[2m25 tests[22m[2m | [22m[33m25 skipped[39m[2m)[22m
[90mstderr[2m | 
client/src/pages/GraphExplorer.test.tsx[2m > 
[22m[2mGraphExplorer[2m > [22m[2mrenders zoom control 
buttons
[22m[39m[Fabric] Deduplicating identical in-flight GET 
request { path: 
[32m'/graph/subgraph?depth=2&limit=100'[39m, layer: 
[32m'l3'[39m }

[90mstderr[2m | 
client/src/pages/GraphExplorer.test.tsx[2m > 
[22m[2mGraphExplorer[2m > [22m[2mrenders search button
[22m[39m[Fabric] Deduplicating identical in-flight GET 
request { path: 
[32m'/graph/subgraph?depth=2&limit=100'[39m, layer: 
[32m'l3'[39m }

[90mstderr[2m | 
client/src/pages/GraphExplorer.test.tsx[2m > 
[22m[2mGraphExplorer[2m > [22m[2mrenders coherent 
graph with nodes and edges from subgraph endpoint
[22m[39m[Fabric] Deduplicating identical in-flight GET 
request { path: 
[32m'/graph/subgraph?depth=2&limit=100'[39m, layer: 
[32m'l3'[39m }

 [32mΓ£ô[39m client/src/pages/GraphExplorer.test.tsx [2m([22m[2m9 tests[22m[2m)[22m[33m 3815[2mms[22m[39m
   [33m[2mΓ£ô[22m[39m GraphExplorer[2m > [22mrenders with graph data [33m1030[2mms[22m[39m
   [33m[2mΓ£ô[22m[39m GraphExplorer[2m > [22mhandles graph error state [33m1695[2mms[22m[39m
   [33m[2mΓ£ô[22m[39m GraphExplorer[2m > [22mallows search input [33m396[2mms[22m[39m
[90mstdout[2m | client/src/hooks/useGraphQuery.performance.test.ts[2m > [22m[2museEntityContext Performance [L4-Performance][2m > [22m[2mloads entity context in < 150ms
[22m[39mEntity context: mean=76.14ms

 [32mΓ£ô[39m client/src/pages/admin/AdminPages.test.tsx [2m([22m[2m9 tests[22m[2m)[22m[33m 1439[2mms[22m[39m
   [33m[2mΓ£ô[22m[39m VariableRegistry[2m > [22mrenders without crashing [33m480[2mms[22m[39m
   [33m[2mΓ£ô[22m[39m PermissionsAdmin[2m > [22msets API Keys as the active tab for /settings/access/keys [33m429[2mms[22m[39m
[90mstdout[2m | client/src/hooks/useGraphQuery.performance.test.ts[2m > [22m[2museGraphQuery Mutation Performance [L4-Performance][2m > [22m[2mexecutes mutation in < 200ms
[22m[39mGraph mutation: 127.60ms

 [32mΓ£ô[39m client/src/hooks/useGraphQuery.performance.test.ts [2m([22m[2m12 tests[22m[2m | [22m[33m3 skipped[39m[2m)[22m[33m 13333[2mms[22m[39m
   [33m[2mΓ£ô[22m[39m useSubgraph Performance [L4-Performance][2m > [22mloads medium graph (100-500 nodes) in < 200ms [33m3982[2mms[22m[39m
   [33m[2mΓ£ô[22m[39m useSubgraph Performance [L4-Performance][2m > [22mloads large graph (500+ nodes) in < 500ms [33m1502[2mms[22m[39m
   [33m[2mΓ£ô[22m[39m Memory Leak Detection [L4-Performance][2m > [22mquery cache does not grow unbounded [33m3161[2mms[22m[39m
   [33m[2mΓ£ô[22m[39m Memory Leak Detection [L4-Performance][2m > [22mcleans up event listeners on unmount [33m618[2mms[22m[39m
   [33m[2mΓ£ô[22m[39m useEntityContext Performance [L4-Performance][2m > [22mloads entity context in < 150ms [33m3819[2mms[22m[39m
 [32mΓ£ô[39m client/src/components/workspace/AccountPickerModal.test.tsx [2m([22m[2m4 tests[22m[2m)[22m[33m 1050[2mms[22m[39m
   [33m[2mΓ£ô[22m[39m AccountPickerModal[2m > [22mrenders loading skeleton when accounts are loading [33m673[2mms[22m[39m
[90mstderr[2m | client/src/pages/ValuePacks.test.tsx[2m 
> [22m[2mValuePacks[2m > [22m[2mPage Load[2m > 
[22m[2mshows my packs section after data loads
[22m[39m[Fabric] Deduplicating identical in-flight GET 
request { path: [32m'/valuepacks?'[39m, layer: 
[32m'l3'[39m }
[Fabric] Deduplicating identical in-flight GET request { 
path: [32m'/valuepacks/composable-templates'[39m, layer: 
[32m'l3'[39m }
[Fabric] Deduplicating identical in-flight GET request { 
path: [32m'/valuepacks/ontology-map'[39m, layer: 
[32m'l3'[39m }
[Fabric] Deduplicating identical in-flight GET request { 
path: [32m'/packs?'[39m, layer: [32m'l3'[39m }

[90mstderr[2m | client/src/pages/DecisionTrace.test.tsx
[22m[39m[Fabric] Environment variable VITE_L6_PREFIX not 
set, using fallback { fallback: [32m'/benchmarks'[39m }

[90mstderr[2m | 
client/src/pages/GovernancePages.test.tsx[2m > 
[22m[2mGovernance pages (L5-backed)[2m > 
[22m[2mrenders governance audit-specific pages with L5 
handlers
[22m[39m[Fabric] Deduplicating identical in-flight GET 
request { path: [32m'/truths?limit=100'[39m, layer: 
[32m'l5'[39m }

 [32mΓ£ô[39m client/src/pages/GovernancePages.test.tsx [2m([22m[2m3 tests[22m[2m)[22m[33m 1381[2mms[22m[39m
   [33m[2mΓ£ô[22m[39m Governance pages (L5-backed)[2m > [22mrenders evidence page with L5 truth data [33m657[2mms[22m[39m
   [33m[2mΓ£ô[22m[39m Governance pages (L5-backed)[2m > [22mrenders compliance page with L5 handlers [33m496[2mms[22m[39m
 [2m[90mΓåô[39m[22m client/src/api/__tests__/contract/ground-truth.contract.test.ts [2m([22m[2m20 tests[22m[2m | [22m[33m20 skipped[39m[2m)[22m
[90mstderr[2m | client/src/pages/ValuePacks.test.tsx[2m 
> [22m[2mValuePacks[2m > [22m[2mPage Load[2m > 
[22m[2mdisplays error state with retry button when API 
fails
[22m[39m[Fabric] Deduplicating identical in-flight GET 
request { path: [32m'/valuepacks?'[39m, layer: 
[32m'l3'[39m }
[Fabric] Deduplicating identical in-flight GET request { 
path: [32m'/valuepacks/composable-templates'[39m, layer: 
[32m'l3'[39m }
[Fabric] Deduplicating identical in-flight GET request { 
path: [32m'/valuepacks/ontology-map'[39m, layer: 
[32m'l3'[39m }

 [2m[90mΓåô[39m[22m client/src/api/__tests__/contract/governance.contract.test.ts [2m([22m[2m21 tests[22m[2m | [22m[33m21 skipped[39m[2m)[22m
 [32mΓ£ô[39m client/src/api/__tests__/client.url.test.ts [2m([22m[2m8 tests[22m[2m)[22m[90m 14[2mms[22m[39m
 [2m[90mΓåô[39m[22m client/src/api/__tests__/contract/valuepacks.contract.test.ts [2m([22m[2m18 tests[22m[2m | [22m[33m18 skipped[39m[2m)[22m
 [32mΓ£ô[39m client/src/pages/DecisionTrace.test.tsx [2m([22m[2m3 tests[22m[2m)[22m[33m 959[2mms[22m[39m
   [33m[2mΓ£ô[22m[39m DecisionTrace trace-specific behavior[2m > [22mrenders trace-specific title for /governance/traces [33m543[2mms[22m[39m
   [33m[2mΓ£ô[22m[39m DecisionTrace trace-specific behavior[2m > [22mallows selecting entity to view provenance timeline [33m368[2mms[22m[39m
 [32mΓ£ô[39m client/src/navigation/accountRouting.test.ts [2m([22m[2m3 tests[22m[2m)[22m[90m 13[2mms[22m[39m
 [2m[90mΓåô[39m[22m client/src/api/__tests__/contract/benchmarks.contract.test.ts [2m([22m[2m13 tests[22m[2m | [22m[33m13 skipped[39m[2m)[22m
 [2m[90mΓåô[39m[22m client/src/api/__tests__/contract/agent-stream.contract.test.ts [2m([22m[2m18 tests[22m[2m | [22m[33m18 skipped[39m[2m)[22m
 [2m[90mΓåô[39m[22m client/src/api/__tests__/contract/formulas.contract.test.ts [2m([22m[2m19 tests[22m[2m | [22m[33m19 skipped[39m[2m)[22m
 [2m[90mΓåô[39m[22m client/src/api/__tests__/contract/extraction.contract.test.ts [2m([22m[2m12 tests[22m[2m | [22m[33m12 skipped[39m[2m)[22m
 [32mΓ£ô[39m client/src/utils.test.ts [2m([22m[2m5 tests[22m[2m)[22m[90m 19[2mms[22m[39m
 [32mΓ£ô[39m client/src/navigation/navSchema.test.ts [2m([22m[2m3 tests[22m[2m)[22m[90m 11[2mms[22m[39m
 [32mΓ£ô[39m client/src/accessibility.a11y.spec.tsx [2m([22m[2m1 test[22m[2m)[22m[90m 189[2mms[22m[39m
 [32mΓ£ô[39m client/src/routes/criticalFlows.smoke.test.tsx [2m([22m[2m1 test[22m[2m)[22m[33m 923[2mms[22m[39m
   [33m[2mΓ£ô[22m[39m prospect setup interaction smoke[2m > [22msubmits after minimum context is provided [33m919[2mms[22m[39m
[90mstderr[2m | client/src/pages/ValuePacks.test.tsx[2m 
> [22m[2mValuePacks[2m > [22m[2mDeploy Flow[2m > 
[22m[2mDeploy to Account button is disabled when no pack 
selected
[22m[39m[Fabric] Deduplicating identical in-flight GET 
request { path: [32m'/valuepacks?'[39m, layer: 
[32m'l3'[39m }
[Fabric] Deduplicating identical in-flight GET request { 
path: [32m'/valuepacks/composable-templates'[39m, layer: 
[32m'l3'[39m }
[Fabric] Deduplicating identical in-flight GET request { 
path: [32m'/valuepacks/ontology-map'[39m, layer: 
[32m'l3'[39m }
[Fabric] Deduplicating identical in-flight GET request { 
path: [32m'/packs?'[39m, layer: [32m'l3'[39m }

[90mstderr[2m | client/src/pages/ValuePacks.test.tsx[2m 
> [22m[2mValuePacks[2m > [22m[2mDeploy Flow[2m > 
[22m[2menables Deploy button after user selects a pack
[22m[39m[Fabric] Deduplicating identical in-flight GET 
request { path: [32m'/valuepacks?'[39m, layer: 
[32m'l3'[39m }
[Fabric] Deduplicating identical in-flight GET request { 
path: [32m'/valuepacks/composable-templates'[39m, layer: 
[32m'l3'[39m }
[Fabric] Deduplicating identical in-flight GET request { 
path: [32m'/valuepacks/ontology-map'[39m, layer: 
[32m'l3'[39m }
[Fabric] Deduplicating identical in-flight GET request { 
path: [32m'/packs?'[39m, layer: [32m'l3'[39m }

 [32mΓ£ô[39m client/src/components/ProspectSetup.behavior.test.tsx [2m([22m[2m3 tests[22m[2m)[22m[33m 1146[2mms[22m[39m
   [33m[2mΓ£ô[22m[39m ProspectSetup behavior primitives[2m > [22mkeeps launch action disabled without minimum prompt context (validation) [33m351[2mms[22m[39m
   [33m[2mΓ£ô[22m[39m ProspectSetup behavior primitives[2m > [22mrenders submission error when creation fails [33m668[2mms[22m[39m
[90mstderr[2m | client/src/pages/ValuePacks.test.tsx[2m 
> [22m[2mValuePacks[2m > [22m[2mDeploy Flow - Error 
Paths[2m > [22m[2mdisables deploy button when no pack is 
selected
[22m[39m[Fabric] Deduplicating identical in-flight GET 
request { path: [32m'/valuepacks?'[39m, layer: 
[32m'l3'[39m }
[Fabric] Deduplicating identical in-flight GET request { 
path: [32m'/valuepacks/composable-templates'[39m, layer: 
[32m'l3'[39m }
[Fabric] Deduplicating identical in-flight GET request { 
path: [32m'/valuepacks/ontology-map'[39m, layer: 
[32m'l3'[39m }
[Fabric] Deduplicating identical in-flight GET request { 
path: [32m'/packs?'[39m, layer: [32m'l3'[39m }

 [31mΓ¥»[39m client/src/pages/ValuePacks.test.tsx [2m([22m[2m19 tests[22m[2m | [22m[31m2 failed[39m[2m)[22m[33m 9485[2mms[22m[39m
   [33m[2mΓ£ô[22m[39m ValuePacks[2m > [22mPage Load[2m > [22mrenders page header with Import Pack button [33m700[2mms[22m[39m
   [33m[2mΓ£ô[22m[39m ValuePacks[2m > [22mPage Load[2m > [22mrenders pack grid with loaded packs [33m475[2mms[22m[39m
   [33m[2mΓ£ô[22m[39m ValuePacks[2m > [22mPage Load[2m > [22mdisplays pack description on cards [33m545[2mms[22m[39m
   [33m[2mΓ£ô[22m[39m ValuePacks[2m > [22mPage Load[2m > [22mshows my packs section after data loads [33m473[2mms[22m[39m
[31m   [31m├ù[31m ValuePacks[2m > [22mPage Load[2m > [22mdisplays error state with retry button when API fails[33m 1367[2mms[22m[31m[39m
[31m     ΓåÆ Unable to find an element with the text: /Failed to load value packs/i. This could be because the text is broken up by multiple elements. In this case, you can provide a function for your text matcher to make your matcher more flexible.

Ignored nodes: comments, script, style
[36m<body>[31m
  [36m<div>[31m
    [36m<div[31m
      [33mclass[31m=[32m"p-6 max-w-7xl"[31m
    [36m>[31m
      [36m<div[31m
        [33mclass[31m=[32m"flex items-start justify-between mb-6"[31m
      [36m>[31m
        [36m<div[31m
          [33mclass[31m=[32m"pb-6 mb-6 border-b border-border"[31m
        [36m>[31m
          [36m<div[31m
            [33mclass[31m=[32m"flex items-start justify-between gap-4"[31m
          [36m>[31m
            [36m<div[31m
              [33mclass[31m=[32m"flex-1 min-w-0"[31m
            [36m>[31m
              [36m<h1[31m
                [33mclass[31m=[32m"text-[24px] font-semibold tracking-[-0.01em] text-foreground leading-[1.2]"[31m
              [36m>[31m
                [0mValue Packs[0m
              [36m</h1>[31m
              [36m<p[31m
                [33mclass[31m=[32m"text-[13px] text-muted-foreground mt-1 leading-relaxed"[31m
              [36m>[31m
                [0mBrowse and deploy value pack content[0m
              [36m</p>[31m
            [36m</div>[31m
          [36m</div>[31m
        [36m</div>[31m
        [36m<div[31m
          [33mclass[31m=[32m"flex items-center gap-2 shrink-0"[31m
        [36m>[31m
          [36m<button[31m
            [33mclass[31m=[32m"inline-flex items-center justify-center gap-2 whitespace-nowrap transition-colors focus-visible:outline-none focus-visible:ring-1 focus-visible:ring-ring disabled:pointer-events-none disabled:opacity-50 [&_svg]:pointer-events-none [&_svg]:size-4 [&_svg]:shrink-0 hover:bg-accent hover:text-accent-foreground h-8 rounded-md px-3 text-[12px] font-semibold"[31m
          [36m>[31m
            [36m<svg[31m
              [33mclass[31m=[32m"lucide lucide-filter mr-1"[31m
              [33mfill[31m=[32m"none"[31m
              [33mheight[31m=[32m"13"[31m
              [33mstroke[31m=[32m"currentColor"[31m
              [33mstroke-linecap[31m=[32m"round"[31m
              [33mstroke-linejoin[31m=[32m"round"[31m
              [33mstroke-width[31m=[32m"2"[31m
              [33mviewBox[31m=[32m"0 0 24 24"[31m
              [33mwidth[31m=[32m"13"[31m
              [33mxmlns[31m=[32m"http://www.w3.org/2000/svg"[31m
            [36m>[31m
              [36m<polygon[31m
                [33mpoints[31m=[32m"22 3 2 3 10 12.46 10 19 14 21 14 12.46 22 3"[31m
              [36m/>[31m
            [36m</svg>[31m
            [0m Filter[0m
          [36m</button>[31m
          [36m<button[31m
            [33mclass[31m=[32m"inline-flex items-center justify-center gap-2 whitespace-nowrap transition-colors focus-visible:outline-none focus-visible:ring-1 focus-visible:ring-ring disabled:pointer-events-none disabled:opacity-50 [&_svg]:pointer-events-none [&_svg]:size-4 [&_svg]:shrink-0 bg-primary text-primary-foreground shadow hover:bg-primary/90 h-8 rounded-md px-3 text-[12px] font-semibold"[31m
          [36m>[31m
            [36m<svg[31m
              [33mclass[31m=[32m"lucide lucide-upload mr-1"[31m
              [33mfill[31m=[32m"none"[31m
              [33mheight[31m=[32m"13"[31m
              [33mstroke[31m=[32m"currentColor"[31m
              [33mstroke-linecap[31m=[32m"round"[31m
              [33mstroke-linejoin[31m=[32m"round"[31m
              [33mstroke-width[31m=[32m"2"[31m
              [33mviewBox[31m=[32m"0 0 24 24"[31m
              [33mwidth[31m=[32m"13"[31m
              [33mxmlns[31m=[32m"http://www.w3.org/2000/svg"[31m
            [36m>[31m
              [36m<path[31m
                [33md[31m=[32m"M21 15v4a2 2 0 0 1-2 2H5a2 2 0 0 1-2-2v-4"[31m
              [36m/>[31m
              [36m<polyline[31m
                [33mpoints[31m=[32m"17 8 12 3 7 8"[31m
              [36m/>[31m
              [36m<line[31m
                [33mx1[31m=[32m"12"[31m
                [33mx2[31m=[32m"12"[31m
                [33my1[31m=[32m"3"[31m
                [33my2[31m=[32m"15"[31m
              [36m/>[31m
            [36m</svg>[31m
            [0m Import Pack[0m
          [36m</button>[31m
        [36m</div>[31m
      [36m</div>[31m
      [36m<div[31m
        [33mclass[31m=[32m"grid gap-5 grid-cols-[1fr_280px]"[31m
      [36m>[31m
        [36m<div[31m
          [33mclass[31m=[32m"min-w-0"[31m
        [36m>[31m
          [36m<div[31m
            [33mclass[31m=[32m"bg-card border border-border rounded-lg px-4 py-3 mb-5"[31m
          [36m>[31m
            [36m<div[31m
              [33mclass[31m=[32m"flex items-center gap-3 flex-wrap"[31m
            [36m>[31m
              [36m<button[31m
                [33maria-autocomplete[31m=[32m"none"[31m
                [33maria-controls[31m=[32m"radix-_r_43_"[31m
                [33maria-expanded[31m=[32m"false"[31m
                [33mclass[31m=[32m"border-input data-[placeholder]:text-muted-foreground [&_svg:not([class*='text-'])]:text-muted-foreground focus-visible:border-ring focus-visible:ring-ring/50 aria-invalid:ring-destructive/20 dark:aria-invalid:ring-destructive/40 aria-invalid:border-destructive dark:bg-input/30 dark:hover:bg-input/50 flex w-fit items-center justify-between gap-2 rounded-md border bg-transparent px-3 py-2 whitespace-nowrap shadow-xs transition-[color,box-shadow] outline-none focus-visible:ring-[3px] disabled:cursor-not-allowed disabled:opacity-50 data-[size=default]:h-9 data-[size=sm]:h-8 *:data-[slot=select-value]:line-clamp-1 *:data-[slot=select-value]:flex *:data-[slot=select-value]:items-center *:data-[slot=select-value]:gap-2 [&_svg]:pointer-events-none [&_svg]:shrink-0 [&_svg:not([class*='size-'])]:size-4 h-8 text-[11px] min-w-[120px]"[31m
                [33mdata-size[31m=[32m"default"[31m
                [33mdata-slot[31m=[32m"select-trigger"[31m
                [33mdata-state[31m=[32m"closed"[31m
                [33mdir[31m=[32m"ltr"[31m
                [33mrole[31m=[32m"combobox"[31m
                [33mtype[31m=[32m"button"[31m
              [36m>[31m
                [36m<span[31m
                  [33mdata-slot[31m=[32m"select-value"[31m
                  [33mstyle[31m=[32m"pointer-events: none;"[31m
                [36m>[31m
                  [0mAll Categories[0m
                [36m</span>[31m
                [36m<svg[31m
                  [33maria-hidden[31m=[32m"true"[31m
                  [33mclass[31m=[32m"lucide lucide-chevron-down size-4 opacity-50"[31m
                  [33mfill[31m=[32m"none"[31m
                  [33mheight[31m=[32m"24"[31m
                  [33mstroke[31m=[32m"currentColor"[31m
                  [33mstroke-linecap[31m=[32m"round"[31m
                  [33mstroke-linejoin[31m=[32m"round"[31m
                  [33mstroke-width[31m=[32m"2"[31m
                  [33mviewBox[31m=[32m"0 0 24 24"[31m
                  [...

Ignored nodes: comments, script, style
[36m<html>[31m
  [36m<head />[31m
  [36m<body>[31m
    [36m<div>[31m
      [36m<div[31m
        [33mclass[31m=[32m"p-6 max-w-7xl"[31m
      [36m>[31m
        [36m<div[31m
          [33mclass[31m=[32m"flex items-start justify-between mb-6"[31m
        [36m>[31m
          [36m<div[31m
            [33mclass[31m=[32m"pb-6 mb-6 border-b border-border"[31m
          [36m>[31m
            [36m<div[31m
              [33mclass[31m=[32m"flex items-start justify-between gap-4"[31m
            [36m>[31m
              [36m<div[31m
                [33mclass[31m=[32m"flex-1 min-w-0"[31m
              [36m>[31m
                [36m<h1[31m
                  [33mclass[31m=[32m"text-[24px] font-semibold tracking-[-0.01em] text-foreground leading-[1.2]"[31m
                [36m>[31m
                  [0mValue Packs[0m
                [36m</h1>[31m
                [36m<p[31m
                  [33mclass[31m=[32m"text-[13px] text-muted-foreground mt-1 leading-relaxed"[31m
                [36m>[31m
                  [0mBrowse and deploy value pack content[0m
                [36m</p>[31m
              [36m</div>[31m
            [36m</div>[31m
          [36m</div>[31m
          [36m<div[31m
            [33mclass[31m=[32m"flex items-center gap-2 shrink-0"[31m
          [36m>[31m
            [36m<button[31m
              [33mclass[31m=[32m"inline-flex items-center justify-center gap-2 whitespace-nowrap transition-colors focus-visible:outline-none focus-visible:ring-1 focus-visible:ring-ring disabled:pointer-events-none disabled:opacity-50 [&_svg]:pointer-events-none [&_svg]:size-4 [&_svg]:shrink-0 hover:bg-accent hover:text-accent-foreground h-8 rounded-md px-3 text-[12px] font-semibold"[31m
            [36m>[31m
              [36m<svg[31m
                [33mclass[31m=[32m"lucide lucide-filter mr-1"[31m
                [33mfill[31m=[32m"none"[31m
                [33mheight[31m=[32m"13"[31m
                [33mstroke[31m=[32m"currentColor"[31m
                [33mstroke-linecap[31m=[32m"round"[31m
                [33mstroke-linejoin[31m=[32m"round"[31m
                [33mstroke-width[31m=[32m"2"[31m
                [33mviewBox[31m=[32m"0 0 24 24"[31m
                [33mwidth[31m=[32m"13"[31m
                [33mxmlns[31m=[32m"http://www.w3.org/2000/svg"[31m
              [36m>[31m
                [36m<polygon[31m
                  [33mpoints[31m=[32m"22 3 2 3 10 12.46 10 19 14 21 14 12.46 22 3"[31m
                [36m/>[31m
              [36m</svg>[31m
              [0m Filter[0m
            [36m</button>[31m
            [36m<button[31m
              [33mclass[31m=[32m"inline-flex items-center justify-center gap-2 whitespace-nowrap transition-colors focus-visible:outline-none focus-visible:ring-1 focus-visible:ring-ring disabled:pointer-events-none disabled:opacity-50 [&_svg]:pointer-events-none [&_svg]:size-4 [&_svg]:shrink-0 bg-primary text-primary-foreground shadow hover:bg-primary/90 h-8 rounded-md px-3 text-[12px] font-semibold"[31m
            [36m>[31m
              [36m<svg[31m
                [33mclass[31m=[32m"lucide lucide-upload mr-1"[31m
                [33mfill[31m=[32m"none"[31m
                [33mheight[31m=[32m"13"[31m
                [33mstroke[31m=[32m"currentColor"[31m
                [33mstroke-linecap[31m=[32m"round"[31m
                [33mstroke-linejoin[31m=[32m"round"[31m
                [33mstroke-width[31m=[32m"2"[31m
                [33mviewBox[31m=[32m"0 0 24 24"[31m
                [33mwidth[31m=[32m"13"[31m
                [33mxmlns[31m=[32m"http://www.w3.org/2000/svg"[31m
              [36m>[31m
                [36m<path[31m
                  [33md[31m=[32m"M21 15v4a2 2 0 0 1-2 2H5a2 2 0 0 1-2-2v-4"[31m
                [36m/>[31m
                [36m<polyline[31m
                  [33mpoints[31m=[32m"17 8 12 3 7 8"[31m
                [36m/>[31m
                [36m<line[31m
                  [33mx1[31m=[32m"12"[31m
                  [33mx2[31m=[32m"12"[31m
                  [33my1[31m=[32m"3"[31m
                  [33my2[31m=[32m"15"[31m
                [36m/>[31m
              [36m</svg>[31m
              [0m Import Pack[0m
            [36m</button>[31m
          [36m</div>[31m
        [36m</div>[31m
        [36m<div[31m
          [33mclass[31m=[32m"grid gap-5 grid-cols-[1fr_280px]"[31m
        [36m>[31m
          [36m<div[31m
            [33mclass[31m=[32m"min-w-0"[31m
          [36m>[31m
            [36m<div[31m
              [33mclass[31m=[32m"bg-card border border-border rounded-lg px-4 py-3 mb-5"[31m
            [36m>[31m
              [36m<div[31m
                [33mclass[31m=[32m"flex items-center gap-3 flex-wrap"[31m
              [36m>[31m
                [36m<button[31m
                  [33maria-autocomplete[31m=[32m"none"[31m
                  [33maria-controls[31m=[32m"radix-_r_43_"[31m
                  [33maria-expanded[31m=[32m"false"[31m
                  [33mclass[31m=[32m"border-input data-[placeholder]:text-muted-foreground [&_svg:not([class*='text-'])]:text-muted-foreground focus-visible:border-ring focus-visible:ring-ring/50 aria-invalid:ring-destructive/20 dark:aria-invalid:ring-destructive/40 aria-invalid:border-destructive dark:bg-input/30 dark:hover:bg-input/50 flex w-fit items-center justify-between gap-2 rounded-md border bg-transparent px-3 py-2 whitespace-nowrap shadow-xs transition-[color,box-shadow] outline-none focus-visible:ring-[3px] disabled:cursor-not-allowed disabled:opacity-50 data-[size=default]:h-9 data-[size=sm]:h-8 *:data-[slot=select-value]:line-clamp-1 *:data-[slot=select-value]:flex *:data-[slot=select-value]:items-center *:data-[slot=select-value]:gap-2 [&_svg]:pointer-events-none [&_svg]:shrink-0 [&_svg:not([class*='size-'])]:size-4 h-8 text-[11px] min-w-[120px]"[31m
                  [33mdata-size[31m=[32m"default"[31m
                  [33mdata-slot[31m=[32m"select-trigger"[31m
                  [33mdata-state[31m=[32m"closed"[31m
                  [33mdir[31m=[32m"ltr"[31m
                  [33mrole[31m=[32m"combobox"[31m
                  [33mtype[31m=[32m"button"[31m
                [36m>[31m
                  [36m<span[31m
                    [33mdata-slot[31m=[32m"select-value"[31m
                    [33mstyle[31m=[32m"pointer-events: none;"[31m
                  [36m>[31m
                    [0mAll Categories[0m
                  [36m</span>[31m
                  [36m<svg[31m
                    [33maria-hidden[31m=[32m"true"[31m
                    [33mclass[31m=[32m"lucide lucide-chevron-down size-4 opacity-50"[31m
                    [33mfill[31m=[32m"none"[31m
                    [33mheight[31m=[32m"24"[31m
                    [33mstroke[31m...[39m
   [33m[2mΓ£ô[22m[39m ValuePacks[2m > [22mPack Filtering[2m > [22mfilters packs by search query when user types [33m1066[2mms[22m[39m
   [33m[2mΓ£ô[22m[39m ValuePacks[2m > [22mPack Filtering[2m > [22mshows category data from API in pack cards [33m322[2mms[22m[39m
   [33m[2mΓ£ô[22m[39m ValuePacks[2m > [22mPack Selection & Preview[2m > [22mpopulates preview panel when user selects a pack [33m448[2mms[22m[39m
   [33m[2mΓ£ô[22m[39m ValuePacks[2m > [22mDeploy Flow[2m > [22menables Deploy button after user selects a pack [33m329[2mms[22m[39m
   [33m[2mΓ£ô[22m[39m ValuePacks[2m > [22mDeploy Flow[2m > [22mexecutes deploy mutation and shows deploying state [33m782[2mms[22m[39m
[31m   [31m├ù[31m ValuePacks[2m > [22mDeploy Flow - Error Paths[2m > [22mdisplays deploy error in pack actions panel when API returns 400[33m 1439[2mms[22m[31m[39m
[31m     ΓåÆ [2mexpect([22m[31mreceived[31m[2m).toBeInTheDocument()[22m

[31mreceived[31m value must be an HTMLElement or an SVGElement.


Ignored nodes: comments, script, style
[36m<html>[31m
  [36m<head />[31m
  [36m<body>[31m
    [36m<div>[31m
      [36m<div[31m
        [33mclass[31m=[32m"p-6 max-w-7xl"[31m
      [36m>[31m
        [36m<div[31m
          [33mclass[31m=[32m"flex items-start justify-between mb-6"[31m
        [36m>[31m
          [36m<div[31m
            [33mclass[31m=[32m"pb-6 mb-6 border-b border-border"[31m
          [36m>[31m
            [36m<div[31m
              [33mclass[31m=[32m"flex items-start justify-between gap-4"[31m
            [36m>[31m
              [36m<div[31m
                [33mclass[31m=[32m"flex-1 min-w-0"[31m
              [36m>[31m
                [36m<h1[31m
                  [33mclass[31m=[32m"text-[24px] font-semibold tracking-[-0.01em] text-foreground leading-[1.2]"[31m
                [36m>[31m
                  [0mValue Packs[0m
                [36m</h1>[31m
                [36m<p[31m
                  [33mclass[31m=[32m"text-[13px] text-muted-foreground mt-1 leading-relaxed"[31m
                [36m>[31m
                  [0mBrowse and deploy value pack content[0m
                [36m</p>[31m
              [36m</div>[31m
            [36m</div>[31m
          [36m</div>[31m
          [36m<div[31m
            [33mclass[31m=[32m"flex items-center gap-2 shrink-0"[31m
          [36m>[31m
            [36m<button[31m
              [33mclass[31m=[32m"inline-flex items-center justify-center gap-2 whitespace-nowrap transition-colors focus-visible:outline-none focus-visible:ring-1 focus-visible:ring-ring disabled:pointer-events-none disabled:opacity-50 [&_svg]:pointer-events-none [&_svg]:size-4 [&_svg]:shrink-0 hover:bg-accent hover:text-accent-foreground h-8 rounded-md px-3 text-[12px] font-semibold"[31m
            [36m>[31m
              [36m<svg[31m
                [33mclass[31m=[32m"lucide lucide-filter mr-1"[31m
                [33mfill[31m=[32m"none"[31m
                [33mheight[31m=[32m"13"[31m
                [33mstroke[31m=[32m"currentColor"[31m
                [33mstroke-linecap[31m=[32m"round"[31m
                [33mstroke-linejoin[31m=[32m"round"[31m
                [33mstroke-width[31m=[32m"2"[31m
                [33mviewBox[31m=[32m"0 0 24 24"[31m
                [33mwidth[31m=[32m"13"[31m
                [33mxmlns[31m=[32m"http://www.w3.org/2000/svg"[31m
              [36m>[31m
                [36m<polygon[31m
                  [33mpoints[31m=[32m"22 3 2 3 10 12.46 10 19 14 21 14 12.46 22 3"[31m
                [36m/>[31m
              [36m</svg>[31m
              [0m Filter[0m
            [36m</button>[31m
            [36m<button[31m
              [33mclass[31m=[32m"inline-flex items-center justify-center gap-2 whitespace-nowrap transition-colors focus-visible:outline-none focus-visible:ring-1 focus-visible:ring-ring disabled:pointer-events-none disabled:opacity-50 [&_svg]:pointer-events-none [&_svg]:size-4 [&_svg]:shrink-0 bg-primary text-primary-foreground shadow hover:bg-primary/90 h-8 rounded-md px-3 text-[12px] font-semibold"[31m
            [36m>[31m
              [36m<svg[31m
                [33mclass[31m=[32m"lucide lucide-upload mr-1"[31m
                [33mfill[31m=[32m"none"[31m
                [33mheight[31m=[32m"13"[31m
                [33mstroke[31m=[32m"currentColor"[31m
                [33mstroke-linecap[31m=[32m"round"[31m
                [33mstroke-linejoin[31m=[32m"round"[31m
                [33mstroke-width[31m=[32m"2"[31m
                [33mviewBox[31m=[32m"0 0 24 24"[31m
                [33mwidth[31m=[32m"13"[31m
                [33mxmlns[31m=[32m"http://www.w3.org/2000/svg"[31m
              [36m>[31m
                [36m<path[31m
                  [33md[31m=[32m"M21 15v4a2 2 0 0 1-2 2H5a2 2 0 0 1-2-2v-4"[31m
                [36m/>[31m
                [36m<polyline[31m
                  [33mpoints[31m=[32m"17 8 12 3 7 8"[31m
                [36m/>[31m
                [36m<line[31m
                  [33mx1[31m=[32m"12"[31m
                  [33mx2[31m=[32m"12"[31m
                  [33my1[31m=[32m"3"[31m
                  [33my2[31m=[32m"15"[31m
                [36m/>[31m
              [36m</svg>[31m
              [0m Import Pack[0m
            [36m</button>[31m
          [36m</div>[31m
        [36m</div>[31m
        [36m<div[31m
          [33mclass[31m=[32m"grid gap-5 grid-cols-[1fr_280px]"[31m
        [36m>[31m
          [36m<div[31m
            [33mclass[31m=[32m"min-w-0"[31m
          [36m>[31m
            [36m<div[31m
              [33mclass[31m=[32m"bg-card border border-border rounded-lg px-4 py-3 mb-5"[31m
            [36m>[31m
              [36m<div[31m
                [33mclass[31m=[32m"flex items-center gap-3 flex-wrap"[31m
              [36m>[31m
                [36m<button[31m
                  [33maria-autocomplete[31m=[32m"none"[31m
                  [33maria-controls[31m=[32m"radix-_r_b3_"[31m
                  [33maria-expanded[31m=[32m"false"[31m
                  [33mclass[31m=[32m"border-input data-[placeholder]:text-muted-foreground [&_svg:not([class*='text-'])]:text-muted-foreground focus-visible:border-ring focus-visible:ring-ring/50 aria-invalid:ring-destructive/20 dark:aria-invalid:ring-destructive/40 aria-invalid:border-destructive dark:bg-input/30 dark:hover:bg-input/50 flex w-fit items-center justify-between gap-2 rounded-md border bg-transparent px-3 py-2 whitespace-nowrap shadow-xs transition-[color,box-shadow] outline-none focus-visible:ring-[3px] disabled:cursor-not-allowed disabled:opacity-50 data-[size=default]:h-9 data-[size=sm]:h-8 *:data-[slot=select-value]:line-clamp-1 *:data-[slot=select-value]:flex *:data-[slot=select-value]:items-center *:data-[slot=select-value]:gap-2 [&_svg]:pointer-events-none [&_svg]:shrink-0 [&_svg:not([class*='size-'])]:size-4 h-8 text-[11px] min-w-[120px]"[31m
                  [33mdata-size[31m=[32m"default"[31m
                  [33mdata-slot[31m=[32m"select-trigger"[31m
                  [33mdata-state[31m=[32m"closed"[31m
                  [33mdir[31m=[32m"ltr"[31m
                  [33mrole[31m=[32m"combobox"[31m
                  [33mtype[31m=[32m"button"[31m
                [36m>[31m
                  [36m<span[31m
                    [33mdata-slot[31m=[32m"select-value"[31m
                    [33mstyle[31m=[32m"pointer-events: none;"[31m
                  [36m>[31m
                    [0mAll Categories[0m
                  [36m</span>[31m
                  [36m<svg[31m
                    [33maria-hidden[31m=[32m"true"[31m
                    [33mclass[31m=[32m"lucide lucide-chevron-down size-4 opacity-50"[31m
                    [33mfill[31m=[32m"none"[31m
                    [33mheight[31m=[32m"24"[31m
                    [33mstroke[31m...[39m

[31mΓÄ»ΓÄ»ΓÄ»ΓÄ»ΓÄ»ΓÄ»[1m[7m Failed Tests 17 
[27m[22mΓÄ»ΓÄ»ΓÄ»ΓÄ»ΓÄ»ΓÄ»ΓÄ»[39m

[31m[1m[7m FAIL [27m[22m[39m 
client/src/contexts/AuthContext.test.tsx[2m > 
[22mAuthProvider[2m > [22minitialization[2m > 
[22mclears invalid stored data and initializes as 
unauthenticated
[31m[1mAssertionError[22m: expected 'some-token' to be 
null[39m

[32m- Expected:[39m 
null

[31m+ Received:[39m 
"some-token"

[36m [2mΓ¥»[22m client/src/contexts/AuthContext.test.tsx:
[2m139:51[22m[39m
    [90m137| [39m
    [90m138| [39m      [34mexpect[39m(screen[33m.[39m
[34mgetByTestId[39m([32m'authenticated'[39m))[33m.[39m
[34mtoHaveTextContent[39m([32m'u[39mΓÇª
    [90m139| [39m      [34mexpect[39m(localStorage[33m.
[39m[34mgetItem[39m([32m'accessToken'[39m))[33m.[39m
[34mtoBeNull[39m()[33m;[39m
    [90m   | [39m                                         
         [31m^[39m
    [90m140| [39m      [34mexpect[39m(localStorage[33m.
[39m[34mgetItem[39m([32m'userInfo'[39m))[33m.[39m[34
mtoBeNull[39m()[33m;[39m
    [90m141| [39m    })[33m;[39m

[31m[2mΓÄ»ΓÄ»ΓÄ»ΓÄ»ΓÄ»ΓÄ»ΓÄ»ΓÄ»ΓÄ»ΓÄ»ΓÄ»ΓÄ»ΓÄ»ΓÄ»ΓÄ»ΓÄ»ΓÄ»
ΓÄ»ΓÄ»ΓÄ»ΓÄ»ΓÄ»ΓÄ»[1/17]ΓÄ»[22m[39m

[31m[1m[7m FAIL [27m[22m[39m 
client/src/contexts/AuthContext.test.tsx[2m > 
[22mAuthProvider[2m > [22mhandleCallback[2m > 
[22mexchanges code for tokens and sets auth state
[31m[1mAssertionError[22m: expected null to be 
'new-access-token' // Object.is equality[39m

[32m- Expected:[39m 
"new-access-token"

[31m+ Received:[39m 
null

[36m [2mΓ¥»[22m client/src/contexts/AuthContext.test.tsx:
[2m348:51[22m[39m
    [90m346| [39m
    [90m347| [39m      [90m// Verify localStorage 
updated[39m
    [90m348| [39m      [34mexpect[39m(localStorage[33m.
[39m[34mgetItem[39m([32m'accessToken'[39m))[33m.[39m
[34mtoBe[39m([32m'new-access-tok[39mΓÇª
    [90m   | [39m                                         
         [31m^[39m
    [90m349| [39m      [34mexpect[39m(localStorage[33m.
[39m[34mgetItem[39m([32m'tenantId'[39m))[33m.[39m[34
mtoBe[39m([32m'test-tenant'[39m)[33m;[39m
    [90m350| [39m

[31m[2mΓÄ»ΓÄ»ΓÄ»ΓÄ»ΓÄ»ΓÄ»ΓÄ»ΓÄ»ΓÄ»ΓÄ»ΓÄ»ΓÄ»ΓÄ»ΓÄ»ΓÄ»ΓÄ»ΓÄ»
ΓÄ»ΓÄ»ΓÄ»ΓÄ»ΓÄ»ΓÄ»[2/17]ΓÄ»[22m[39m

[31m[1m[7m FAIL [27m[22m[39m 
client/src/contexts/AuthContext.test.tsx[2m > 
[22mAuthProvider[2m > [22mlogout[2m > [22mclears all 
auth state and storage
[31m[1mAssertionError[22m: expected 'token-123' to be 
null[39m

[32m- Expected:[39m 
null

[31m+ Received:[39m 
"token-123"

[36m [2mΓ¥»[22m client/src/contexts/AuthContext.test.tsx:
[2m478:51[22m[39m
    [90m476| [39m
    [90m477| [39m      [90m// Verify all storage 
cleared[39m
    [90m478| [39m      [34mexpect[39m(localStorage[33m.
[39m[34mgetItem[39m([32m'accessToken'[39m))[33m.[39m
[34mtoBeNull[39m()[33m;[39m
    [90m   | [39m                                         
         [31m^[39m
    [90m479| [39m      [34mexpect[39m(localStorage[33m.
[39m[34mgetItem[39m([32m'userInfo'[39m))[33m.[39m[34
mtoBeNull[39m()[33m;[39m
    [90m480| [39m      [34mexpect[39m(localStorage[33m.
[39m[34mgetItem[39m([32m'tenantId'[39m))[33m.[39m[34
mtoBeNull[39m()[33m;[39m

[31m[2mΓÄ»ΓÄ»ΓÄ»ΓÄ»ΓÄ»ΓÄ»ΓÄ»ΓÄ»ΓÄ»ΓÄ»ΓÄ»ΓÄ»ΓÄ»ΓÄ»ΓÄ»ΓÄ»ΓÄ»
ΓÄ»ΓÄ»ΓÄ»ΓÄ»ΓÄ»ΓÄ»[3/17]ΓÄ»[22m[39m

[31m[1m[7m FAIL [27m[22m[39m 
client/src/pages/ValuePacks.test.tsx[2m > 
[22mValuePacks[2m > [22mPage Load[2m > [22mdisplays 
error state with retry button when API fails
[31m[1mTestingLibraryElementError[22m[39m: Unable to 
find an element with the text: /Failed to load value 
packs/i. This could be because the text is broken up by 
multiple elements. In this case, you can provide a function 
for your text matcher to make your matcher more flexible.

Ignored nodes: comments, script, style
[36m<body>[39m
  [36m<div>[39m
    [36m<div[39m
      [33mclass[39m=[32m"p-6 max-w-7xl"[39m
    [36m>[39m
      [36m<div[39m
        [33mclass[39m=[32m"flex items-start 
justify-between mb-6"[39m
      [36m>[39m
        [36m<div[39m
          [33mclass[39m=[32m"pb-6 mb-6 border-b 
border-border"[39m
        [36m>[39m
          [36m<div[39m
            [33mclass[39m=[32m"flex items-start 
justify-between gap-4"[39m
          [36m>[39m
            [36m<div[39m
              [33mclass[39m=[32m"flex-1 min-w-0"[39m
            [36m>[39m
              [36m<h1[39m
                [33mclass[39m=[32m"text-[24px] 
font-semibold tracking-[-0.01em] text-foreground 
leading-[1.2]"[39m
              [36m>[39m
                [0mValue Packs[0m
              [36m</h1>[39m
              [36m<p[39m
                [33mclass[39m=[32m"text-[13px] 
text-muted-foreground mt-1 leading-relaxed"[39m
              [36m>[39m
                [0mBrowse and deploy value pack content[0m
              [36m</p>[39m
            [36m</div>[39m
          [36m</div>[39m
        [36m</div>[39m
        [36m<div[39m
          [33mclass[39m=[32m"flex items-center gap-2 
shrink-0"[39m
        [36m>[39m
          [36m<button[39m
            [33mclass[39m=[32m"inline-flex items-center 
justify-center gap-2 whitespace-nowrap transition-colors 
focus-visible:outline-none focus-visible:ring-1 
focus-visible:ring-ring disabled:pointer-events-none 
disabled:opacity-50 [&_svg]:pointer-events-none 
[&_svg]:size-4 [&_svg]:shrink-0 hover:bg-accent 
hover:text-accent-foreground h-8 rounded-md px-3 
text-[12px] font-semibold"[39m
          [36m>[39m
            [36m<svg[39m
              [33mclass[39m=[32m"lucide lucide-filter 
mr-1"[39m
              [33mfill[39m=[32m"none"[39m
              [33mheight[39m=[32m"13"[39m
              [33mstroke[39m=[32m"currentColor"[39m
              [33mstroke-linecap[39m=[32m"round"[39m
              [33mstroke-linejoin[39m=[32m"round"[39m
              [33mstroke-width[39m=[32m"2"[39m
              [33mviewBox[39m=[32m"0 0 24 24"[39m
              [33mwidth[39m=[32m"13"[39m
              
[33mxmlns[39m=[32m"http://www.w3.org/2000/svg"[39m
            [36m>[39m
              [36m<polygon[39m
                [33mpoints[39m=[32m"22 3 2 3 10 12.46 10 
19 14 21 14 12.46 22 3"[39m
              [36m/>[39m
            [36m</svg>[39m
            [0m Filter[0m
          [36m</button>[39m
          [36m<button[39m
            [33mclass[39m=[32m"inline-flex items-center 
justify-center gap-2 whitespace-nowrap transition-colors 
focus-visible:outline-none focus-visible:ring-1 
focus-visible:ring-ring disabled:pointer-events-none 
disabled:opacity-50 [&_svg]:pointer-events-none 
[&_svg]:size-4 [&_svg]:shrink-0 bg-primary 
text-primary-foreground shadow hover:bg-primary/90 h-8 
rounded-md px-3 text-[12px] font-semibold"[39m
          [36m>[39m
            [36m<svg[39m
              [33mclass[39m=[32m"lucide lucide-upload 
mr-1"[39m
              [33mfill[39m=[32m"none"[39m
              [33mheight[39m=[32m"13"[39m
              [33mstroke[39m=[32m"currentColor"[39m
              [33mstroke-linecap[39m=[32m"round"[39m
              [33mstroke-linejoin[39m=[32m"round"[39m
              [33mstroke-width[39m=[32m"2"[39m
              [33mviewBox[39m=[32m"0 0 24 24"[39m
              [33mwidth[39m=[32m"13"[39m
              
[33mxmlns[39m=[32m"http://www.w3.org/2000/svg"[39m
            [36m>[39m
              [36m<path[39m
                [33md[39m=[32m"M21 15v4a2 2 0 0 1-2 
2H5a2 2 0 0 1-2-2v-4"[39m
              [36m/>[39m
              [36m<polyline[39m
                [33mpoints[39m=[32m"17 8 12 3 7 8"[39m
              [36m/>[39m
              [36m<line[39m
                [33mx1[39m=[32m"12"[39m
                [33mx2[39m=[32m"12"[39m
                [33my1[39m=[32m"3"[39m
                [33my2[39m=[32m"15"[39m
              [36m/>[39m
            [36m</svg>[39m
            [0m Import Pack[0m
          [36m</button>[39m
        [36m</div>[39m
      [36m</div>[39m
      [36m<div[39m
        [33mclass[39m=[32m"grid gap-5 
grid-cols-[1fr_280px]"[39m
      [36m>[39m
        [36m<div[39m
          [33mclass[39m=[32m"min-w-0"[39m
        [36m>[39m
          [36m<div[39m
            [33mclass[39m=[32m"bg-card border 
border-border rounded-lg px-4 py-3 mb-5"[39m
          [36m>[39m
            [36m<div[39m
              [33mclass[39m=[32m"flex items-center gap-3 
flex-wrap"[39m
            [36m>[39m
              [36m<button[39m
                [33maria-autocomplete[39m=[32m"none"[39m
                
[33maria-controls[39m=[32m"radix-_r_43_"[39m
                [33maria-expanded[39m=[32m"false"[39m
                [33mclass[39m=[32m"border-input 
data-[placeholder]:text-muted-foreground 
[&_svg:not([class*='text-'])]:text-muted-foreground 
focus-visible:border-ring focus-visible:ring-ring/50 
aria-invalid:ring-destructive/20 
dark:aria-invalid:ring-destructive/40 
aria-invalid:border-destructive dark:bg-input/30 
dark:hover:bg-input/50 flex w-fit items-center 
justify-between gap-2 rounded-md border bg-transparent px-3 
py-2 whitespace-nowrap shadow-xs 
transition-[color,box-shadow] outline-none 
focus-visible:ring-[3px] disabled:cursor-not-allowed 
disabled:opacity-50 data-[size=default]:h-9 
data-[size=sm]:h-8 *:data-[slot=select-value]:line-clamp-1 
*:data-[slot=select-value]:flex 
*:data-[slot=select-value]:items-center 
*:data-[slot=select-value]:gap-2 
[&_svg]:pointer-events-none [&_svg]:shrink-0 
[&_svg:not([class*='size-'])]:size-4 h-8 text-[11px] 
min-w-[120px]"[39m
                [33mdata-size[39m=[32m"default"[39m
                
[33mdata-slot[39m=[32m"select-trigger"[39m
                [33mdata-state[39m=[32m"closed"[39m
                [33mdir[39m=[32m"ltr"[39m
                [33mrole[39m=[32m"combobox"[39m
                [33mtype[39m=[32m"button"[39m
              [36m>[39m
                [36m<span[39m
                  
[33mdata-slot[39m=[32m"select-value"[39m
                  [33mstyle[39m=[32m"pointer-events: 
none;"[39m
                [36m>[39m
                  [0mAll Categories[0m
                [36m</span>[39m
                [36m<svg[39m
                  [33maria-hidden[39m=[32m"true"[39m
                  [33mclass[39m=[32m"lucide 
lucide-chevron-down size-4 opacity-50"[39m
                  [33mfill[39m=[32m"none"[39m
                  [33mheight[39m=[32m"24"[39m
                  [33mstroke[39m=[32m"currentColor"[39m
                  [33mstroke-linecap[39m=[32m"round"[39m
                  
[33mstroke-linejoin[39m=[32m"round"[39m
                  [33mstroke-width[39m=[32m"2"[39m
                  [33mviewBox[39m=[32m"0 0 24 24"[39m
                  [...

Ignored nodes: comments, script, style
[36m<html>[39m
  [36m<head />[39m
  [36m<body>[39m
    [36m<div>[39m
      [36m<div[39m
        [33mclass[39m=[32m"p-6 max-w-7xl"[39m
      [36m>[39m
        [36m<div[39m
          [33mclass[39m=[32m"flex items-start 
justify-between mb-6"[39m
        [36m>[39m
          [36m<div[39m
            [33mclass[39m=[32m"pb-6 mb-6 border-b 
border-border"[39m
          [36m>[39m
            [36m<div[39m
              [33mclass[39m=[32m"flex items-start 
justify-between gap-4"[39m
            [36m>[39m
              [36m<div[39m
                [33mclass[39m=[32m"flex-1 min-w-0"[39m
              [36m>[39m
                [36m<h1[39m
                  [33mclass[39m=[32m"text-[24px] 
font-semibold tracking-[-0.01em] text-foreground 
leading-[1.2]"[39m
                [36m>[39m
                  [0mValue Packs[0m
                [36m</h1>[39m
                [36m<p[39m
                  [33mclass[39m=[32m"text-[13px] 
text-muted-foreground mt-1 leading-relaxed"[39m
                [36m>[39m
                  [0mBrowse and deploy value pack 
content[0m
                [36m</p>[39m
              [36m</div>[39m
            [36m</div>[39m
          [36m</div>[39m
          [36m<div[39m
            [33mclass[39m=[32m"flex items-center gap-2 
shrink-0"[39m
          [36m>[39m
            [36m<button[39m
              [33mclass[39m=[32m"inline-flex 
items-center justify-center gap-2 whitespace-nowrap 
transition-colors focus-visible:outline-none 
focus-visible:ring-1 focus-visible:ring-ring 
disabled:pointer-events-none disabled:opacity-50 
[&_svg]:pointer-events-none [&_svg]:size-4 [&_svg]:shrink-0 
hover:bg-accent hover:text-accent-foreground h-8 rounded-md 
px-3 text-[12px] font-semibold"[39m
            [36m>[39m
              [36m<svg[39m
                [33mclass[39m=[32m"lucide lucide-filter 
mr-1"[39m
                [33mfill[39m=[32m"none"[39m
                [33mheight[39m=[32m"13"[39m
                [33mstroke[39m=[32m"currentColor"[39m
                [33mstroke-linecap[39m=[32m"round"[39m
                [33mstroke-linejoin[39m=[32m"round"[39m
                [33mstroke-width[39m=[32m"2"[39m
                [33mviewBox[39m=[32m"0 0 24 24"[39m
                [33mwidth[39m=[32m"13"[39m
                
[33mxmlns[39m=[32m"http://www.w3.org/2000/svg"[39m
              [36m>[39m
                [36m<polygon[39m
                  [33mpoints[39m=[32m"22 3 2 3 10 12.46 
10 19 14 21 14 12.46 22 3"[39m
                [36m/>[39m
              [36m</svg>[39m
              [0m Filter[0m
            [36m</button>[39m
            [36m<button[39m
              [33mclass[39m=[32m"inline-flex 
items-center justify-center gap-2 whitespace-nowrap 
transition-colors focus-visible:outline-none 
focus-visible:ring-1 focus-visible:ring-ring 
disabled:pointer-events-none disabled:opacity-50 
[&_svg]:pointer-events-none [&_svg]:size-4 [&_svg]:shrink-0 
bg-primary text-primary-foreground shadow 
hover:bg-primary/90 h-8 rounded-md px-3 text-[12px] 
font-semibold"[39m
            [36m>[39m
              [36m<svg[39m
                [33mclass[39m=[32m"lucide lucide-upload 
mr-1"[39m
                [33mfill[39m=[32m"none"[39m
                [33mheight[39m=[32m"13"[39m
                [33mstroke[39m=[32m"currentColor"[39m
                [33mstroke-linecap[39m=[32m"round"[39m
                [33mstroke-linejoin[39m=[32m"round"[39m
                [33mstroke-width[39m=[32m"2"[39m
                [33mviewBox[39m=[32m"0 0 24 24"[39m
                [33mwidth[39m=[32m"13"[39m
                
[33mxmlns[39m=[32m"http://www.w3.org/2000/svg"[39m
              [36m>[39m
                [36m<path[39m
                  [33md[39m=[32m"M21 15v4a2 2 0 0 1-2 
2H5a2 2 0 0 1-2-2v-4"[39m
                [36m/>[39m
                [36m<polyline[39m
                  [33mpoints[39m=[32m"17 8 12 3 7 8"[39m
                [36m/>[39m
                [36m<line[39m
                  [33mx1[39m=[32m"12"[39m
                  [33mx2[39m=[32m"12"[39m
                  [33my1[39m=[32m"3"[39m
                  [33my2[39m=[32m"15"[39m
                [36m/>[39m
              [36m</svg>[39m
              [0m Import Pack[0m
            [36m</button>[39m
          [36m</div>[39m
        [36m</div>[39m
        [36m<div[39m
          [33mclass[39m=[32m"grid gap-5 
grid-cols-[1fr_280px]"[39m
        [36m>[39m
          [36m<div[39m
            [33mclass[39m=[32m"min-w-0"[39m
          [36m>[39m
            [36m<div[39m
              [33mclass[39m=[32m"bg-card border 
border-border rounded-lg px-4 py-3 mb-5"[39m
            [36m>[39m
              [36m<div[39m
                [33mclass[39m=[32m"flex items-center 
gap-3 flex-wrap"[39m
              [36m>[39m
                [36m<button[39m
                  
[33maria-autocomplete[39m=[32m"none"[39m
                  
[33maria-controls[39m=[32m"radix-_r_43_"[39m
                  [33maria-expanded[39m=[32m"false"[39m
                  [33mclass[39m=[32m"border-input 
data-[placeholder]:text-muted-foreground 
[&_svg:not([class*='text-'])]:text-muted-foreground 
focus-visible:border-ring focus-visible:ring-ring/50 
aria-invalid:ring-destructive/20 
dark:aria-invalid:ring-destructive/40 
aria-invalid:border-destructive dark:bg-input/30 
dark:hover:bg-input/50 flex w-fit items-center 
justify-between gap-2 rounded-md border bg-transparent px-3 
py-2 whitespace-nowrap shadow-xs 
transition-[color,box-shadow] outline-none 
focus-visible:ring-[3px] disabled:cursor-not-allowed 
disabled:opacity-50 data-[size=default]:h-9 
data-[size=sm]:h-8 *:data-[slot=select-value]:line-clamp-1 
*:data-[slot=select-value]:flex 
*:data-[slot=select-value]:items-center 
*:data-[slot=select-value]:gap-2 
[&_svg]:pointer-events-none [&_svg]:shrink-0 
[&_svg:not([class*='size-'])]:size-4 h-8 text-[11px] 
min-w-[120px]"[39m
                  [33mdata-size[39m=[32m"default"[39m
                  
[33mdata-slot[39m=[32m"select-trigger"[39m
                  [33mdata-state[39m=[32m"closed"[39m
                  [33mdir[39m=[32m"ltr"[39m
                  [33mrole[39m=[32m"combobox"[39m
                  [33mtype[39m=[32m"button"[39m
                [36m>[39m
                  [36m<span[39m
                    
[33mdata-slot[39m=[32m"select-value"[39m
                    [33mstyle[39m=[32m"pointer-events: 
none;"[39m
                  [36m>[39m
                    [0mAll Categories[0m
                  [36m</span>[39m
                  [36m<svg[39m
                    [33maria-hidden[39m=[32m"true"[39m
                    [33mclass[39m=[32m"lucide 
lucide-chevron-down size-4 opacity-50"[39m
                    [33mfill[39m=[32m"none"[39m
                    [33mheight[39m=[32m"24"[39m
                    [33mstroke[39m...
[90m [2mΓ¥»[22m Proxy.waitForWrapper node_modules/.pnpm/@
testing-library+dom@10.4.1/node_modules/@testing-library/dom
/dist/wait-for.js:[2m163:27[22m[39m
[36m [2mΓ¥»[22m 
client/src/pages/ValuePacks.test.tsx:[2m132:13[22m[39m
    [90m130| [39m      })[33m;[39m
    [90m131| [39m
    [90m132| [39m      [35mawait[39m 
[34mwaitFor[39m(() [33m=>[39m {
    [90m   | [39m            [31m^[39m
    [90m133| [39m        [34mexpect[39m(screen[33m.[39
m[34mgetByText[39m([36m/Failed to load value 
packs/i[39m))[33m.[39m[34mtoBeIn[39mΓÇª
    [90m134| [39m      })[33m;[39m

[31m[2mΓÄ»ΓÄ»ΓÄ»ΓÄ»ΓÄ»ΓÄ»ΓÄ»ΓÄ»ΓÄ»ΓÄ»ΓÄ»ΓÄ»ΓÄ»ΓÄ»ΓÄ»ΓÄ»ΓÄ»
ΓÄ»ΓÄ»ΓÄ»ΓÄ»ΓÄ»ΓÄ»[4/17]ΓÄ»[22m[39m

[31m[1m[7m FAIL [27m[22m[39m 
client/src/pages/ValuePacks.test.tsx[2m > 
[22mValuePacks[2m > [22mDeploy Flow - Error Paths[2m > 
[22mdisplays deploy error in pack actions panel when API 
returns 400
[31m[1mError[22m[39m: [2mexpect([22m[31mreceived[39m
[2m).toBeInTheDocument()[22m

[31mreceived[39m value must be an HTMLElement or an 
SVGElement.


Ignored nodes: comments, script, style
[36m<html>[39m
  [36m<head />[39m
  [36m<body>[39m
    [36m<div>[39m
      [36m<div[39m
        [33mclass[39m=[32m"p-6 max-w-7xl"[39m
      [36m>[39m
        [36m<div[39m
          [33mclass[39m=[32m"flex items-start 
justify-between mb-6"[39m
        [36m>[39m
          [36m<div[39m
            [33mclass[39m=[32m"pb-6 mb-6 border-b 
border-border"[39m
          [36m>[39m
            [36m<div[39m
              [33mclass[39m=[32m"flex items-start 
justify-between gap-4"[39m
            [36m>[39m
              [36m<div[39m
                [33mclass[39m=[32m"flex-1 min-w-0"[39m
              [36m>[39m
                [36m<h1[39m
                  [33mclass[39m=[32m"text-[24px] 
font-semibold tracking-[-0.01em] text-foreground 
leading-[1.2]"[39m
                [36m>[39m
                  [0mValue Packs[0m
                [36m</h1>[39m
                [36m<p[39m
                  [33mclass[39m=[32m"text-[13px] 
text-muted-foreground mt-1 leading-relaxed"[39m
                [36m>[39m
                  [0mBrowse and deploy value pack 
content[0m
                [36m</p>[39m
              [36m</div>[39m
            [36m</div>[39m
          [36m</div>[39m
          [36m<div[39m
            [33mclass[39m=[32m"flex items-center gap-2 
shrink-0"[39m
          [36m>[39m
            [36m<button[39m
              [33mclass[39m=[32m"inline-flex 
items-center justify-center gap-2 whitespace-nowrap 
transition-colors focus-visible:outline-none 
focus-visible:ring-1 focus-visible:ring-ring 
disabled:pointer-events-none disabled:opacity-50 
[&_svg]:pointer-events-none [&_svg]:size-4 [&_svg]:shrink-0 
hover:bg-accent hover:text-accent-foreground h-8 rounded-md 
px-3 text-[12px] font-semibold"[39m
            [36m>[39m
              [36m<svg[39m
                [33mclass[39m=[32m"lucide lucide-filter 
mr-1"[39m
                [33mfill[39m=[32m"none"[39m
                [33mheight[39m=[32m"13"[39m
                [33mstroke[39m=[32m"currentColor"[39m
                [33mstroke-linecap[39m=[32m"round"[39m
                [33mstroke-linejoin[39m=[32m"round"[39m
                [33mstroke-width[39m=[32m"2"[39m
                [33mviewBox[39m=[32m"0 0 24 24"[39m
                [33mwidth[39m=[32m"13"[39m
                
[33mxmlns[39m=[32m"http://www.w3.org/2000/svg"[39m
              [36m>[39m
                [36m<polygon[39m
                  [33mpoints[39m=[32m"22 3 2 3 10 12.46 
10 19 14 21 14 12.46 22 3"[39m
                [36m/>[39m
              [36m</svg>[39m
              [0m Filter[0m
            [36m</button>[39m
            [36m<button[39m
              [33mclass[39m=[32m"inline-flex 
items-center justify-center gap-2 whitespace-nowrap 
transition-colors focus-visible:outline-none 
focus-visible:ring-1 focus-visible:ring-ring 
disabled:pointer-events-none disabled:opacity-50 
[&_svg]:pointer-events-none [&_svg]:size-4 [&_svg]:shrink-0 
bg-primary text-primary-foreground shadow 
hover:bg-primary/90 h-8 rounded-md px-3 text-[12px] 
font-semibold"[39m
            [36m>[39m
              [36m<svg[39m
                [33mclass[39m=[32m"lucide lucide-upload 
mr-1"[39m
                [33mfill[39m=[32m"none"[39m
                [33mheight[39m=[32m"13"[39m
                [33mstroke[39m=[32m"currentColor"[39m
                [33mstroke-linecap[39m=[32m"round"[39m
                [33mstroke-linejoin[39m=[32m"round"[39m
                [33mstroke-width[39m=[32m"2"[39m
                [33mviewBox[39m=[32m"0 0 24 24"[39m
                [33mwidth[39m=[32m"13"[39m
                
[33mxmlns[39m=[32m"http://www.w3.org/2000/svg"[39m
              [36m>[39m
                [36m<path[39m
                  [33md[39m=[32m"M21 15v4a2 2 0 0 1-2 
2H5a2 2 0 0 1-2-2v-4"[39m
                [36m/>[39m
                [36m<polyline[39m
                  [33mpoints[39m=[32m"17 8 12 3 7 8"[39m
                [36m/>[39m
                [36m<line[39m
                  [33mx1[39m=[32m"12"[39m
                  [33mx2[39m=[32m"12"[39m
                  [33my1[39m=[32m"3"[39m
                  [33my2[39m=[32m"15"[39m
                [36m/>[39m
              [36m</svg>[39m
              [0m Import Pack[0m
            [36m</button>[39m
          [36m</div>[39m
        [36m</div>[39m
        [36m<div[39m
          [33mclass[39m=[32m"grid gap-5 
grid-cols-[1fr_280px]"[39m
        [36m>[39m
          [36m<div[39m
            [33mclass[39m=[32m"min-w-0"[39m
          [36m>[39m
            [36m<div[39m
              [33mclass[39m=[32m"bg-card border 
border-border rounded-lg px-4 py-3 mb-5"[39m
            [36m>[39m
              [36m<div[39m
                [33mclass[39m=[32m"flex items-center 
gap-3 flex-wrap"[39m
              [36m>[39m
                [36m<button[39m
                  
[33maria-autocomplete[39m=[32m"none"[39m
                  
[33maria-controls[39m=[32m"radix-_r_b3_"[39m
                  [33maria-expanded[39m=[32m"false"[39m
                  [33mclass[39m=[32m"border-input 
data-[placeholder]:text-muted-foreground 
[&_svg:not([class*='text-'])]:text-muted-foreground 
focus-visible:border-ring focus-visible:ring-ring/50 
aria-invalid:ring-destructive/20 
dark:aria-invalid:ring-destructive/40 
aria-invalid:border-destructive dark:bg-input/30 
dark:hover:bg-input/50 flex w-fit items-center 
justify-between gap-2 rounded-md border bg-transparent px-3 
py-2 whitespace-nowrap shadow-xs 
transition-[color,box-shadow] outline-none 
focus-visible:ring-[3px] disabled:cursor-not-allowed 
disabled:opacity-50 data-[size=default]:h-9 
data-[size=sm]:h-8 *:data-[slot=select-value]:line-clamp-1 
*:data-[slot=select-value]:flex 
*:data-[slot=select-value]:items-center 
*:data-[slot=select-value]:gap-2 
[&_svg]:pointer-events-none [&_svg]:shrink-0 
[&_svg:not([class*='size-'])]:size-4 h-8 text-[11px] 
min-w-[120px]"[39m
                  [33mdata-size[39m=[32m"default"[39m
                  
[33mdata-slot[39m=[32m"select-trigger"[39m
                  [33mdata-state[39m=[32m"closed"[39m
                  [33mdir[39m=[32m"ltr"[39m
                  [33mrole[39m=[32m"combobox"[39m
                  [33mtype[39m=[32m"button"[39m
                [36m>[39m
                  [36m<span[39m
                    
[33mdata-slot[39m=[32m"select-value"[39m
                    [33mstyle[39m=[32m"pointer-events: 
none;"[39m
                  [36m>[39m
                    [0mAll Categories[0m
                  [36m</span>[39m
                  [36m<svg[39m
                    [33maria-hidden[39m=[32m"true"[39m
                    [33mclass[39m=[32m"lucide 
lucide-chevron-down size-4 opacity-50"[39m
                    [33mfill[39m=[32m"none"[39m
                    [33mheight[39m=[32m"24"[39m
                    [33mstroke[39m...
[36m [2mΓ¥»[22m 
client/src/pages/ValuePacks.test.tsx:[2m341:26[22m[39m
    [90m339| [39m        [35mconst[39m packActions 
[33m=[39m screen[33m.[39m[34mgetByTestId[39m([32m'pac
k-actions'[39m)[33m;[39m
    [90m340| [39m        [35mconst[39m errorDiv 
[33m=[39m packActions[33m.[39m[34mquerySelector[39m([
32m'[class*="destructi[39mΓÇª
    [90m341| [39m        [34mexpect[39m(errorDiv)[33m.
[39m[34mtoBeInTheDocument[39m()[33m;[39m
    [90m   | [39m                         [31m^[39m
    [90m342| [39m      })[33m;[39m
    [90m343| [39m    })[33m;[39m
[90m [2mΓ¥»[22m runWithExpensiveErrorDiagnosticsDisabled 
node_modules/.pnpm/@testing-library+dom@10.4.1/node_modules/
@testing-library/dom/dist/config.js:[2m47:12[22m[39m
[90m [2mΓ¥»[22m checkCallback node_modules/.pnpm/@testing
-library+dom@10.4.1/node_modules/@testing-library/dom/dist/w
ait-for.js:[2m124:77[22m[39m
[90m [2mΓ¥»[22m Timeout.checkRealTimersCallback node_modu
les/.pnpm/@testing-library+dom@10.4.1/node_modules/@testing-
library/dom/dist/wait-for.js:[2m118:16[22m[39m

[31m[2mΓÄ»ΓÄ»ΓÄ»ΓÄ»ΓÄ»ΓÄ»ΓÄ»ΓÄ»ΓÄ»ΓÄ»ΓÄ»ΓÄ»ΓÄ»ΓÄ»ΓÄ»ΓÄ»ΓÄ»
ΓÄ»ΓÄ»ΓÄ»ΓÄ»ΓÄ»ΓÄ»[5/17]ΓÄ»[22m[39m

[31m[1m[7m FAIL [27m[22m[39m 
client/src/services/authClient.test.ts[2m > 
[22mAuthClient[2m > [22mgetCurrentSession[2m > 
[22mshould return null when no session exists
[31m[1mAssertionError[22m: expected Promise{ΓÇª} to be 
null[39m

[32m- Expected:[39m 
null

[31m+ Received:[39m 
Promise {}

[36m [2mΓ¥»[22m 
client/src/services/authClient.test.ts:[2m196:23[22m[39m
    [90m194| [39m      [35mconst[39m session 
[33m=[39m 
client[33m.[39m[34mgetCurrentSession[39m()[33m;[39m
    [90m195| [39m
    [90m196| [39m      [34mexpect[39m(session)[33m.[39
m[34mtoBeNull[39m()[33m;[39m
    [90m   | [39m                      [31m^[39m
    [90m197| [39m    })[33m;[39m
    [90m198| [39m

[31m[2mΓÄ»ΓÄ»ΓÄ»ΓÄ»ΓÄ»ΓÄ»ΓÄ»ΓÄ»ΓÄ»ΓÄ»ΓÄ»ΓÄ»ΓÄ»ΓÄ»ΓÄ»ΓÄ»ΓÄ»
ΓÄ»ΓÄ»ΓÄ»ΓÄ»ΓÄ»ΓÄ»[6/17]ΓÄ»[22m[39m

[31m[1m[7m FAIL [27m[22m[39m 
client/src/services/authClient.test.ts[2m > 
[22mAuthClient[2m > [22mgetCurrentSession[2m > 
[22mshould return null when only token exists (no user 
info)
[31m[1mAssertionError[22m: expected Promise{ΓÇª} to be 
null[39m

[32m- Expected:[39m 
null

[31m+ Received:[39m 
Promise {}

[36m [2mΓ¥»[22m 
client/src/services/authClient.test.ts:[2m208:23[22m[39m
    [90m206| [39m      [35mconst[39m session 
[33m=[39m 
client[33m.[39m[34mgetCurrentSession[39m()[33m;[39m
    [90m207| [39m
    [90m208| [39m      [34mexpect[39m(session)[33m.[39
m[34mtoBeNull[39m()[33m;[39m
    [90m   | [39m                      [31m^[39m
    [90m209| [39m    })[33m;[39m
    [90m210| [39m

[31m[2mΓÄ»ΓÄ»ΓÄ»ΓÄ»ΓÄ»ΓÄ»ΓÄ»ΓÄ»ΓÄ»ΓÄ»ΓÄ»ΓÄ»ΓÄ»ΓÄ»ΓÄ»ΓÄ»ΓÄ»
ΓÄ»ΓÄ»ΓÄ»ΓÄ»ΓÄ»ΓÄ»[7/17]ΓÄ»[22m[39m

[31m[1m[7m FAIL [27m[22m[39m 
client/src/services/authClient.test.ts[2m > 
[22mAuthClient[2m > [22mgetCurrentSession[2m > 
[22mshould return valid session when both token and user 
exist
[31m[1mAssertionError[22m: expected Promise{ΓÇª} to 
deeply equal { id: 'user-123', ΓÇª(4) }[39m

[32m- Expected[39m
[31m+ Received[39m

[32m- Object {[39m
[32m-   "email": "user@example.com",[39m
[32m-   "id": "user-123",[39m
[32m-   "role": "analyst",[39m
[32m-   "tenantId": "tenant-123",[39m
[32m-   "tenantSlug": "tenant",[39m
[32m- }[39m
[31m+ Promise {}[39m

[36m [2mΓ¥»[22m 
client/src/services/authClient.test.ts:[2m230:23[22m[39m
    [90m228| [39m      [35mconst[39m session 
[33m=[39m 
client[33m.[39m[34mgetCurrentSession[39m()[33m;[39m
    [90m229| [39m
    [90m230| [39m      [34mexpect[39m(session)[33m.[39
m[34mtoEqual[39m(userInfo)[33m;[39m
    [90m   | [39m                      [31m^[39m
    [90m231| [39m    })[33m;[39m
    [90m232| [39m

[31m[2mΓÄ»ΓÄ»ΓÄ»ΓÄ»ΓÄ»ΓÄ»ΓÄ»ΓÄ»ΓÄ»ΓÄ»ΓÄ»ΓÄ»ΓÄ»ΓÄ»ΓÄ»ΓÄ»ΓÄ»
ΓÄ»ΓÄ»ΓÄ»ΓÄ»ΓÄ»ΓÄ»[8/17]ΓÄ»[22m[39m

[31m[1m[7m FAIL [27m[22m[39m 
client/src/services/authClient.test.ts[2m > 
[22mAuthClient[2m > [22mgetCurrentSession[2m > 
[22mshould clear session on invalid user JSON
[31m[1mAssertionError[22m: expected Promise{ΓÇª} to be 
null[39m

[32m- Expected:[39m 
null

[31m+ Received:[39m 
Promise {}

[36m [2mΓ¥»[22m 
client/src/services/authClient.test.ts:[2m245:23[22m[39m
    [90m243| [39m
    [90m244| [39m      [90m// Assert: Session should be 
null and storage cleared[39m
    [90m245| [39m      [34mexpect[39m(session)[33m.[39
m[34mtoBeNull[39m()[33m;[39m
    [90m   | [39m                      [31m^[39m
    [90m246| [39m      [34mexpect[39m(mockLocalStorage[
33m.[39mremoveItem)[33m.[39m[34mtoHaveBeenCalledWith[39
m([32m'access[39mΓÇª
    [90m247| [39m      [34mexpect[39m(mockLocalStorage[
33m.[39mremoveItem)[33m.[39m[34mtoHaveBeenCalledWith[39
m([32m'userIn[39mΓÇª

[31m[2mΓÄ»ΓÄ»ΓÄ»ΓÄ»ΓÄ»ΓÄ»ΓÄ»ΓÄ»ΓÄ»ΓÄ»ΓÄ»ΓÄ»ΓÄ»ΓÄ»ΓÄ»ΓÄ»ΓÄ»
ΓÄ»ΓÄ»ΓÄ»ΓÄ»ΓÄ»ΓÄ»[9/17]ΓÄ»[22m[39m

[31m[1m[7m FAIL [27m[22m[39m 
client/src/services/authClient.test.ts[2m > 
[22mAuthClient[2m > [22mgetCurrentSession[2m > 
[22mshould clear session on schema validation failure
[31m[1mAssertionError[22m: expected Promise{ΓÇª} to be 
null[39m

[32m- Expected:[39m 
null

[31m+ Received:[39m 
Promise {}

[36m [2mΓ¥»[22m 
client/src/services/authClient.test.ts:[2m266:23[22m[39m
    [90m264| [39m
    [90m265| [39m      [90m// Assert: Session should be 
cleared and null returned[39m
    [90m266| [39m      [34mexpect[39m(session)[33m.[39
m[34mtoBeNull[39m()[33m;[39m
    [90m   | [39m                      [31m^[39m
    [90m267| [39m      [34mexpect[39m(mockLocalStorage[
33m.[39mremoveItem)[33m.[39m[34mtoHaveBeenCalledWith[39
m([32m'access[39mΓÇª
    [90m268| [39m    })[33m;[39m

[31m[2mΓÄ»ΓÄ»ΓÄ»ΓÄ»ΓÄ»ΓÄ»ΓÄ»ΓÄ»ΓÄ»ΓÄ»ΓÄ»ΓÄ»ΓÄ»ΓÄ»ΓÄ»ΓÄ»ΓÄ»
ΓÄ»ΓÄ»ΓÄ»ΓÄ»ΓÄ»[10/17]ΓÄ»[22m[39m

[31m[1m[7m FAIL [27m[22m[39m 
client/src/services/authClient.test.ts[2m > 
[22mAuthClient[2m > [22mrefreshToken[2m > [22mshould 
return true for valid unexpired token
[31m[1mAssertionError[22m: expected false to be true // 
Object.is equality[39m

[32m- Expected[39m
[31m+ Received[39m

[32m- true[39m
[31m+ false[39m

[36m [2mΓ¥»[22m 
client/src/services/authClient.test.ts:[2m290:22[22m[39m
    [90m288| [39m      [35mconst[39m result [33m=[39m 
[35mawait[39m 
client[33m.[39m[34mrefreshToken[39m()[33m;[39m
    [90m289| [39m
    [90m290| [39m      [34mexpect[39m(result)[33m.[39m
[34mtoBe[39m([35mtrue[39m)[33m;[39m
    [90m   | [39m                     [31m^[39m
    [90m291| [39m    })[33m;[39m
    [90m292| [39m

[31m[2mΓÄ»ΓÄ»ΓÄ»ΓÄ»ΓÄ»ΓÄ»ΓÄ»ΓÄ»ΓÄ»ΓÄ»ΓÄ»ΓÄ»ΓÄ»ΓÄ»ΓÄ»ΓÄ»ΓÄ»
ΓÄ»ΓÄ»ΓÄ»ΓÄ»ΓÄ»[11/17]ΓÄ»[22m[39m

[31m[1m[7m FAIL [27m[22m[39m 
client/src/services/authClient.test.ts[2m > 
[22mAuthClient[2m > [22mrefreshToken[2m > [22mshould 
return false and clear session for expired token
[31m[1mAssertionError[22m: expected "spy" to be called 
with arguments: [ 'accessToken' ][90m

Received: 

[31m[90m

Number of calls: [1m0[22m
[31m[39m
[36m [2mΓ¥»[22m 
client/src/services/authClient.test.ts:[2m304:43[22m[39m
    [90m302| [39m
    [90m303| [39m      [34mexpect[39m(result)[33m.[39m
[34mtoBe[39m([35mfalse[39m)[33m;[39m
    [90m304| [39m      [34mexpect[39m(mockLocalStorage[
33m.[39mremoveItem)[33m.[39m[34mtoHaveBeenCalledWith[39
m([32m'access[39mΓÇª
    [90m   | [39m                                         
 [31m^[39m
    [90m305| [39m      [34mexpect[39m(mockLocalStorage[
33m.[39mremoveItem)[33m.[39m[34mtoHaveBeenCalledWith[39
m([32m'userIn[39mΓÇª
    [90m306| [39m    })[33m;[39m

[31m[2mΓÄ»ΓÄ»ΓÄ»ΓÄ»ΓÄ»ΓÄ»ΓÄ»ΓÄ»ΓÄ»ΓÄ»ΓÄ»ΓÄ»ΓÄ»ΓÄ»ΓÄ»ΓÄ»ΓÄ»
ΓÄ»ΓÄ»ΓÄ»ΓÄ»ΓÄ»[12/17]ΓÄ»[22m[39m

[31m[1m[7m FAIL [27m[22m[39m 
client/src/services/authClient.test.ts[2m > 
[22mAuthClient[2m > [22mrefreshToken[2m > [22mshould 
return false and clear session for token expiring within 
buffer
[31m[1mAssertionError[22m: expected "spy" to be called 
with arguments: [ 'accessToken' ][90m

Received: 

[31m[90m

Number of calls: [1m0[22m
[31m[39m
[36m [2mΓ¥»[22m 
client/src/services/authClient.test.ts:[2m319:43[22m[39m
    [90m317| [39m
    [90m318| [39m      [34mexpect[39m(result)[33m.[39m
[34mtoBe[39m([35mfalse[39m)[33m;[39m
    [90m319| [39m      [34mexpect[39m(mockLocalStorage[
33m.[39mremoveItem)[33m.[39m[34mtoHaveBeenCalledWith[39
m([32m'access[39mΓÇª
    [90m   | [39m                                         
 [31m^[39m
    [90m320| [39m    })[33m;[39m
    [90m321| [39m

[31m[2mΓÄ»ΓÄ»ΓÄ»ΓÄ»ΓÄ»ΓÄ»ΓÄ»ΓÄ»ΓÄ»ΓÄ»ΓÄ»ΓÄ»ΓÄ»ΓÄ»ΓÄ»ΓÄ»ΓÄ»
ΓÄ»ΓÄ»ΓÄ»ΓÄ»ΓÄ»[13/17]ΓÄ»[22m[39m

[31m[1m[7m FAIL [27m[22m[39m 
client/src/services/authClient.test.ts[2m > 
[22mAuthClient[2m > [22mrefreshToken[2m > [22mshould 
return false for malformed JWT
[31m[1mAssertionError[22m: expected "spy" to be called 
with arguments: [ 'accessToken' ][90m

[2m Test Files [22m [1m[31m3 failed[39m[22m[2m | [22m[1m[32m48 passed[39m[22m[2m | [22m[33m10 skipped[39m[90m (61)[39m
[2m      Tests [22m [1m[31m17 failed[39m[22m[2m | [22m[1m[32m636 passed[39m[22m[2m | [22m[33m23 skipped[39m[2m | [22m[90m197 todo[39m[90m (873)[39m
[2m   Start at [22m 23:17:50
[2m   Duration [22m 27.58s[2m (transform 18.61s, setup 81.23s, collect 67.34s, tests 89.73s, environment 173.36s, prepare 18.95s)[22m

Received: 

[31m[90m

Number of calls: [1m0[22m
[31m[39m
[36m [2mΓ¥»[22m 
client/src/services/authClient.test.ts:[2m328:43[22m[39m
    [90m326| [39m
    [90m327| [39m      [34mexpect[39m(result)[33m.[39m
[34mtoBe[39m([35mfalse[39m)[33m;[39m
    [90m328| [39m      [34mexpect[39m(mockLocalStorage[
33m.[39mremoveItem)[33m.[39m[34mtoHaveBeenCalledWith[39
m([32m'access[39mΓÇª
    [90m   | [39m                                         
 [31m^[39m
    [90m329| [39m    })[33m;[39m
    [90m330| [39m

[31m[2mΓÄ»ΓÄ»ΓÄ»ΓÄ»ΓÄ»ΓÄ»ΓÄ»ΓÄ»ΓÄ»ΓÄ»ΓÄ»ΓÄ»ΓÄ»ΓÄ»ΓÄ»ΓÄ»ΓÄ»
ΓÄ»ΓÄ»ΓÄ»ΓÄ»ΓÄ»[14/17]ΓÄ»[22m[39m

[31m[1m[7m FAIL [27m[22m[39m 
client/src/services/authClient.test.ts[2m > 
[22mAuthClient[2m > [22mrefreshToken[2m > [22mshould 
handle base64url encoding correctly
[31m[1mAssertionError[22m: expected false to be true // 
Object.is equality[39m

[32m- Expected[39m
[31m+ Received[39m

[32m- true[39m
[31m+ false[39m

[36m [2mΓ¥»[22m 
client/src/services/authClient.test.ts:[2m353:22[22m[39m
    [90m351| [39m      [35mconst[39m result [33m=[39m 
[35mawait[39m 
client[33m.[39m[34mrefreshToken[39m()[33m;[39m
    [90m352| [39m
    [90m353| [39m      [34mexpect[39m(result)[33m.[39m
[34mtoBe[39m([35mtrue[39m)[33m;[39m
    [90m   | [39m                     [31m^[39m
    [90m354| [39m    })[33m;[39m
    [90m355| [39m  })[33m;[39m

[31m[2mΓÄ»ΓÄ»ΓÄ»ΓÄ»ΓÄ»ΓÄ»ΓÄ»ΓÄ»ΓÄ»ΓÄ»ΓÄ»ΓÄ»ΓÄ»ΓÄ»ΓÄ»ΓÄ»ΓÄ»
ΓÄ»ΓÄ»ΓÄ»ΓÄ»ΓÄ»[15/17]ΓÄ»[22m[39m

[31m[1m[7m FAIL [27m[22m[39m 
client/src/services/authClient.test.ts[2m > 
[22mAuthClient[2m > [22mpersistSession[2m > [22mshould 
persist all session data to localStorage
[31m[1mAssertionError[22m: expected "spy" to be called 
with arguments: [ 'accessToken', 'jwt_token' ][90m

Received: 

[31m[90m

Number of calls: [1m0[22m
[31m[39m
[36m [2mΓ¥»[22m 
client/src/services/authClient.test.ts:[2m373:40[22m[39m
    [90m371| [39m      
client[33m.[39m[34mpersistSession[39m(token[33m,[39m 
userInfo[33m,[39m tenantId)[33m;[39m
    [90m372| [39m
    [90m373| [39m      [34mexpect[39m(mockLocalStorage[
33m.[39msetItem)[33m.[39m[34mtoHaveBeenCalledWith[39m(
[32m'accessTok[39mΓÇª
    [90m   | [39m                                       
[31m^[39m
    [90m374| [39m      [34mexpect[39m(mockLocalStorage[
33m.[39msetItem)[33m.[39m[34mtoHaveBeenCalledWith[39m(
    [90m375| [39m        [32m'userInfo'[39m[33m,[39m

[31m[2mΓÄ»ΓÄ»ΓÄ»ΓÄ»ΓÄ»ΓÄ»ΓÄ»ΓÄ»ΓÄ»ΓÄ»ΓÄ»ΓÄ»ΓÄ»ΓÄ»ΓÄ»ΓÄ»ΓÄ»
ΓÄ»ΓÄ»ΓÄ»ΓÄ»ΓÄ»[16/17]ΓÄ»[22m[39m

[31m[1m[7m FAIL [27m[22m[39m 
client/src/services/authClient.test.ts[2m > 
[22mAuthClient[2m > [22mclearSession[2m > [22mshould 
remove all session data from localStorage
[31m[1mAssertionError[22m: expected "spy" to be called 
with arguments: [ 'accessToken' ][90m

Received: 

[31m[90m

Number of calls: [1m0[22m
[31m[39m
[36m [2mΓ¥»[22m 
client/src/services/authClient.test.ts:[2m386:43[22m[39m
    [90m384| [39m      
client[33m.[39m[34mclearSession[39m()[33m;[39m
    [90m385| [39m
    [90m386| [39m      [34mexpect[39m(mockLocalStorage[
33m.[39mremoveItem)[33m.[39m[34mtoHaveBeenCalledWith[39
m([32m'access[39mΓÇª
    [90m   | [39m                                         
 [31m^[39m
    [90m387| [39m      [34mexpect[39m(mockLocalStorage[
33m.[39mremoveItem)[33m.[39m[34mtoHaveBeenCalledWith[39
m([32m'userIn[39mΓÇª
    [90m388| [39m      [34mexpect[39m(mockLocalStorage[
33m.[39mremoveItem)[33m.[39m[34mtoHaveBeenCalledWith[39
m([32m'tenant[39mΓÇª

[31m[2mΓÄ»ΓÄ»ΓÄ»ΓÄ»ΓÄ»ΓÄ»ΓÄ»ΓÄ»ΓÄ»ΓÄ»ΓÄ»ΓÄ»ΓÄ»ΓÄ»ΓÄ»ΓÄ»ΓÄ»
ΓÄ»ΓÄ»ΓÄ»ΓÄ»ΓÄ»[17/17]ΓÄ»[22m[39m

