
[1m[7m[36m RUN [39m[27m[22m [36mv2.1.9 [39m[90mC:/Users/BBB/Fabric_4L/apps/web[39m

 [32mΓ£ô[39m src/pages/formulaBuilderLogic.test.ts [2m([22m[2m48 tests[22m[2m)[22m[90m 41[2mms[22m[39m
pnpm : [90mstderr[2m | src/stores/userTierStore.test.ts[2m > [22m[2museUserTierStore[2m > 
[22m[2msetUserRole[2m > [22m[2mshould default to standard for unknown role
At line:1 char:38
+ ... \apps\web ; pnpm vitest run --reporter=basic 2>&1 > C:\Users\BBB\Fabr ...
+                 ~~~~~~~~~~~~~~~~~~~~~~~~~~~~~~~~~~~~~~~~~~~~~~~~~~~~~~~~~
    + CategoryInfo          : NotSpecified: ([90mstderr[2m...or unknown role:String) [], RemoteE 
   xception
    + FullyQualifiedErrorId : NativeCommandError
 
[22m[39m[Fabric] [Fabric][userTierStore] Unknown role "unknown" - defaulting to standard tier { 
feature: [32m'userTierStore'[39m }

[90mstderr[2m | src/stores/userTierStore.test.ts[2m > [22m[2mnormalizeRoleToTier[2m > 
[22m[2mshould fail-safe to standard for unknown roles
[22m[39m[Fabric] [Fabric][userTierStore] Unknown role "unknown" - defaulting to standard tier { 
feature: [32m'userTierStore'[39m }
[Fabric] [Fabric][userTierStore] Unknown role "hacker" - defaulting to standard tier { feature: 
[32m'userTierStore'[39m }
[Fabric] [Fabric][userTierStore] Unknown role "administrator" - defaulting to standard tier { 
feature: [32m'userTierStore'[39m }

[90mstderr[2m | src/stores/userTierStore.test.ts[2m > [22m[2mnormalizeRoleToTier[2m > 
[22m[2mshould fail-safe to standard for empty/whitespace roles
[22m[39m[Fabric] [Fabric][userTierStore] Unknown role "" - defaulting to standard tier { 
feature: [32m'userTierStore'[39m }
[Fabric] [Fabric][userTierStore] Unknown role "   " - defaulting to standard tier { feature: 
[32m'userTierStore'[39m }

 [32mΓ£ô[39m src/stores/userTierStore.test.ts [2m([22m[2m73 tests[22m[2m)[22m[90m 232[2mms[22m[39m
 [32mΓ£ô[39m src/services/authClient.test.ts [2m([22m[2m20 tests[22m[2m)[22m[90m 57[2mms[22m[39m
[90mstderr[2m | src/services/sessionService.test.ts[2m > [22m[2mSessionService ΓÇö navigation 
helpers[2m > [22m[2mhandleUnauthorized clears session and redirects to login
[22m[39m[Fabric] [Fabric][auth-session] Unauthorized response received; clearing session {
  feature: [32m'auth-session'[39m,
  route: [32m'/protected'[39m,
  tenantId: [32m'tenant-1'[39m,
  userId: [32m'user-1'[39m,
  authPhase: [32m'unauthorized-response'[39m,
  traceId: [1mnull[22m
}

 [32mΓ£ô[39m src/services/sessionService.test.ts [2m([22m[2m36 tests[22m[2m)[22m[90m 65[2mms[22m[39m
[90mstderr[2m | src/contexts/AuthContext.test.tsx[2m > [22m[2mAuthProvider[2m > 
[22m[2minitiateLogin[2m > [22m[2mrejects with error for unknown tenant
[22m[39m[Fabric] [Fabric][auth-context] Login initiation failed {
  feature: [32m'auth-context'[39m,
  tenantId: [32m'error-tenant'[39m,
  authPhase: [32m'initiate-login'[39m,
  error: [32m'Tenant not found'[39m
}

 [32mΓ£ô[39m src/api/__tests__/contract/workflows.contract.test.ts [2m([22m[2m32 tests[22m[2m)[22m[90m 34[2mms[22m[39m
 [32mΓ£ô[39m src/api/__tests__/contract/benchmarks.contract.test.ts [2m([22m[2m21 tests[22m[2m)[22m[90m 38[2mms[22m[39m
[90mstderr[2m | src/contexts/AuthContext.test.tsx[2m > [22m[2mAuthProvider[2m > 
[22m[2mhandleCallback[2m > [22m[2mrejects with CSRF error when state parameter does not match
[22m[39m[Fabric] [Fabric][auth-context] Callback authentication failed {
  feature: [32m'auth-context'[39m,
  authPhase: [32m'callback'[39m,
  errorCode: [32m'AUTHENTICATION'[39m,
  message: [32m'Invalid state parameter - possible CSRF attack'[39m
}

[90mstderr[2m | src/contexts/AuthContext.test.tsx[2m > [22m[2mAuthProvider[2m > 
[22m[2mhandleCallback[2m > [22m[2mreturns false when backend rejects the code
[22m[39m[Fabric] [Fabric][auth-context] Callback authentication failed {
  feature: [32m'auth-context'[39m,
  authPhase: [32m'callback'[39m,
  errorCode: [32m'VALIDATION'[39m,
  message: [32m'Invalid authorization code'[39m
}

 [32mΓ£ô[39m src/api/__tests__/contract/formulas.contract.test.ts [2m([22m[2m20 tests[22m[2m)[22m[90m 43[2mms[22m[39m
 [32mΓ£ô[39m src/contexts/AuthContext.test.tsx [2m([22m[2m19 tests[22m[2m)[22m[33m 602[2mms[22m[39m
[90mstderr[2m | src/hooks/useAccounts.test.tsx[2m > [22m[2museAccounts[2m > 
[22m[2museAccounts hook[2m > [22m[2mshould handle API error
[22m[39m[Fabric] Test query failed { queryKey: [32m'["accounts","list",{}]'[39m, error: 
[32m'Network error'[39m }

 [32mΓ£ô[39m src/value-pilot/pages/ProspectSetup.test.tsx [2m([22m[2m18 tests[22m[2m)[22m[33m 1053[2mms[22m[39m
[90mstderr[2m | src/hooks/useGraphQuery.comprehensive.test.ts
[22m[39m[Fabric] [Fabric][api-client] Environment variable VITE_API_BASE not set, using fallback 
{ feature: [32m'api-client'[39m, fallback: [32m'/api/v1'[39m }
[Fabric] [Fabric][api-client] Environment variable VITE_L1_PREFIX not set, using fallback { 
feature: [32m'api-client'[39m, fallback: [32m'/ingest'[39m }
[Fabric] [Fabric][api-client] Environment variable VITE_L2_PREFIX not set, using fallback { 
feature: [32m'api-client'[39m, fallback: [32m'/extract'[39m }
[Fabric] [Fabric][api-client] Environment variable VITE_L3_PREFIX not set, using fallback { 
feature: [32m'api-client'[39m, fallback: [32m'/graph'[39m }
[Fabric] [Fabric][api-client] Environment variable VITE_L4_PREFIX not set, using fallback { 
feature: [32m'api-client'[39m, fallback: [32m'/agents'[39m }
[Fabric] [Fabric][api-client] Environment variable VITE_L5_PREFIX not set, using fallback { 
feature: [32m'api-client'[39m, fallback: [32m'/truths'[39m }
[Fabric] [Fabric][api-client] Environment variable VITE_L6_PREFIX not set, using fallback { 
feature: [32m'api-client'[39m, fallback: [32m'/benchmarks'[39m }

[90mstderr[2m | src/hooks/useFormulas.test.tsx
[22m[39m[Fabric] [Fabric][api-client] Environment variable VITE_API_BASE not set, using fallback 
{ feature: [32m'api-client'[39m, fallback: [32m'/api/v1'[39m }
[Fabric] [Fabric][api-client] Environment variable VITE_L1_PREFIX not set, using fallback { 
feature: [32m'api-client'[39m, fallback: [32m'/ingest'[39m }
[Fabric] [Fabric][api-client] Environment variable VITE_L2_PREFIX not set, using fallback { 
feature: [32m'api-client'[39m, fallback: [32m'/extract'[39m }
[Fabric] [Fabric][api-client] Environment variable VITE_L3_PREFIX not set, using fallback { 
feature: [32m'api-client'[39m, fallback: [32m'/graph'[39m }
[Fabric] [Fabric][api-client] Environment variable VITE_L4_PREFIX not set, using fallback { 
feature: [32m'api-client'[39m, fallback: [32m'/agents'[39m }
[Fabric] [Fabric][api-client] Environment variable VITE_L5_PREFIX not set, using fallback { 
feature: [32m'api-client'[39m, fallback: [32m'/truths'[39m }
[Fabric] [Fabric][api-client] Environment variable VITE_L6_PREFIX not set, using fallback { 
feature: [32m'api-client'[39m, fallback: [32m'/benchmarks'[39m }

[90mstderr[2m | src/hooks/useGraphQuery.performance.test.ts
[22m[39m[Fabric] [Fabric][api-client] Environment variable VITE_API_BASE not set, using fallback 
{ feature: [32m'api-client'[39m, fallback: [32m'/api/v1'[39m }
[Fabric] [Fabric][api-client] Environment variable VITE_L1_PREFIX not set, using fallback { 
feature: [32m'api-client'[39m, fallback: [32m'/ingest'[39m }
[Fabric] [Fabric][api-client] Environment variable VITE_L2_PREFIX not set, using fallback { 
feature: [32m'api-client'[39m, fallback: [32m'/extract'[39m }
[Fabric] [Fabric][api-client] Environment variable VITE_L3_PREFIX not set, using fallback { 
feature: [32m'api-client'[39m, fallback: [32m'/graph'[39m }
[Fabric] [Fabric][api-client] Environment variable VITE_L4_PREFIX not set, using fallback { 
feature: [32m'api-client'[39m, fallback: [32m'/agents'[39m }
[Fabric] [Fabric][api-client] Environment variable VITE_L5_PREFIX not set, using fallback { 
feature: [32m'api-client'[39m, fallback: [32m'/truths'[39m }
[Fabric] [Fabric][api-client] Environment variable VITE_L6_PREFIX not set, using fallback { 
feature: [32m'api-client'[39m, fallback: [32m'/benchmarks'[39m }

[90mstderr[2m | src/hooks/useGraphQuery.integration.test.ts
[22m[39m[Fabric] [Fabric][api-client] Environment variable VITE_API_BASE not set, using fallback 
{ feature: [32m'api-client'[39m, fallback: [32m'/api/v1'[39m }
[Fabric] [Fabric][api-client] Environment variable VITE_L1_PREFIX not set, using fallback { 
feature: [32m'api-client'[39m, fallback: [32m'/ingest'[39m }
[Fabric] [Fabric][api-client] Environment variable VITE_L2_PREFIX not set, using fallback { 
feature: [32m'api-client'[39m, fallback: [32m'/extract'[39m }
[Fabric] [Fabric][api-client] Environment variable VITE_L3_PREFIX not set, using fallback { 
feature: [32m'api-client'[39m, fallback: [32m'/graph'[39m }
[Fabric] [Fabric][api-client] Environment variable VITE_L4_PREFIX not set, using fallback { 
feature: [32m'api-client'[39m, fallback: [32m'/agents'[39m }
[Fabric] [Fabric][api-client] Environment variable VITE_L5_PREFIX not set, using fallback { 
feature: [32m'api-client'[39m, fallback: [32m'/truths'[39m }
[Fabric] [Fabric][api-client] Environment variable VITE_L6_PREFIX not set, using fallback { 
feature: [32m'api-client'[39m, fallback: [32m'/benchmarks'[39m }

[90mstderr[2m | src/hooks/useGraphQuery.property.test.ts
[22m[39m[Fabric] [Fabric][api-client] Environment variable VITE_API_BASE not set, using fallback 
{ feature: [32m'api-client'[39m, fallback: [32m'/api/v1'[39m }
[Fabric] [Fabric][api-client] Environment variable VITE_L1_PREFIX not set, using fallback { 
feature: [32m'api-client'[39m, fallback: [32m'/ingest'[39m }
[Fabric] [Fabric][api-client] Environment variable VITE_L2_PREFIX not set, using fallback { 
feature: [32m'api-client'[39m, fallback: [32m'/extract'[39m }
[Fabric] [Fabric][api-client] Environment variable VITE_L3_PREFIX not set, using fallback { 
feature: [32m'api-client'[39m, fallback: [32m'/graph'[39m }
[Fabric] [Fabric][api-client] Environment variable VITE_L4_PREFIX not set, using fallback { 
feature: [32m'api-client'[39m, fallback: [32m'/agents'[39m }
[Fabric] [Fabric][api-client] Environment variable VITE_L5_PREFIX not set, using fallback { 
feature: [32m'api-client'[39m, fallback: [32m'/truths'[39m }
[Fabric] [Fabric][api-client] Environment variable VITE_L6_PREFIX not set, using fallback { 
feature: [32m'api-client'[39m, fallback: [32m'/benchmarks'[39m }

[90mstderr[2m | src/hooks/usePlatformSettings.test.tsx
[22m[39m[Fabric] [Fabric][api-client] Environment variable VITE_API_BASE not set, using fallback 
{ feature: [32m'api-client'[39m, fallback: [32m'/api/v1'[39m }
[Fabric] [Fabric][api-client] Environment variable VITE_L1_PREFIX not set, using fallback { 
feature: [32m'api-client'[39m, fallback: [32m'/ingest'[39m }
[Fabric] [Fabric][api-client] Environment variable VITE_L2_PREFIX not set, using fallback { 
feature: [32m'api-client'[39m, fallback: [32m'/extract'[39m }
[Fabric] [Fabric][api-client] Environment variable VITE_L3_PREFIX not set, using fallback { 
feature: [32m'api-client'[39m, fallback: [32m'/graph'[39m }
[Fabric] [Fabric][api-client] Environment variable VITE_L4_PREFIX not set, using fallback { 
feature: [32m'api-client'[39m, fallback: [32m'/agents'[39m }
[Fabric] [Fabric][api-client] Environment variable VITE_L5_PREFIX not set, using fallback { 
feature: [32m'api-client'[39m, fallback: [32m'/truths'[39m }
[Fabric] [Fabric][api-client] Environment variable VITE_L6_PREFIX not set, using fallback { 
feature: [32m'api-client'[39m, fallback: [32m'/benchmarks'[39m }

[90mstderr[2m | src/hooks/useIngestion.test.ts[2m > [22m[2museIngestion[2m > 
[22m[2museIngestionJobList[2m > [22m[2mhandles API error
[22m[39m[Fabric] Test query failed { queryKey: [32m'["ingestion","list","{}"]'[39m, error: 
[32m'Network error'[39m }

[90mstderr[2m | src/hooks/useModels.test.tsx[2m > [22m[2museModels[2m > 
[22m[2museCreateModel hook[2m > [22m[2mshould reject empty name
[22m[39m[Fabric] Test mutation failed { mutationKey: [90mundefined[39m, error: [32m'Model 
name is required'[39m }
[Fabric] [Fabric][useModels] useCreateModel mutation failed { feature: [32m'useModels'[39m, 
errorCode: [32m'Model name is required'[39m }

[90mstderr[2m | src/hooks/useModels.test.tsx[2m > [22m[2museModels[2m > 
[22m[2museCreateModel hook[2m > [22m[2mshould show toast on error
[22m[39m[Fabric] Test mutation failed { mutationKey: [90mundefined[39m, error: [32m'Server 
error'[39m }
[Fabric] [Fabric][useModels] useCreateModel mutation failed { feature: [32m'useModels'[39m, 
errorCode: [32m'Server error'[39m }

[90mstderr[2m | src/hooks/useAccounts.test.tsx[2m > [22m[2museAccounts[2m > 
[22m[2museRefreshAccount mutation[2m > [22m[2mshould reject empty account ID
[22m[39m[Fabric] Test mutation failed { mutationKey: [90mundefined[39m, error: [32m'Account 
ID is required'[39m }
[Fabric] [Fabric][useAccounts] RefreshAccount failed { accountId: [32m''[39m, error: 
[32m'Account ID is required'[39m }

[90mstderr[2m | src/hooks/useModels.test.tsx[2m > [22m[2museModels[2m > 
[22m[2museDeleteModel hook[2m > [22m[2mshould reject empty model ID
[22m[39m[Fabric] Test mutation failed { mutationKey: [90mundefined[39m, error: [32m'Model ID 
is required'[39m }
[Fabric] [Fabric][useModels] useDeleteModel mutation failed { feature: [32m'useModels'[39m, 
errorCode: [32m'Model ID is required'[39m }

[90mstderr[2m | src/hooks/useIngestion.test.ts[2m > [22m[2museIngestion[2m > 
[22m[2museCancelJob[2m > [22m[2mexposes error on failure
[22m[39m[Fabric] Test mutation failed { mutationKey: [90mundefined[39m, error: [32m'Job not 
found'[39m }

[90mstderr[2m | src/hooks/useModels.test.tsx[2m > [22m[2museModels[2m > 
[22m[2museDeleteModel hook[2m > [22m[2mshould show toast on error
[22m[39m[Fabric] Test mutation failed { mutationKey: [90mundefined[39m, error: [32m'Not 
authorized'[39m }
[Fabric] [Fabric][useModels] useDeleteModel mutation failed { feature: [32m'useModels'[39m, 
errorCode: [32m'Not authorized'[39m }

[90mstderr[2m | src/hooks/useIngestion.test.ts[2m > [22m[2museIngestion[2m > 
[22m[2museRetryJob[2m > [22m[2mexposes error on failure
[22m[39m[Fabric] Test mutation failed { mutationKey: [90mundefined[39m, error: [32m'Cannot 
retry active job'[39m }

[90mstderr[2m | src/hooks/useFormulas.test.tsx[2m > [22m[2museFormulas[2m > [22m[2mhandles 
API errors
[22m[39m[Fabric] [Fabric][useFormulas] Formula list validation failed {
  error: ZodError: [
    {
      "expected": "string",
      "code": "invalid_type",
      "path": [
        0,
        "name"
      ],
      "message": "Invalid input: expected string, received undefined"
    }
  ]
      at new ZodError (file:///C:/Users/BBB/Fabric_4L/node_modules/[4m.pnpm[24m/zod@4.4.2/node_mo
dules/[4mzod[24m/v4/core/core.js:40:39)
      at Module.<anonymous> (file:///C:/Users/BBB/Fabric_4L/node_modules/[4m.pnpm[24m/zod@4.4.2/n
ode_modules/[4mzod[24m/v4/core/parse.js:40:20)
      at _.inst.safeParse (file:///C:/Users/BBB/Fabric_4L/node_modules/[4m.pnpm[24m/zod@4.4.2/nod
e_modules/[4mzod[24m/v4/classic/schemas.js:74:46)
      at fetchFormulas 
[90m(C:\Users\BBB\Fabric_4L\apps\web\[39msrc\hooks\useFormulas.ts:51:36[90m)[39m
      at Module.withApiError 
[90m(C:\Users\BBB\Fabric_4L\apps\web\[39msrc\hooks\useApiShared.ts:153:12[90m)[39m
}
[Fabric] Test query failed {
  queryKey: [32m'["formulas","list",{}]'[39m,
  error: [32m'Invalid formula list response: 0,name: Invalid input: expected string, received 
undefined'[39m
}

 [32mΓ£ô[39m src/hooks/useIngestion.test.ts [2m([22m[2m17 tests[22m[2m)[22m[33m 936[2mms[22m[39m
[90mstderr[2m | src/hooks/useAccounts.test.tsx[2m > [22m[2museAccounts[2m > 
[22m[2museRefreshAccount mutation[2m > [22m[2mhandles refresh error without rollback (no 
optimistic update to rollback)
[22m[39m[Fabric] [Fabric][useAccounts] RefreshAccount failed { accountId: [32m'acc-001'[39m, 
error: [32m'Network error'[39m }

 [32mΓ£ô[39m src/hooks/useModels.test.tsx [2m([22m[2m16 tests[22m[2m)[22m[33m 1079[2mms[22m[39m
[90mstderr[2m | src/hooks/useFormulas.test.tsx[2m > [22m[2museFormula[2m > [22m[2mhandles 
formula not found
[22m[39m[Fabric] [Fabric][useFormulas] Formula detail validation failed {
  error: ZodError: [
    {
      "expected": "string",
      "code": "invalid_type",
      "path": [
        "name"
      ],
      "message": "Invalid input: expected string, received undefined"
    }
  ]
      at new ZodError (file:///C:/Users/BBB/Fabric_4L/node_modules/[4m.pnpm[24m/zod@4.4.2/node_mo
dules/[4mzod[24m/v4/core/core.js:40:39)
      at Module.<anonymous> (file:///C:/Users/BBB/Fabric_4L/node_modules/[4m.pnpm[24m/zod@4.4.2/n
ode_modules/[4mzod[24m/v4/core/parse.js:40:20)
      at _.inst.safeParse (file:///C:/Users/BBB/Fabric_4L/node_modules/[4m.pnpm[24m/zod@4.4.2/nod
e_modules/[4mzod[24m/v4/classic/schemas.js:74:46)
      at fetchFormula 
[90m(C:\Users\BBB\Fabric_4L\apps\web\[39msrc\hooks\useFormulas.ts:79:32[90m)[39m
      at Module.withApiError 
[90m(C:\Users\BBB\Fabric_4L\apps\web\[39msrc\hooks\useApiShared.ts:153:12[90m)[39m
}
[Fabric] Test query failed {
  queryKey: [32m'["formulas","detail","non-existent"]'[39m,
  error: [32m'Invalid formula response: name: Invalid input: expected string, received 
undefined'[39m
}

 [32mΓ£ô[39m src/hooks/useAccounts.test.tsx [2m([22m[2m17 tests[22m[2m)[22m[33m 1190[2mms[22m[39m
[90mstderr[2m | src/pages/MyModels.test.tsx[2m > [22m[2mMyModels Page[2m > [22m[2mEmpty 
State[2m > [22m[2mshould show empty state when no models exist
[22m[39mEach child in a list should have a unique "key" prop.

Check the render method of `nav`. It was passed a child from FolderSidebar. See 
https://react.dev/link/warning-keys for more information.

[90mstderr[2m | src/hooks/useGraphQuery.comprehensive.test.ts[2m > [22m[2museSubgraph 
[L1-Unit-Async][2m > [22m[2merror cases[2m > [22m[2mhandles 404 not found
[22m[39m[Fabric] [Fabric][api-client] API request failed {
  feature: [32m'api-client'[39m,
  url: [32m'/subgraph?query=missing&depth=2&limit=100'[39m,
  method: [32m'get'[39m,
  status: [33m404[39m,
  errorCode: [90mundefined[39m,
  traceId: [1mnull[22m,
  message: [32m'Request failed with status code 404'[39m
}
[Fabric] Test query failed {
  queryKey: [32m'["graph","subgraph","missing","",2,100]'[39m,
  error: [32m'Request failed with status code 404'[39m
}

[90mstderr[2m | src/hooks/useFormulas.test.tsx[2m > [22m[2museApproveFormula[2m > 
[22m[2mhandles approval error
[22m[39m[Fabric] [Fabric][api-client] API request failed {
  feature: [32m'api-client'[39m,
  url: [32m'/formulas/non-existent/approve'[39m,
  method: [32m'post'[39m,
  status: [33m404[39m,
  errorCode: [90mundefined[39m,
  traceId: [1mnull[22m,
  message: [32m'Request failed with status code 404'[39m
}
[Fabric] Test mutation failed {
  mutationKey: [90mundefined[39m,
  error: [32m'Request failed with status code 404'[39m
}
[Fabric] [Fabric][useFormulas] Formula approval failed { error: [32m'Request failed with status 
code 404'[39m }

[90mstderr[2m | src/hooks/useFormulas.test.tsx[2m > [22m[2museSubmitFormula[2m > 
[22m[2mhandles submission error
[22m[39m[Fabric] [Fabric][api-client] API request failed {
  feature: [32m'api-client'[39m,
  url: [32m'/formulas/already-submitted/submit'[39m,
  method: [32m'post'[39m,
  status: [33m409[39m,
  errorCode: [90mundefined[39m,
  traceId: [1mnull[22m,
  message: [32m'Request failed with status code 409'[39m
}
[Fabric] Test mutation failed {
  mutationKey: [90mundefined[39m,
  error: [32m'Request failed with status code 409'[39m
}
[Fabric] [Fabric][useFormulas] Formula submission failed { error: [32m'Request failed with status 
code 409'[39m }

[90mstderr[2m | src/hooks/useFormulas.test.tsx[2m > [22m[2museUpdateFormula[2m > 
[22m[2mhandles update error
[22m[39m[Fabric] [Fabric][api-client] API request failed {
  feature: [32m'api-client'[39m,
  url: [32m'/formulas/non-existent'[39m,
  method: [32m'patch'[39m,
  status: [33m404[39m,
  errorCode: [90mundefined[39m,
  traceId: [1mnull[22m,
  message: [32m'Request failed with status code 404'[39m
}
[Fabric] Test mutation failed {
  mutationKey: [90mundefined[39m,
  error: [32m'Request failed with status code 404'[39m
}
[Fabric] [Fabric][useFormulas] Formula update failed { error: [32m'Request failed with status 
code 404'[39m }

[90mstderr[2m | src/hooks/useFormulas.test.tsx[2m > [22m[2museUpdateFormula[2m > 
[22m[2mrolls back optimistic update on error
[22m[39m[Fabric] [Fabric][api-client] API request failed {
  feature: [32m'api-client'[39m,
  url: [32m'/formulas/formula-1'[39m,
  method: [32m'patch'[39m,
  status: [33m404[39m,
  errorCode: [90mundefined[39m,
  traceId: [1mnull[22m,
  message: [32m'Request failed with status code 404'[39m
}
[Fabric] [Fabric][useFormulas] Formula update failed { error: [32m'Request failed with status 
code 404'[39m }

[90mstderr[2m | src/hooks/useFormulas.test.tsx[2m > [22m[2museCreateFormula[2m > 
[22m[2mhandles creation error
[22m[39m[Fabric] [Fabric][api-client] API request failed {
  feature: [32m'api-client'[39m,
  url: [32m'/formulas'[39m,
  method: [32m'post'[39m,
  status: [33m400[39m,
  errorCode: [90mundefined[39m,
  traceId: [1mnull[22m,
  message: [32m'Request failed with status code 400'[39m
}
[Fabric] Test mutation failed {
  mutationKey: [90mundefined[39m,
  error: [32m'Request failed with status code 400'[39m
}
[Fabric] [Fabric][useFormulas] Formula creation failed { error: [32m'Request failed with status 
code 400'[39m }

[90mstderr[2m | src/hooks/useFormulas.test.tsx[2m > [22m[2museCreateFormula[2m > 
[22m[2mrolls back optimistic update on error
[22m[39m[Fabric] [Fabric][api-client] API request failed {
  feature: [32m'api-client'[39m,
  url: [32m'/formulas'[39m,
  method: [32m'post'[39m,
  status: [33m400[39m,
  errorCode: [90mundefined[39m,
  traceId: [1mnull[22m,
  message: [32m'Request failed with status code 400'[39m
}
[Fabric] [Fabric][useFormulas] Formula creation failed { error: [32m'Request failed with status 
code 400'[39m }

 [32mΓ£ô[39m src/hooks/useFormulas.test.tsx [2m([22m[2m23 tests[22m[2m)[22m[33m 1906[2mms[22m[39m
[90mstdout[2m | src/hooks/useGraphQuery.performance.test.ts[2m > [22m[2museSubgraph Performance [L4-Performance][2m > [22m[2mloads small graph (<50 nodes) in < 200ms
[22m[39mSmall graph: mean=85.65ms, stdDev=49.93ms

[90mstderr[2m | src/pages/MyModels.test.tsx[2m > [22m[2mMyModels Page[2m > [22m[2mError 
State[2m > [22m[2mshould show error state when API fails
[22m[39m[Fabric] Test query failed {
  queryKey: 
[32m'["models","list","{\\"sortBy\\":\\"updatedAt\\",\\"sortDir\\":\\"desc\\"}"]'[39m,
  error: [32m'API Error'[39m
}
[Fabric] Test query failed { queryKey: [32m'["models","folders"]'[39m, error: [32m'API 
Error'[39m }

[90mstderr[2m | src/pages/ValuePacks.test.tsx
[22m[39m[Fabric] [Fabric][api-client] Environment variable VITE_API_BASE not set, using fallback 
{ feature: [32m'api-client'[39m, fallback: [32m'/api/v1'[39m }
[Fabric] [Fabric][api-client] Environment variable VITE_L1_PREFIX not set, using fallback { 
feature: [32m'api-client'[39m, fallback: [32m'/ingest'[39m }
[Fabric] [Fabric][api-client] Environment variable VITE_L2_PREFIX not set, using fallback { 
feature: [32m'api-client'[39m, fallback: [32m'/extract'[39m }
[Fabric] [Fabric][api-client] Environment variable VITE_L3_PREFIX not set, using fallback { 
feature: [32m'api-client'[39m, fallback: [32m'/graph'[39m }
[Fabric] [Fabric][api-client] Environment variable VITE_L4_PREFIX not set, using fallback { 
feature: [32m'api-client'[39m, fallback: [32m'/agents'[39m }
[Fabric] [Fabric][api-client] Environment variable VITE_L5_PREFIX not set, using fallback { 
feature: [32m'api-client'[39m, fallback: [32m'/truths'[39m }
[Fabric] [Fabric][api-client] Environment variable VITE_L6_PREFIX not set, using fallback { 
feature: [32m'api-client'[39m, fallback: [32m'/benchmarks'[39m }

[90mstderr[2m | src/hooks/usePlatformSettings.test.tsx[2m > [22m[2musePlatformSettings[2m > 
[22m[2mhandles error state
[22m[39m[Fabric] [Fabric][api-client] API request failed {
  feature: [32m'api-client'[39m,
  url: [32m'/tenants/current/settings'[39m,
  method: [32m'get'[39m,
  status: [33m500[39m,
  errorCode: [90mundefined[39m,
  traceId: [1mnull[22m,
  message: [32m'Request failed with status code 500'[39m
}
[Fabric] [Fabric][api-client] API request failed {
  feature: [32m'api-client'[39m,
  url: [90mundefined[39m,
  method: [90mundefined[39m,
  status: [90mundefined[39m,
  errorCode: [90mundefined[39m,
  traceId: [1mnull[22m,
  message: [32m'Request failed with status code 500'[39m
}
[Fabric] [Fabric][api-client] API request failed {
  feature: [32m'api-client'[39m,
  url: [90mundefined[39m,
  method: [90mundefined[39m,
  status: [90mundefined[39m,
  errorCode: [90mundefined[39m,
  traceId: [1mnull[22m,
  message: [32m'Request failed with status code 500'[39m
}
[Fabric] [Fabric][api-client] API request failed {
  feature: [32m'api-client'[39m,
  url: [90mundefined[39m,
  method: [90mundefined[39m,
  status: [90mundefined[39m,
  errorCode: [90mundefined[39m,
  traceId: [1mnull[22m,
  message: [32m'Request failed with status code 500'[39m
}
[Fabric] Test query failed {
  queryKey: [32m'["platform","settings"]'[39m,
  error: [32m'Request failed with status code 500'[39m
}

[90mstderr[2m | src/hooks/useGraphQuery.integration.test.ts[2m > [22m[2museSubgraph 
Integration [L2-Integration][2m > [22m[2mfull request/response cycle[2m > [22m[2mhandles 
database connectivity issues gracefully
[22m[39m[Fabric] [Fabric][api-client] API request failed {
  feature: [32m'api-client'[39m,
  url: [32m'/subgraph?query=test&depth=2&limit=100'[39m,
  method: [32m'get'[39m,
  status: [33m503[39m,
  errorCode: [90mundefined[39m,
  traceId: [1mnull[22m,
  message: [32m'Request failed with status code 503'[39m
}
[Fabric] [Fabric][api-client] API request failed {
  feature: [32m'api-client'[39m,
  url: [90mundefined[39m,
  method: [90mundefined[39m,
  status: [90mundefined[39m,
  errorCode: [90mundefined[39m,
  traceId: [1mnull[22m,
  message: [32m'Request failed with status code 503'[39m
}
[Fabric] [Fabric][api-client] API request failed {
  feature: [32m'api-client'[39m,
  url: [90mundefined[39m,
  method: [90mundefined[39m,
  status: [90mundefined[39m,
  errorCode: [90mundefined[39m,
  traceId: [1mnull[22m,
  message: [32m'Request failed with status code 503'[39m
}
[Fabric] [Fabric][api-client] API request failed {
  feature: [32m'api-client'[39m,
  url: [90mundefined[39m,
  method: [90mundefined[39m,
  status: [90mundefined[39m,
  errorCode: [90mundefined[39m,
  traceId: [1mnull[22m,
  message: [32m'Request failed with status code 503'[39m
}
[Fabric] Test query failed {
  queryKey: [32m'["graph","subgraph","test","",2,100]'[39m,
  error: [32m'Request failed with status code 503'[39m
}

 [32mΓ£ô[39m src/pages/MyModels.test.tsx [2m([22m[2m13 tests[22m[2m)[22m[33m 1452[2mms[22m[39m
   [33m[2mΓ£ô[22m[39m MyModels Page[2m > [22mEmpty State[2m > [22mshould show empty state when no models exist [33m461[2mms[22m[39m
[90mstderr[2m | src/hooks/usePlatformSettings.test.tsx[2m > [22m[2musePlatformSettings[2m > 
[22m[2mhandles 404 not found
[22m[39m[Fabric] [Fabric][api-client] API request failed {
  feature: [32m'api-client'[39m,
  url: [32m'/tenants/current/settings'[39m,
  method: [32m'get'[39m,
  status: [33m404[39m,
  errorCode: [90mundefined[39m,
  traceId: [1mnull[22m,
  message: [32m'Request failed with status code 404'[39m
}
[Fabric] Test query failed {
  queryKey: [32m'["platform","settings"]'[39m,
  error: [32m'Request failed with status code 404'[39m
}

[90mstderr[2m | src/hooks/usePlatformSettings.test.tsx[2m > 
[22m[2museUpdatePlatformSettings[2m > [22m[2mhandles update error
[22m[39m[Fabric] [Fabric][api-client] API request failed {
  feature: [32m'api-client'[39m,
  url: [32m'/tenants/current/settings'[39m,
  method: [32m'patch'[39m,
  status: [33m403[39m,
  errorCode: [90mundefined[39m,
  traceId: [1mnull[22m,
  message: [32m'Request failed with status code 403'[39m
}
[Fabric] Test mutation failed {
  mutationKey: [90mundefined[39m,
  error: [32m'Request failed with status code 403'[39m
}

[90mstderr[2m | src/hooks/useGraphQuery.integration.test.ts[2m > [22m[2museSubgraph 
Integration [L2-Integration][2m > [22m[2mauthentication/authorization matrix[2m > 
[22m[2mrole guest can query: false
[22m[39m[Fabric] [Fabric][auth-session] Unauthorized response received; clearing session {
  feature: [32m'auth-session'[39m,
  route: [32m'/'[39m,
  tenantId: [1mnull[22m,
  userId: [1mnull[22m,
  authPhase: [32m'unauthorized-response'[39m,
  traceId: [1mnull[22m
}
[Fabric] [Fabric][api-client] API request failed {
  feature: [32m'api-client'[39m,
  url: [32m'/subgraph?query=test&depth=2&limit=100'[39m,
  method: [32m'get'[39m,
  status: [33m401[39m,
  errorCode: [90mundefined[39m,
  traceId: [1mnull[22m,
  message: [32m'Request failed with status code 401'[39m
}
[Fabric] Test query failed {
  queryKey: [32m'["graph","subgraph","test","",2,100]'[39m,
  error: [32m'Request failed with status code 401'[39m
}

[90mstderr[2m | src/hooks/useGraphQuery.comprehensive.test.ts[2m > [22m[2museSubgraph 
[L1-Unit-Async][2m > [22m[2merror cases[2m > [22m[2mhandles 500 server error
[22m[39m[Fabric] [Fabric][api-client] API request failed {
  feature: [32m'api-client'[39m,
  url: [32m'/subgraph?query=error&depth=2&limit=100'[39m,
  method: [32m'get'[39m,
  status: [33m500[39m,
  errorCode: [90mundefined[39m,
  traceId: [1mnull[22m,
  message: [32m'Request failed with status code 500'[39m
}
[Fabric] [Fabric][api-client] API request failed {
  feature: [32m'api-client'[39m,
  url: [90mundefined[39m,
  method: [90mundefined[39m,
  status: [90mundefined[39m,
  errorCode: [90mundefined[39m,
  traceId: [1mnull[22m,
  message: [32m'Request failed with status code 500'[39m
}
[Fabric] [Fabric][api-client] API request failed {
  feature: [32m'api-client'[39m,
  url: [90mundefined[39m,
  method: [90mundefined[39m,
  status: [90mundefined[39m,
  errorCode: [90mundefined[39m,
  traceId: [1mnull[22m,
  message: [32m'Request failed with status code 500'[39m
}
[Fabric] [Fabric][api-client] API request failed {
  feature: [32m'api-client'[39m,
  url: [90mundefined[39m,
  method: [90mundefined[39m,
  status: [90mundefined[39m,
  errorCode: [90mundefined[39m,
  traceId: [1mnull[22m,
  message: [32m'Request failed with status code 500'[39m
}
[Fabric] Test query failed {
  queryKey: [32m'["graph","subgraph","error","",2,100]'[39m,
  error: [32m'Request failed with status code 500'[39m
}

 [32mΓ£ô[39m src/hooks/useGraphQuery.integration.test.ts [2m([22m[2m14 tests[22m[2m)[22m[33m 3391[2mms[22m[39m
   [33m[2mΓ£ô[22m[39m useSubgraph Integration [L2-Integration][2m > [22mfull request/response cycle[2m > [22mhandles database connectivity issues gracefully [33m1579[2mms[22m[39m
[90mstderr[2m | src/pages/IngestionJobs.test.tsx[2m > [22m[2mIngestionJobs[2m > 
[22m[2mshows error state on API failure
[22m[39m[Fabric] Test query failed {
  queryKey: [32m'["ingestion","list","{\\"limit\\":15,\\"page\\":1,\\"sortBy\\":\\"created_at\\",\
\"sortOrder\\":\\"desc\\"}"]'[39m,
  error: [32m'Network error'[39m
}

[90mstderr[2m | src/hooks/usePlatformSettings.test.tsx[2m > [22m[2musePlatformSettings - 
mutation and invalidation[2m > [22m[2mfailed update preserves previous usable state
[22m[39m[Fabric] [Fabric][api-client] API request failed {
  feature: [32m'api-client'[39m,
  url: [32m'/tenants/current/settings'[39m,
  method: [32m'patch'[39m,
  status: [33m500[39m,
  errorCode: [90mundefined[39m,
  traceId: [1mnull[22m,
  message: [32m'Request failed with status code 500'[39m
}
[Fabric] [Fabric][api-client] API request failed {
  feature: [32m'api-client'[39m,
  url: [90mundefined[39m,
  method: [90mundefined[39m,
  status: [90mundefined[39m,
  errorCode: [90mundefined[39m,
  traceId: [1mnull[22m,
  message: [32m'Request failed with status code 500'[39m
}
[Fabric] [Fabric][api-client] API request failed {
  feature: [32m'api-client'[39m,
  url: [90mundefined[39m,
  method: [90mundefined[39m,
  status: [90mundefined[39m,
  errorCode: [90mundefined[39m,
  traceId: [1mnull[22m,
  message: [32m'Request failed with status code 500'[39m
}
[Fabric] [Fabric][api-client] API request failed {
  feature: [32m'api-client'[39m,
  url: [90mundefined[39m,
  method: [90mundefined[39m,
  status: [90mundefined[39m,
  errorCode: [90mundefined[39m,
  traceId: [1mnull[22m,
  message: [32m'Request failed with status code 500'[39m
}
[Fabric] Test mutation failed {
  mutationKey: [90mundefined[39m,
  error: [32m'Request failed with status code 500'[39m
}

 [32mΓ£ô[39m src/hooks/useWizard.test.ts [2m([22m[2m28 tests[22m[2m)[22m[90m 112[2mms[22m[39m
 [32mΓ£ô[39m src/api/__tests__/contract/ground-truth.contract.test.ts [2m([22m[2m25 tests[22m[2m)[22m[90m 46[2mms[22m[39m
 [32mΓ£ô[39m src/lib/validation/schemas.test.ts [2m([22m[2m37 tests[22m[2m)[22m[90m 55[2mms[22m[39m
 [32mΓ£ô[39m src/api/__tests__/contract/intelligence.contract.test.ts [2m([22m[2m15 tests[22m[2m)[22m[90m 37[2mms[22m[39m
 [32mΓ£ô[39m src/api/__tests__/contract/extraction.contract.test.ts [2m([22m[2m20 tests[22m[2m)[22m[90m 36[2mms[22m[39m
[90mstderr[2m | src/hooks/useWorkspaceCase.test.ts[2m > [22m[2museWorkspaceTabQuery[2m > 
[22m[2mshould handle API error correctly
[22m[39m[Fabric] Test query failed {
  queryKey: [32m'["workspace","tab","case-123","signals"]'[39m,
  error: [32m'Failed to fetch'[39m
}

 [32mΓ£ô[39m src/api/__tests__/contract/valuepacks.contract.test.ts [2m([22m[2m16 tests[22m[2m)[22m[90m 27[2mms[22m[39m
 [32mΓ£ô[39m src/hooks/useAuth.test.ts [2m([22m[2m11 tests[22m[2m)[22m[90m 145[2mms[22m[39m
 [32mΓ£ô[39m src/pages/EntityBrowser.contract.test.tsx [2m([22m[2m10 tests[22m[2m)[22m[33m 420[2mms[22m[39m
 [32mΓ£ô[39m src/api/__tests__/contract/graph.contract.test.ts [2m([22m[2m16 tests[22m[2m)[22m[90m 60[2mms[22m[39m
 [32mΓ£ô[39m src/api/__tests__/contract/governance.contract.test.ts [2m([22m[2m26 tests[22m[2m)[22m[90m 30[2mms[22m[39m
[90mstdout[2m | src/hooks/useGraphQuery.performance.test.ts[2m > [22m[2museSubgraph Performance [L4-Performance][2m > [22m[2mloads medium graph (100-500 nodes) in < 200ms
[22m[39mMedium graph: mean=79.47ms, p95=104.72ms

 [32mΓ£ô[39m src/hooks/useWorkspaceCase.test.ts [2m([22m[2m13 tests[22m[2m)[22m[33m 830[2mms[22m[39m
[90mstderr[2m | src/hooks/usePlatformSettings.test.tsx[2m > [22m[2musePlatformSettings - 
mutation and invalidation[2m > [22m[2mretry path works after transient failure
[22m[39m[Fabric] [Fabric][api-client] API request failed {
  feature: [32m'api-client'[39m,
  url: [32m'/tenants/current/settings'[39m,
  method: [32m'patch'[39m,
  status: [33m503[39m,
  errorCode: [90mundefined[39m,
  traceId: [1mnull[22m,
  message: [32m'Request failed with status code 503'[39m
}
[Fabric] [Fabric][api-client] API request failed {
  feature: [32m'api-client'[39m,
  url: [90mundefined[39m,
  method: [90mundefined[39m,
  status: [90mundefined[39m,
  errorCode: [90mundefined[39m,
  traceId: [1mnull[22m,
  message: [32m'Request failed with status code 503'[39m
}
[Fabric] [Fabric][api-client] API request failed {
  feature: [32m'api-client'[39m,
  url: [90mundefined[39m,
  method: [90mundefined[39m,
  status: [90mundefined[39m,
  errorCode: [90mundefined[39m,
  traceId: [1mnull[22m,
  message: [32m'Request failed with status code 503'[39m
}
[Fabric] [Fabric][api-client] API request failed {
  feature: [32m'api-client'[39m,
  url: [90mundefined[39m,
  method: [90mundefined[39m,
  status: [90mundefined[39m,
  errorCode: [90mundefined[39m,
  traceId: [1mnull[22m,
  message: [32m'Request failed with status code 503'[39m
}
[Fabric] Test mutation failed {
  mutationKey: [90mundefined[39m,
  error: [32m'Request failed with status code 503'[39m
}

 [32mΓ£ô[39m src/api/__tests__/contract/openapi-drift.contract.test.ts [2m([22m[2m21 tests[22m[2m)[22m[90m 295[2mms[22m[39m
 [32mΓ£ô[39m src/hooks/usePlatformSettings.test.tsx [2m([22m[2m16 tests[22m[2m)[22m[33m 6842[2mms[22m[39m
   [33m[2mΓ£ô[22m[39m usePlatformSettings[2m > [22mhandles error state [33m1768[2mms[22m[39m
   [33m[2mΓ£ô[22m[39m usePlatformSettings - mutation and invalidation[2m > [22mfailed update preserves previous usable state [33m1719[2mms[22m[39m
   [33m[2mΓ£ô[22m[39m usePlatformSettings - mutation and invalidation[2m > [22mretry path works after transient failure [33m1679[2mms[22m[39m
   [33m[2mΓ£ô[22m[39m usePlatformSettings - edge cases[2m > [22mdelayed response does not break hook state transitions [33m304[2mms[22m[39m
 [32mΓ£ô[39m src/api/__tests__/contract/workspace.contract.test.ts [2m([22m[2m28 tests[22m[2m)[22m[90m 39[2mms[22m[39m
[90mstderr[2m | src/pages/IngestionJobs.test.tsx[2m > [22m[2mIngestionJobs[2m > 
[22m[2mshows mutation error when cancel fails
[22m[39m[Fabric] Test mutation failed { mutationKey: [90mundefined[39m, error: [32m'Cannot 
cancel completed job'[39m }

[90mstdout[2m | src/hooks/useGraphQuery.performance.test.ts[2m > [22m[2museSubgraph Performance [L4-Performance][2m > [22m[2mloads large graph (500+ nodes) in < 500ms
[22m[39mLarge graph: mean=73.59ms, max=87.72ms

 [32mΓ£ô[39m src/pages/IngestionJobs.test.tsx [2m([22m[2m23 tests[22m[2m)[22m[33m 5583[2mms[22m[39m
   [33m[2mΓ£ô[22m[39m IngestionJobs[2m > [22mshows loading state during initial load [33m512[2mms[22m[39m
   [33m[2mΓ£ô[22m[39m IngestionJobs[2m > [22mrenders job queue table with data [33m607[2mms[22m[39m
   [33m[2mΓ£ô[22m[39m IngestionJobs[2m > [22mshows filtered empty state when filters applied [33m355[2mms[22m[39m
   [33m[2mΓ£ô[22m[39m IngestionJobs[2m > [22mfilters by date range [33m518[2mms[22m[39m
   [33m[2mΓ£ô[22m[39m IngestionJobs[2m > [22mclears selection when clicking same job [33m355[2mms[22m[39m
   [33m[2mΓ£ô[22m[39m IngestionJobs[2m > [22mshows empty logs state when no logs available [33m305[2mms[22m[39m
   [33m[2mΓ£ô[22m[39m IngestionJobs[2m > [22mhandles cancel action [33m380[2mms[22m[39m
[90mstderr[2m | src/hooks/useValuePacks.test.tsx[2m > [22m[2museValuePacks[2m > 
[22m[2museValuePacks hook[2m > [22m[2mshould handle error states
[22m[39m[Fabric] [Fabric][useValuePacks] Value pack list validation failed { error: 
[32m'Network error'[39m }

[90mstderr[2m | src/hooks/useValuePacks.test.tsx[2m > [22m[2museValuePacks[2m > 
[22m[2museValuePacks hook[2m > [22m[2mshould reject malformed pack list responses
[22m[39m[Fabric] [Fabric][useValuePacks] Value pack list validation failed {
  error: [32m'[\n'[39m +
    [32m'  {\n'[39m +
    [32m'    "expected": "string",\n'[39m +
    [32m'    "code": "invalid_type",\n'[39m +
    [32m'    "path": [\n'[39m +
    [32m'      "industry"\n'[39m +
    [32m'    ],\n'[39m +
    [32m'    "message": "Invalid input: expected string, received undefined"\n'[39m +
    [32m'  },\n'[39m +
    [32m'  {\n'[39m +
    [32m'    "code": "invalid_value",\n'[39m +
    [32m'    "values": [\n'[39m +
    [32m'      "active",\n'[39m +
    [32m'      "draft",\n'[39m +
    [32m'      "archived",\n'[39m +
    [32m'      "published"\n'[39m +
    [32m'    ],\n'[39m +
    [32m'    "path": [\n'[39m +
    [32m'      "status"\n'[39m +
    [32m'    ],\n'[39m +
    [32m'    "message": "Invalid option: expected one of 
\\"active\\"|\\"draft\\"|\\"archived\\"|\\"published\\""\n'[39m +
    [32m'  }\n'[39m +
    [32m']'[39m
}

[90mstderr[2m | src/hooks/useValuePacks.test.tsx[2m > [22m[2museValuePacks[2m > 
[22m[2museApplyValuePack mutation[2m > [22m[2mrolls back optimistic update on error
[22m[39m[Fabric] [Fabric][useValuePacks] Deployment failed { error: [32m'Pack not found'[39m }

[90mstdout[2m | src/hooks/useGraphQuery.performance.test.ts[2m > [22m[2museSubgraph Performance [L4-Performance][2m > [22m[2mhas consistent timing (stdDev < 50% of mean)
[22m[39mConsistency: mean=79.21ms, CV=11.7%

[90mstdout[2m | src/hooks/useGraphQuery.performance.test.ts[2m > [22m[2museGraphViewState Performance [L4-Performance][2m > [22m[2mstate updates complete in < 1ms
[22m[39m1000 zoom operations: 34.56ms (0.035ms/op)

[90mstdout[2m | src/hooks/useGraphQuery.performance.test.ts[2m > [22m[2museGraphViewState Performance [L4-Performance][2m > [22m[2mpan operations support 60fps (16ms budget)
[22m[39mPan p95: 0.08ms (budget: 16ms)

 [32mΓ£ô[39m src/hooks/useValuePacks.test.tsx [2m([22m[2m10 tests[22m[2m)[22m[33m 713[2mms[22m[39m
 [32mΓ£ô[39m src/hooks/useGraphQuery.property.test.ts [2m([22m[2m12 tests[22m[2m)[22m[33m 9062[2mms[22m[39m
   [33m[2mΓ£ô[22m[39m useSubgraph Properties [L3-Property][2m > [22mproperty: response always contains required fields [33m317[2mms[22m[39m
   [33m[2mΓ£ô[22m[39m useSubgraph Properties [L3-Property][2m > [22mproperty: never throws on valid inputs [33m1284[2mms[22m[39m
   [33m[2mΓ£ô[22m[39m useSubgraph Properties [L3-Property][2m > [22mproperty: all edges reference existing nodes (coherence) [33m3246[2mms[22m[39m
   [33m[2mΓ£ô[22m[39m useSubgraph Properties [L3-Property][2m > [22mproperty: density is always valid [0, 1] [33m4022[2mms[22m[39m
[90mstderr[2m | src/hooks/useFormulaVersions.test.ts
[22m[39m[Fabric] [Fabric][api-client] Environment variable VITE_API_BASE not set, using fallback 
{ feature: [32m'api-client'[39m, fallback: [32m'/api/v1'[39m }
[Fabric] [Fabric][api-client] Environment variable VITE_L1_PREFIX not set, using fallback { 
feature: [32m'api-client'[39m, fallback: [32m'/ingest'[39m }
[Fabric] [Fabric][api-client] Environment variable VITE_L2_PREFIX not set, using fallback { 
feature: [32m'api-client'[39m, fallback: [32m'/extract'[39m }
[Fabric] [Fabric][api-client] Environment variable VITE_L3_PREFIX not set, using fallback { 
feature: [32m'api-client'[39m, fallback: [32m'/graph'[39m }
[Fabric] [Fabric][api-client] Environment variable VITE_L4_PREFIX not set, using fallback { 
feature: [32m'api-client'[39m, fallback: [32m'/agents'[39m }
[Fabric] [Fabric][api-client] Environment variable VITE_L5_PREFIX not set, using fallback { 
feature: [32m'api-client'[39m, fallback: [32m'/truths'[39m }
[Fabric] [Fabric][api-client] Environment variable VITE_L6_PREFIX not set, using fallback { 
feature: [32m'api-client'[39m, fallback: [32m'/benchmarks'[39m }

[90mstderr[2m | src/hooks/useFormulaVersions.test.ts[2m > [22m[2museFormulaVersions[2m > 
[22m[2mhandles error fetching versions
[22m[39m[Fabric] [Fabric][api-client] API request failed {
  feature: [32m'api-client'[39m,
  url: [32m'/formulas/invalid-id/versions?include_retired=false'[39m,
  method: [32m'get'[39m,
  status: [33m404[39m,
  errorCode: [90mundefined[39m,
  traceId: [1mnull[22m,
  message: [32m'Request failed with status code 404'[39m
}
[Fabric] Test query failed {
  queryKey: [32m'["formulas","versions","invalid-id",false]'[39m,
  error: [32m'Request failed with status code 404'[39m
}

[90mstderr[2m | src/hooks/useWorkflows.test.ts
[22m[39m[Fabric] [Fabric][api-client] Environment variable VITE_API_BASE not set, using fallback 
{ feature: [32m'api-client'[39m, fallback: [32m'/api/v1'[39m }
[Fabric] [Fabric][api-client] Environment variable VITE_L1_PREFIX not set, using fallback { 
feature: [32m'api-client'[39m, fallback: [32m'/ingest'[39m }
[Fabric] [Fabric][api-client] Environment variable VITE_L2_PREFIX not set, using fallback { 
feature: [32m'api-client'[39m, fallback: [32m'/extract'[39m }
[Fabric] [Fabric][api-client] Environment variable VITE_L3_PREFIX not set, using fallback { 
feature: [32m'api-client'[39m, fallback: [32m'/graph'[39m }
[Fabric] [Fabric][api-client] Environment variable VITE_L4_PREFIX not set, using fallback { 
feature: [32m'api-client'[39m, fallback: [32m'/agents'[39m }
[Fabric] [Fabric][api-client] Environment variable VITE_L5_PREFIX not set, using fallback { 
feature: [32m'api-client'[39m, fallback: [32m'/truths'[39m }
[Fabric] [Fabric][api-client] Environment variable VITE_L6_PREFIX not set, using fallback { 
feature: [32m'api-client'[39m, fallback: [32m'/benchmarks'[39m }

[90mstderr[2m | src/api/client.test.ts
[22m[39m[Fabric] [Fabric][api-client] Environment variable VITE_API_BASE not set, using fallback 
{ feature: [32m'api-client'[39m, fallback: [32m'/api/v1'[39m }
[Fabric] [Fabric][api-client] Environment variable VITE_L1_PREFIX not set, using fallback { 
feature: [32m'api-client'[39m, fallback: [32m'/ingest'[39m }
[Fabric] [Fabric][api-client] Environment variable VITE_L2_PREFIX not set, using fallback { 
feature: [32m'api-client'[39m, fallback: [32m'/extract'[39m }
[Fabric] [Fabric][api-client] Environment variable VITE_L3_PREFIX not set, using fallback { 
feature: [32m'api-client'[39m, fallback: [32m'/graph'[39m }
[Fabric] [Fabric][api-client] Environment variable VITE_L4_PREFIX not set, using fallback { 
feature: [32m'api-client'[39m, fallback: [32m'/agents'[39m }
[Fabric] [Fabric][api-client] Environment variable VITE_L5_PREFIX not set, using fallback { 
feature: [32m'api-client'[39m, fallback: [32m'/truths'[39m }
[Fabric] [Fabric][api-client] Environment variable VITE_L6_PREFIX not set, using fallback { 
feature: [32m'api-client'[39m, fallback: [32m'/benchmarks'[39m }

[90mstderr[2m | src/pages/admin/AdminPages.test.tsx
[22m[39m[Fabric] [Fabric][api-client] Environment variable VITE_API_BASE not set, using fallback 
{ feature: [32m'api-client'[39m, fallback: [32m'/api/v1'[39m }
[Fabric] [Fabric][api-client] Environment variable VITE_L1_PREFIX not set, using fallback { 
feature: [32m'api-client'[39m, fallback: [32m'/ingest'[39m }
[Fabric] [Fabric][api-client] Environment variable VITE_L2_PREFIX not set, using fallback { 
feature: [32m'api-client'[39m, fallback: [32m'/extract'[39m }
[Fabric] [Fabric][api-client] Environment variable VITE_L3_PREFIX not set, using fallback { 
feature: [32m'api-client'[39m, fallback: [32m'/graph'[39m }
[Fabric] [Fabric][api-client] Environment variable VITE_L4_PREFIX not set, using fallback { 
feature: [32m'api-client'[39m, fallback: [32m'/agents'[39m }
[Fabric] [Fabric][api-client] Environment variable VITE_L5_PREFIX not set, using fallback { 
feature: [32m'api-client'[39m, fallback: [32m'/truths'[39m }
[Fabric] [Fabric][api-client] Environment variable VITE_L6_PREFIX not set, using fallback { 
feature: [32m'api-client'[39m, fallback: [32m'/benchmarks'[39m }

 [32mΓ£ô[39m src/lib/graph-utils.test.ts [2m([22m[2m31 tests[22m[2m)[22m[90m 33[2mms[22m[39m
[90mstderr[2m | src/api/client.test.ts[2m > [22m[2mApiClient[2m > [22m[2mrequest 
deduplication[2m > [22m[2mshares identical in-flight GET requests
[22m[39m[Fabric] [Fabric][api-client] Deduplicating identical in-flight GET request { feature: 
[32m'api-client'[39m, path: [32m'/deduped'[39m, layer: [32m'l3'[39m }

[90mstderr[2m | src/hooks/useFormulaDependents.test.ts
[22m[39m[Fabric] [Fabric][api-client] Environment variable VITE_API_BASE not set, using fallback 
{ feature: [32m'api-client'[39m, fallback: [32m'/api/v1'[39m }
[Fabric] [Fabric][api-client] Environment variable VITE_L1_PREFIX not set, using fallback { 
feature: [32m'api-client'[39m, fallback: [32m'/ingest'[39m }
[Fabric] [Fabric][api-client] Environment variable VITE_L2_PREFIX not set, using fallback { 
feature: [32m'api-client'[39m, fallback: [32m'/extract'[39m }
[Fabric] [Fabric][api-client] Environment variable VITE_L3_PREFIX not set, using fallback { 
feature: [32m'api-client'[39m, fallback: [32m'/graph'[39m }
[Fabric] [Fabric][api-client] Environment variable VITE_L4_PREFIX not set, using fallback { 
feature: [32m'api-client'[39m, fallback: [32m'/agents'[39m }
[Fabric] [Fabric][api-client] Environment variable VITE_L5_PREFIX not set, using fallback { 
feature: [32m'api-client'[39m, fallback: [32m'/truths'[39m }
[Fabric] [Fabric][api-client] Environment variable VITE_L6_PREFIX not set, using fallback { 
feature: [32m'api-client'[39m, fallback: [32m'/benchmarks'[39m }

 [32mΓ£ô[39m src/hooks/useDocuments.test.tsx [2m([22m[2m13 tests[22m[2m)[22m[33m 585[2mms[22m[39m
[90mstderr[2m | src/hooks/useGraphQuery.test.ts
[22m[39m[Fabric] [Fabric][api-client] Environment variable VITE_API_BASE not set, using fallback 
{ feature: [32m'api-client'[39m, fallback: [32m'/api/v1'[39m }
[Fabric] [Fabric][api-client] Environment variable VITE_L1_PREFIX not set, using fallback { 
feature: [32m'api-client'[39m, fallback: [32m'/ingest'[39m }
[Fabric] [Fabric][api-client] Environment variable VITE_L2_PREFIX not set, using fallback { 
feature: [32m'api-client'[39m, fallback: [32m'/extract'[39m }
[Fabric] [Fabric][api-client] Environment variable VITE_L3_PREFIX not set, using fallback { 
feature: [32m'api-client'[39m, fallback: [32m'/graph'[39m }
[Fabric] [Fabric][api-client] Environment variable VITE_L4_PREFIX not set, using fallback { 
feature: [32m'api-client'[39m, fallback: [32m'/agents'[39m }
[Fabric] [Fabric][api-client] Environment variable VITE_L5_PREFIX not set, using fallback { 
feature: [32m'api-client'[39m, fallback: [32m'/truths'[39m }
[Fabric] [Fabric][api-client] Environment variable VITE_L6_PREFIX not set, using fallback { 
feature: [32m'api-client'[39m, fallback: [32m'/benchmarks'[39m }

[90mstderr[2m | src/hooks/useGraphQuery.test.ts[2m > [22m[2museGraphQuery[2m > 
[22m[2mhandles query errors
[22m[39m[Fabric] [Fabric][api-client] API request failed {
  feature: [32m'api-client'[39m,
  url: [32m'/query/graph'[39m,
  method: [32m'post'[39m,
  status: [33m400[39m,
  errorCode: [90mundefined[39m,
  traceId: [1mnull[22m,
  message: [32m'Request failed with status code 400'[39m
}
[Fabric] Test mutation failed {
  mutationKey: [90mundefined[39m,
  error: [32m'Request failed with status code 400'[39m
}
[Fabric] [Fabric][useGraphQuery] GraphRAG query failed { error: [32m'Request failed with status 
code 400'[39m }

[90mstderr[2m | src/hooks/useFormulaDependents.test.ts[2m > [22m[2museFormulaDependents[2m > 
[22m[2mhandles error fetching dependents
[22m[39m[Fabric] [Fabric][api-client] API request failed {
  feature: [32m'api-client'[39m,
  url: [32m'/formulas/invalid-id/dependencies?direction=incoming'[39m,
  method: [32m'get'[39m,
  status: [33m404[39m,
  errorCode: [90mundefined[39m,
  traceId: [1mnull[22m,
  message: [32m'Request failed with status code 404'[39m
}
[Fabric] Test query failed {
  queryKey: [32m'["formulas","dependents","invalid-id"]'[39m,
  error: [32m'Request failed with status code 404'[39m
}

[90mstderr[2m | src/accessibility.a11y.spec.tsx[2m > [22m[2mcomponent accessibility smoke 
tests[2m > [22m[2mvirtual list single-column passes axe
[22m[39mAn update to VirtualList inside a test was not wrapped in act(...).

When testing, code that causes React state updates should be wrapped into act(...):

act(() => {
  /* fire events that update state */
});
/* assert on the output */

This ensures that you're testing the behavior the user would see in the browser. Learn more at 
https://react.dev/link/wrap-tests-with-act

[90mstderr[2m | src/accessibility.a11y.spec.tsx[2m > [22m[2mcomponent accessibility smoke 
tests[2m > [22m[2mvirtual list multi-column grid passes axe
[22m[39mAn update to VirtualList inside a test was not wrapped in act(...).

When testing, code that causes React state updates should be wrapped into act(...):

act(() => {
  /* fire events that update state */
});
/* assert on the output */

This ensures that you're testing the behavior the user would see in the browser. Learn more at 
https://react.dev/link/wrap-tests-with-act
Each child in a list should have a unique "key" prop.

Check the render method of `VirtualList`. See https://react.dev/link/warning-keys for more 
information.

 [32mΓ£ô[39m src/accessibility.a11y.spec.tsx [2m([22m[2m15 tests[22m[2m)[22m[33m 1088[2mms[22m[39m
   [33m[2mΓ£ô[22m[39m component accessibility smoke tests[2m > [22mbutton and input expose accessible roles and labels [33m312[2mms[22m[39m
[90mstderr[2m | src/hooks/useGraphQuery.test.ts[2m > [22m[2museEntityContext[2m > 
[22m[2mhandles entity not found
[22m[39m[Fabric] [Fabric][api-client] API request failed {
  feature: [32m'api-client'[39m,
  url: [32m'/entity/non-existent/context?hops=2'[39m,
  method: [32m'get'[39m,
  status: [33m404[39m,
  errorCode: [90mundefined[39m,
  traceId: [1mnull[22m,
  message: [32m'Request failed with status code 404'[39m
}
[Fabric] Test query failed {
  queryKey: [32m'["graph","context","non-existent",2]'[39m,
  error: [32m'Request failed with status code 404'[39m
}

[90mstderr[2m | src/hooks/useVariables.test.ts
[22m[39m[Fabric] [Fabric][api-client] Environment variable VITE_API_BASE not set, using fallback 
{ feature: [32m'api-client'[39m, fallback: [32m'/api/v1'[39m }
[Fabric] [Fabric][api-client] Environment variable VITE_L1_PREFIX not set, using fallback { 
feature: [32m'api-client'[39m, fallback: [32m'/ingest'[39m }
[Fabric] [Fabric][api-client] Environment variable VITE_L2_PREFIX not set, using fallback { 
feature: [32m'api-client'[39m, fallback: [32m'/extract'[39m }
[Fabric] [Fabric][api-client] Environment variable VITE_L3_PREFIX not set, using fallback { 
feature: [32m'api-client'[39m, fallback: [32m'/graph'[39m }
[Fabric] [Fabric][api-client] Environment variable VITE_L4_PREFIX not set, using fallback { 
feature: [32m'api-client'[39m, fallback: [32m'/agents'[39m }
[Fabric] [Fabric][api-client] Environment variable VITE_L5_PREFIX not set, using fallback { 
feature: [32m'api-client'[39m, fallback: [32m'/truths'[39m }
[Fabric] [Fabric][api-client] Environment variable VITE_L6_PREFIX not set, using fallback { 
feature: [32m'api-client'[39m, fallback: [32m'/benchmarks'[39m }

[90mstderr[2m | src/hooks/useGraphQuery.test.ts[2m > [22m[2museEntityTraversal[2m > 
[22m[2mhandles traversal errors
[22m[39m[Fabric] [Fabric][api-client] API request failed {
  feature: [32m'api-client'[39m,
  url: [32m'/entity/traverse'[39m,
  method: [32m'post'[39m,
  status: [33m400[39m,
  errorCode: [90mundefined[39m,
  traceId: [1mnull[22m,
  message: [32m'Request failed with status code 400'[39m
}
[Fabric] Test mutation failed {
  mutationKey: [90mundefined[39m,
  error: [32m'Request failed with status code 400'[39m
}
[Fabric] [Fabric][useGraphQuery] Entity traversal failed { error: [32m'Request failed with status 
code 400'[39m }

[90mstderr[2m | src/hooks/useOpportunities.test.ts
[22m[39m[Fabric] [Fabric][api-client] Environment variable VITE_API_BASE not set, using fallback 
{ feature: [32m'api-client'[39m, fallback: [32m'/api/v1'[39m }
[Fabric] [Fabric][api-client] Environment variable VITE_L1_PREFIX not set, using fallback { 
feature: [32m'api-client'[39m, fallback: [32m'/ingest'[39m }
[Fabric] [Fabric][api-client] Environment variable VITE_L2_PREFIX not set, using fallback { 
feature: [32m'api-client'[39m, fallback: [32m'/extract'[39m }
[Fabric] [Fabric][api-client] Environment variable VITE_L3_PREFIX not set, using fallback { 
feature: [32m'api-client'[39m, fallback: [32m'/graph'[39m }
[Fabric] [Fabric][api-client] Environment variable VITE_L4_PREFIX not set, using fallback { 
feature: [32m'api-client'[39m, fallback: [32m'/agents'[39m }
[Fabric] [Fabric][api-client] Environment variable VITE_L5_PREFIX not set, using fallback { 
feature: [32m'api-client'[39m, fallback: [32m'/truths'[39m }
[Fabric] [Fabric][api-client] Environment variable VITE_L6_PREFIX not set, using fallback { 
feature: [32m'api-client'[39m, fallback: [32m'/benchmarks'[39m }

[90mstderr[2m | src/hooks/useJobStream.test.ts
[22m[39m[Fabric] [Fabric][api-client] Environment variable VITE_API_BASE not set, using fallback 
{ feature: [32m'api-client'[39m, fallback: [32m'/api/v1'[39m }
[Fabric] [Fabric][api-client] Environment variable VITE_L1_PREFIX not set, using fallback { 
feature: [32m'api-client'[39m, fallback: [32m'/ingest'[39m }
[Fabric] [Fabric][api-client] Environment variable VITE_L2_PREFIX not set, using fallback { 
feature: [32m'api-client'[39m, fallback: [32m'/extract'[39m }
[Fabric] [Fabric][api-client] Environment variable VITE_L3_PREFIX not set, using fallback { 
feature: [32m'api-client'[39m, fallback: [32m'/graph'[39m }
[Fabric] [Fabric][api-client] Environment variable VITE_L4_PREFIX not set, using fallback { 
feature: [32m'api-client'[39m, fallback: [32m'/agents'[39m }
[Fabric] [Fabric][api-client] Environment variable VITE_L5_PREFIX not set, using fallback { 
feature: [32m'api-client'[39m, fallback: [32m'/truths'[39m }
[Fabric] [Fabric][api-client] Environment variable VITE_L6_PREFIX not set, using fallback { 
feature: [32m'api-client'[39m, fallback: [32m'/benchmarks'[39m }

[90mstderr[2m | src/hooks/useFormulaVersions.test.ts[2m > [22m[2museFormulaVersions[2m > 
[22m[2mhandles network error gracefully
[22m[39m[Fabric] [Fabric][api-client] API request failed {
  feature: [32m'api-client'[39m,
  url: [32m'/formulas/network-error/versions?include_retired=false'[39m,
  method: [32m'get'[39m,
  status: [90mundefined[39m,
  errorCode: [90mundefined[39m,
  traceId: [1mnull[22m,
  message: [32m'Network Error'[39m
}
[Fabric] [Fabric][api-client] API request failed {
  feature: [32m'api-client'[39m,
  url: [90mundefined[39m,
  method: [90mundefined[39m,
  status: [90mundefined[39m,
  errorCode: [90mundefined[39m,
  traceId: [1mnull[22m,
  message: [32m'Network Error'[39m
}
[Fabric] [Fabric][api-client] API request failed {
  feature: [32m'api-client'[39m,
  url: [90mundefined[39m,
  method: [90mundefined[39m,
  status: [90mundefined[39m,
  errorCode: [90mundefined[39m,
  traceId: [1mnull[22m,
  message: [32m'Network Error'[39m
}
[Fabric] [Fabric][api-client] API request failed {
  feature: [32m'api-client'[39m,
  url: [90mundefined[39m,
  method: [90mundefined[39m,
  status: [90mundefined[39m,
  errorCode: [90mundefined[39m,
  traceId: [1mnull[22m,
  message: [32m'Network Error'[39m
}
[Fabric] Test query failed {
  queryKey: [32m'["formulas","versions","network-error",false]'[39m,
  error: [32m'Network Error'[39m
}

 [32mΓ£ô[39m src/hooks/useGraphQuery.test.ts [2m([22m[2m12 tests[22m[2m)[22m[33m 952[2mms[22m[39m
 [32mΓ£ô[39m src/components/WfPrimitives.test.tsx [2m([22m[2m35 tests[22m[2m)[22m[33m 511[2mms[22m[39m
[90mstderr[2m | src/hooks/useJobStream.test.ts[2m > [22m[2museJobStream[2m > 
[22m[2mhandles connection errors gracefully
[22m[39m[Fabric] [Fabric][use-job-stream] SSE connection error, falling back to polling { 
feature: [32m'use-job-stream'[39m, jobId: [32m'non-existent-job'[39m }
[Fabric] [Fabric][use-job-stream] Starting polling fallback { feature: [32m'use-job-stream'[39m, 
jobId: [32m'non-existent-job'[39m }
[Fabric] [Fabric][api-client] API request failed {
  feature: [32m'api-client'[39m,
  url: [32m'/jobs/non-existent-job'[39m,
  method: [32m'get'[39m,
  status: [33m404[39m,
  errorCode: [90mundefined[39m,
  traceId: [1mnull[22m,
  message: [32m'Request failed with status code 404'[39m
}
[Fabric] [Fabric][use-job-stream] Polling failed {
  feature: [32m'use-job-stream'[39m,
  jobId: [32m'non-existent-job'[39m,
  error: [32m'Job not found'[39m
}

[90mstderr[2m | src/hooks/useFormulaVersions.test.ts[2m > [22m[2museFormulaGovernance[2m > 
[22m[2mhandles governance not found error
[22m[39m[Fabric] [Fabric][api-client] API request failed {
  feature: [32m'api-client'[39m,
  url: [32m'/formulas/nonexistent/governance'[39m,
  method: [32m'get'[39m,
  status: [33m404[39m,
  errorCode: [90mundefined[39m,
  traceId: [1mnull[22m,
  message: [32m'Request failed with status code 404'[39m
}
[Fabric] Test query failed {
  queryKey: [32m'["formulas","governance","nonexistent"]'[39m,
  error: [32m'Request failed with status code 404'[39m
}

[90mstderr[2m | src/hooks/useJobStream.test.ts[2m > [22m[2museJobStream[2m > 
[22m[2mhandles job failure via SSE
[22m[39m[Fabric] [Fabric][use-job-stream] SSE connection error, falling back to polling { 
feature: [32m'use-job-stream'[39m, jobId: [32m'failed-job'[39m }
[Fabric] [Fabric][use-job-stream] Starting polling fallback { feature: [32m'use-job-stream'[39m, 
jobId: [32m'failed-job'[39m }

[90mstderr[2m | src/hooks/useVariables.test.ts[2m > [22m[2museVariable[2m > [22m[2mhandles 
variable not found
[22m[39m[Fabric] [Fabric][api-client] API request failed {
  feature: [32m'api-client'[39m,
  url: [32m'/variables/non-existent'[39m,
  method: [32m'get'[39m,
  status: [33m404[39m,
  errorCode: [90mundefined[39m,
  traceId: [1mnull[22m,
  message: [32m'Request failed with status code 404'[39m
}
[Fabric] Test query failed {
  queryKey: [32m'["variables","detail","non-existent"]'[39m,
  error: [32m'Request failed with status code 404'[39m
}

 [32mΓ£ô[39m src/hooks/useFormulaVersions.test.ts [2m([22m[2m13 tests[22m[2m)[22m[33m 2537[2mms[22m[39m
   [33m[2mΓ£ô[22m[39m useFormulaVersions[2m > [22mhandles network error gracefully [33m1699[2mms[22m[39m
 [32mΓ£ô[39m src/hooks/useJobStream.test.ts [2m([22m[2m9 tests[22m[2m)[22m[33m 433[2mms[22m[39m
 [32mΓ£ô[39m src/hooks/useProvenance.test.tsx [2m([22m[2m10 tests[22m[2m)[22m[33m 582[2mms[22m[39m
[90mstderr[2m | src/api/client.test.ts[2m > [22m[2mApiClient[2m > [22m[2merror 
handling[2m > [22m[2mshould throw on network errors
[22m[39m[Fabric] [Fabric][api-client] API request failed {
  feature: [32m'api-client'[39m,
  url: [32m'/test'[39m,
  method: [32m'get'[39m,
  status: [90mundefined[39m,
  errorCode: [90mundefined[39m,
  traceId: [1mnull[22m,
  message: [32m'Network Error'[39m
}
[Fabric] [Fabric][api-client] API request failed {
  feature: [32m'api-client'[39m,
  url: [90mundefined[39m,
  method: [90mundefined[39m,
  status: [90mundefined[39m,
  errorCode: [90mundefined[39m,
  traceId: [1mnull[22m,
  message: [32m'Network Error'[39m
}
[Fabric] [Fabric][api-client] API request failed {
  feature: [32m'api-client'[39m,
  url: [90mundefined[39m,
  method: [90mundefined[39m,
  status: [90mundefined[39m,
  errorCode: [90mundefined[39m,
  traceId: [1mnull[22m,
  message: [32m'Network Error'[39m
}
[Fabric] [Fabric][api-client] API request failed {
  feature: [32m'api-client'[39m,
  url: [90mundefined[39m,
  method: [90mundefined[39m,
  status: [90mundefined[39m,
  errorCode: [90mundefined[39m,
  traceId: [1mnull[22m,
  message: [32m'Network Error'[39m
}

[90mstderr[2m | src/hooks/useROICalculator.test.ts[2m > [22m[2museBenchmarksList[2m > 
[22m[2mhandles API errors
[22m[39m[Fabric] Test query failed {
  queryKey: [32m'["roi","assumptions-list"]'[39m,
  error: [32m'Failed to fetch benchmarks'[39m
}

[90mstderr[2m | src/hooks/useWorkflows.test.ts[2m > [22m[2museActiveWorkflows[2m > 
[22m[2mhandles API error
[22m[39m[Fabric] [Fabric][api-client] API request failed {
  feature: [32m'api-client'[39m,
  url: [32m'/workflows/active?limit=50&offset=0'[39m,
  method: [32m'get'[39m,
  status: [33m500[39m,
  errorCode: [90mundefined[39m,
  traceId: [1mnull[22m,
  message: [32m'Request failed with status code 500'[39m
}
[Fabric] [Fabric][api-client] API request failed {
  feature: [32m'api-client'[39m,
  url: [90mundefined[39m,
  method: [90mundefined[39m,
  status: [90mundefined[39m,
  errorCode: [90mundefined[39m,
  traceId: [1mnull[22m,
  message: [32m'Request failed with status code 500'[39m
}
[Fabric] [Fabric][api-client] API request failed {
  feature: [32m'api-client'[39m,
  url: [90mundefined[39m,
  method: [90mundefined[39m,
  status: [90mundefined[39m,
  errorCode: [90mundefined[39m,
  traceId: [1mnull[22m,
  message: [32m'Request failed with status code 500'[39m
}
[Fabric] [Fabric][api-client] API request failed {
  feature: [32m'api-client'[39m,
  url: [90mundefined[39m,
  method: [90mundefined[39m,
  status: [90mundefined[39m,
  errorCode: [90mundefined[39m,
  traceId: [1mnull[22m,
  message: [32m'Request failed with status code 500'[39m
}
[Fabric] Test query failed {
  queryKey: [32m'["workflows","active",{"limit":50,"offset":0}]'[39m,
  error: [32m'Request failed with status code 500'[39m
}

[90mstderr[2m | src/hooks/useHealthMonitor.test.ts
[22m[39m[Fabric] [Fabric][api-client] Environment variable VITE_API_BASE not set, using fallback 
{ feature: [32m'api-client'[39m, fallback: [32m'/api/v1'[39m }
[Fabric] [Fabric][api-client] Environment variable VITE_L1_PREFIX not set, using fallback { 
feature: [32m'api-client'[39m, fallback: [32m'/ingest'[39m }
[Fabric] [Fabric][api-client] Environment variable VITE_L2_PREFIX not set, using fallback { 
feature: [32m'api-client'[39m, fallback: [32m'/extract'[39m }
[Fabric] [Fabric][api-client] Environment variable VITE_L3_PREFIX not set, using fallback { 
feature: [32m'api-client'[39m, fallback: [32m'/graph'[39m }
[Fabric] [Fabric][api-client] Environment variable VITE_L4_PREFIX not set, using fallback { 
feature: [32m'api-client'[39m, fallback: [32m'/agents'[39m }
[Fabric] [Fabric][api-client] Environment variable VITE_L5_PREFIX not set, using fallback { 
feature: [32m'api-client'[39m, fallback: [32m'/truths'[39m }
[Fabric] [Fabric][api-client] Environment variable VITE_L6_PREFIX not set, using fallback { 
feature: [32m'api-client'[39m, fallback: [32m'/benchmarks'[39m }

[90mstderr[2m | src/hooks/useVariables.test.ts[2m > [22m[2museValidateVariable[2m > 
[22m[2mhandles validation error for missing variable
[22m[39m[Fabric] [Fabric][api-client] API request failed {
  feature: [32m'api-client'[39m,
  url: [32m'/variables/non-existent/validate'[39m,
  method: [32m'post'[39m,
  status: [33m404[39m,
  errorCode: [90mundefined[39m,
  traceId: [1mnull[22m,
  message: [32m'Request failed with status code 404'[39m
}
[Fabric] Test mutation failed {
  mutationKey: [90mundefined[39m,
  error: [32m'Request failed with status code 404'[39m
}

 [32mΓ£ô[39m src/hooks/useVariables.test.ts [2m([22m[2m16 tests[22m[2m)[22m[33m 1232[2mms[22m[39m
[90mstderr[2m | src/hooks/useROICalculator.test.ts[2m > [22m[2museROICalculationAgent[2m > 
[22m[2mhandles API errors
[22m[39m[Fabric] Test mutation failed { mutationKey: [90mundefined[39m, error: [32m'Agent 
calculation failed'[39m }

[90mstderr[2m | src/hooks/useWorkflows.test.ts[2m > [22m[2museCreateWorkflow[2m > 
[22m[2mhandles creation error
[22m[39m[Fabric] [Fabric][api-client] API request failed {
  feature: [32m'api-client'[39m,
  url: [32m'/workflows'[39m,
  method: [32m'post'[39m,
  status: [33m400[39m,
  errorCode: [90mundefined[39m,
  traceId: [1mnull[22m,
  message: [32m'Request failed with status code 400'[39m
}
[Fabric] Test mutation failed {
  mutationKey: [90mundefined[39m,
  error: [32m'Request failed with status code 400'[39m
}

 [32mΓ£ô[39m src/hooks/useROICalculator.test.ts [2m([22m[2m9 tests[22m[2m)[22m[33m 571[2mms[22m[39m
[90mstderr[2m | src/hooks/useGraphQuery.comprehensive.test.ts[2m > [22m[2museSubgraph 
[L1-Unit-Async][2m > [22m[2merror cases[2m > [22m[2mhandles malformed response (validation 
error)
[22m[39m[Fabric] Test query failed {
  queryKey: [32m'["graph","subgraph","invalid","",2,100]'[39m,
  error: [32m'Validation failed for SubgraphResponse: root_entity_id: Invalid input: expected 
string, received undefined, nodes: Invalid input: expected array, received undefined, edges: 
Invalid input: expected array, received undefined, depth: Invalid input: expected number, received 
undefined, stats: Invalid input: expected object, received undefined'[39m
}

[90mstderr[2m | src/hooks/useFormulaDependents.test.ts[2m > [22m[2museFormulaDependencies[2m 
> [22m[2mhandles error fetching dependencies
[22m[39m[Fabric] [Fabric][api-client] API request failed {
  feature: [32m'api-client'[39m,
  url: [32m'/formulas/error-formula/dependencies?direction=outgoing'[39m,
  method: [32m'get'[39m,
  status: [33m500[39m,
  errorCode: [90mundefined[39m,
  traceId: [1mnull[22m,
  message: [32m'Request failed with status code 500'[39m
}
[Fabric] [Fabric][api-client] API request failed {
  feature: [32m'api-client'[39m,
  url: [90mundefined[39m,
  method: [90mundefined[39m,
  status: [90mundefined[39m,
  errorCode: [90mundefined[39m,
  traceId: [1mnull[22m,
  message: [32m'Request failed with status code 500'[39m
}
[Fabric] [Fabric][api-client] API request failed {
  feature: [32m'api-client'[39m,
  url: [90mundefined[39m,
  method: [90mundefined[39m,
  status: [90mundefined[39m,
  errorCode: [90mundefined[39m,
  traceId: [1mnull[22m,
  message: [32m'Request failed with status code 500'[39m
}
[Fabric] [Fabric][api-client] API request failed {
  feature: [32m'api-client'[39m,
  url: [90mundefined[39m,
  method: [90mundefined[39m,
  status: [90mundefined[39m,
  errorCode: [90mundefined[39m,
  traceId: [1mnull[22m,
  message: [32m'Request failed with status code 500'[39m
}
[Fabric] Test query failed {
  queryKey: [32m'["formulas","dependencies","error-formula"]'[39m,
  error: [32m'Request failed with status code 500'[39m
}

 [32mΓ£ô[39m src/hooks/useFormulaDependents.test.ts [2m([22m[2m10 tests[22m[2m)[22m[33m 2361[2mms[22m[39m
   [33m[2mΓ£ô[22m[39m useFormulaDependencies[2m > [22mhandles error fetching dependencies [33m1678[2mms[22m[39m
[90mstderr[2m | src/hooks/useWorkflows.test.ts[2m > [22m[2museCancelWorkflow[2m > 
[22m[2mhandles cancellation error
[22m[39m[Fabric] [Fabric][api-client] API request failed {
  feature: [32m'api-client'[39m,
  url: [32m'/workflows/non-existent-wf'[39m,
  method: [32m'delete'[39m,
  status: [33m404[39m,
  errorCode: [90mundefined[39m,
  traceId: [1mnull[22m,
  message: [32m'Request failed with status code 404'[39m
}
[Fabric] Test mutation failed {
  mutationKey: [90mundefined[39m,
  error: [32m'Request failed with status code 404'[39m
}

 [32mΓ£ô[39m src/hooks/useWorkflows.test.ts [2m([22m[2m12 tests[22m[2m)[22m[33m 3129[2mms[22m[39m
   [33m[2mΓ£ô[22m[39m useActiveWorkflows[2m > [22mhandles API error [33m1754[2mms[22m[39m
   [33m[2mΓ£ô[22m[39m useCancelWorkflow[2m > [22mcancels workflow successfully [33m603[2mms[22m[39m
[90mstderr[2m | src/hooks/useGraphQuery.comprehensive.test.ts[2m > [22m[2museEntityContext 
[L1-Unit-Async][2m > [22m[2merror cases[2m > [22m[2mhandles entity not found (404)
[22m[39m[Fabric] [Fabric][api-client] API request failed {
  feature: [32m'api-client'[39m,
  url: [32m'/entity/nonexistent/context?hops=2'[39m,
  method: [32m'get'[39m,
  status: [33m404[39m,
  errorCode: [90mundefined[39m,
  traceId: [1mnull[22m,
  message: [32m'Request failed with status code 404'[39m
}
[Fabric] Test query failed {
  queryKey: [32m'["graph","context","nonexistent",2]'[39m,
  error: [32m'Request failed with status code 404'[39m
}

 [32mΓ£ô[39m src/api/__tests__/contract/agent-stream.contract.test.ts [2m([22m[2m15 tests[22m[2m)[22m[90m 45[2mms[22m[39m
[90mstderr[2m | src/hooks/useGraphQuery.comprehensive.test.ts[2m > [22m[2museEntityContext 
[L1-Unit-Async][2m > [22m[2merror cases[2m > [22m[2mhandles invalid hops parameter
[22m[39m[Fabric] [Fabric][api-client] API request failed {
  feature: [32m'api-client'[39m,
  url: [32m'/entity/entity-1/context?hops=-1'[39m,
  method: [32m'get'[39m,
  status: [33m400[39m,
  errorCode: [90mundefined[39m,
  traceId: [1mnull[22m,
  message: [32m'Request failed with status code 400'[39m
}
[Fabric] Test query failed {
  queryKey: [32m'["graph","context","entity-1",-1]'[39m,
  error: [32m'Request failed with status code 400'[39m
}

[90mstderr[2m | src/api/client.test.ts[2m > [22m[2mApiClient[2m > [22m[2merror 
handling[2m > [22m[2mshould throw on HTTP error status
[22m[39m[Fabric] [Fabric][api-client] API request failed {
  feature: [32m'api-client'[39m,
  url: [32m'/test'[39m,
  method: [32m'get'[39m,
  status: [33m500[39m,
  errorCode: [90mundefined[39m,
  traceId: [1mnull[22m,
  message: [32m'Request failed with status code 500'[39m
}
[Fabric] [Fabric][api-client] API request failed {
  feature: [32m'api-client'[39m,
  url: [90mundefined[39m,
  method: [90mundefined[39m,
  status: [90mundefined[39m,
  errorCode: [90mundefined[39m,
  traceId: [1mnull[22m,
  message: [32m'Request failed with status code 500'[39m
}
[Fabric] [Fabric][api-client] API request failed {
  feature: [32m'api-client'[39m,
  url: [90mundefined[39m,
  method: [90mundefined[39m,
  status: [90mundefined[39m,
  errorCode: [90mundefined[39m,
  traceId: [1mnull[22m,
  message: [32m'Request failed with status code 500'[39m
}
[Fabric] [Fabric][api-client] API request failed {
  feature: [32m'api-client'[39m,
  url: [90mundefined[39m,
  method: [90mundefined[39m,
  status: [90mundefined[39m,
  errorCode: [90mundefined[39m,
  traceId: [1mnull[22m,
  message: [32m'Request failed with status code 500'[39m
}

 [32mΓ£ô[39m src/api/client.test.ts [2m([22m[2m12 tests[22m[2m)[22m[33m 3489[2mms[22m[39m
   [33m[2mΓ£ô[22m[39m ApiClient[2m > [22merror handling[2m > [22mshould throw on network errors [33m1582[2mms[22m[39m
   [33m[2mΓ£ô[22m[39m ApiClient[2m > [22merror handling[2m > [22mshould throw on HTTP error status [33m1592[2mms[22m[39m
 [32mΓ£ô[39m src/lib/formatters.test.ts [2m([22m[2m35 tests[22m[2m)[22m[90m 103[2mms[22m[39m
[90mstderr[2m | src/hooks/useHealthMonitor.test.ts[2m > [22m[2museSystemHealth[2m > 
[22m[2mhandles error state
[22m[39m[Fabric] [Fabric][api-client] API request failed {
  feature: [32m'api-client'[39m,
  url: [32m'/health'[39m,
  method: [32m'get'[39m,
  status: [33m503[39m,
  errorCode: [90mundefined[39m,
  traceId: [1mnull[22m,
  message: [32m'Request failed with status code 503'[39m
}
[Fabric] [Fabric][api-client] API request failed {
  feature: [32m'api-client'[39m,
  url: [90mundefined[39m,
  method: [90mundefined[39m,
  status: [90mundefined[39m,
  errorCode: [90mundefined[39m,
  traceId: [1mnull[22m,
  message: [32m'Request failed with status code 503'[39m
}
[Fabric] [Fabric][api-client] API request failed {
  feature: [32m'api-client'[39m,
  url: [90mundefined[39m,
  method: [90mundefined[39m,
  status: [90mundefined[39m,
  errorCode: [90mundefined[39m,
  traceId: [1mnull[22m,
  message: [32m'Request failed with status code 503'[39m
}
[Fabric] [Fabric][api-client] API request failed {
  feature: [32m'api-client'[39m,
  url: [90mundefined[39m,
  method: [90mundefined[39m,
  status: [90mundefined[39m,
  errorCode: [90mundefined[39m,
  traceId: [1mnull[22m,
  message: [32m'Request failed with status code 503'[39m
}
[Fabric] Test query failed {
  queryKey: [32m'["platform","health"]'[39m,
  error: [32m'Request failed with status code 503'[39m
}

 [32mΓ£ô[39m src/hooks/useHealthMonitor.test.ts [2m([22m[2m9 tests[22m[2m)[22m[33m 2399[2mms[22m[39m
   [33m[2mΓ£ô[22m[39m useSystemHealth[2m > [22mhandles error state [33m1686[2mms[22m[39m
[90mstderr[2m | src/hooks/useBilling.test.tsx[2m > [22m[2museBilling[2m > [22m[2mshould 
handle subscription error
[22m[39m[Fabric] Test query failed {
  queryKey: [32m'["billing","subscription","user_123"]'[39m,
  error: [32m'Failed to fetch'[39m
}

[90mstderr[2m | src/hooks/useBilling.test.tsx[2m > [22m[2museBilling[2m > [22m[2mshould 
open customer portal
[22m[39mAn update to TestComponent inside a test was not wrapped in act(...).

When testing, code that causes React state updates should be wrapped into act(...):

act(() => {
  /* fire events that update state */
});
/* assert on the output */

This ensures that you're testing the behavior the user would see in the browser. Learn more at 
https://react.dev/link/wrap-tests-with-act
An update to TestComponent inside a test was not wrapped in act(...).

When testing, code that causes React state updates should be wrapped into act(...):

act(() => {
  /* fire events that update state */
});
/* assert on the output */

This ensures that you're testing the behavior the user would see in the browser. Learn more at 
https://react.dev/link/wrap-tests-with-act

[90mstderr[2m | src/hooks/useBilling.test.tsx[2m > [22m[2museBilling[2m > [22m[2mshould 
initiate checkout for upgrade
[22m[39mAn update to TestComponent inside a test was not wrapped in act(...).

When testing, code that causes React state updates should be wrapped into act(...):

act(() => {
  /* fire events that update state */
});
/* assert on the output */

This ensures that you're testing the behavior the user would see in the browser. Learn more at 
https://react.dev/link/wrap-tests-with-act

 [32mΓ£ô[39m src/hooks/useBilling.test.tsx [2m([22m[2m10 tests[22m[2m)[22m[33m 548[2mms[22m[39m
[90mstderr[2m | src/hooks/useGraphQuery.comprehensive.test.ts[2m > [22m[2museGraphQuery 
[L1-Unit-Async][2m > [22m[2merror cases[2m > [22m[2mhandles query timeout
[22m[39m[Fabric] [Fabric][api-client] API request failed {
  feature: [32m'api-client'[39m,
  url: [32m'/query/graph'[39m,
  method: [32m'post'[39m,
  status: [33m504[39m,
  errorCode: [90mundefined[39m,
  traceId: [1mnull[22m,
  message: [32m'Request failed with status code 504'[39m
}
[Fabric] [Fabric][api-client] API request failed {
  feature: [32m'api-client'[39m,
  url: [90mundefined[39m,
  method: [90mundefined[39m,
  status: [90mundefined[39m,
  errorCode: [90mundefined[39m,
  traceId: [1mnull[22m,
  message: [32m'Request failed with status code 504'[39m
}
[Fabric] [Fabric][api-client] API request failed {
  feature: [32m'api-client'[39m,
  url: [90mundefined[39m,
  method: [90mundefined[39m,
  status: [90mundefined[39m,
  errorCode: [90mundefined[39m,
  traceId: [1mnull[22m,
  message: [32m'Request failed with status code 504'[39m
}
[Fabric] [Fabric][api-client] API request failed {
  feature: [32m'api-client'[39m,
  url: [90mundefined[39m,
  method: [90mundefined[39m,
  status: [90mundefined[39m,
  errorCode: [90mundefined[39m,
  traceId: [1mnull[22m,
  message: [32m'Request failed with status code 504'[39m
}
[Fabric] Test mutation failed {
  mutationKey: [90mundefined[39m,
  error: [32m'Request failed with status code 504'[39m
}
[Fabric] [Fabric][useGraphQuery] GraphRAG query failed { error: [32m'Request failed with status 
code 504'[39m }

[90mstderr[2m | src/hooks/useGraphQuery.comprehensive.test.ts[2m > [22m[2museGraphQuery 
[L1-Unit-Async][2m > [22m[2merror cases[2m > [22m[2mhandles invalid query parameters
[22m[39m[Fabric] [Fabric][api-client] API request failed {
  feature: [32m'api-client'[39m,
  url: [32m'/query/graph'[39m,
  method: [32m'post'[39m,
  status: [33m400[39m,
  errorCode: [90mundefined[39m,
  traceId: [1mnull[22m,
  message: [32m'Request failed with status code 400'[39m
}
[Fabric] Test mutation failed {
  mutationKey: [90mundefined[39m,
  error: [32m'Request failed with status code 400'[39m
}
[Fabric] [Fabric][useGraphQuery] GraphRAG query failed { error: [32m'Request failed with status 
code 400'[39m }

[90mstderr[2m | src/hooks/useGraphQuery.comprehensive.test.ts[2m > [22m[2museEntityTraversal 
[L1-Unit-Async][2m > [22m[2merror cases[2m > [22m[2mhandles invalid direction
[22m[39m[Fabric] [Fabric][api-client] API request failed {
  feature: [32m'api-client'[39m,
  url: [32m'/entity/traverse'[39m,
  method: [32m'post'[39m,
  status: [33m400[39m,
  errorCode: [90mundefined[39m,
  traceId: [1mnull[22m,
  message: [32m'Request failed with status code 400'[39m
}
[Fabric] Test mutation failed {
  mutationKey: [90mundefined[39m,
  error: [32m'Request failed with status code 400'[39m
}
[Fabric] [Fabric][useGraphQuery] Entity traversal failed { error: [32m'Request failed with status 
code 400'[39m }

[90mstderr[2m | src/hooks/useGraphQuery.comprehensive.test.ts[2m > [22m[2museEntityTraversal 
[L1-Unit-Async][2m > [22m[2merror cases[2m > [22m[2mhandles non-existent entity
[22m[39m[Fabric] [Fabric][api-client] API request failed {
  feature: [32m'api-client'[39m,
  url: [32m'/entity/traverse'[39m,
  method: [32m'post'[39m,
  status: [33m404[39m,
  errorCode: [90mundefined[39m,
  traceId: [1mnull[22m,
  message: [32m'Request failed with status code 404'[39m
}
[Fabric] Test mutation failed {
  mutationKey: [90mundefined[39m,
  error: [32m'Request failed with status code 404'[39m
}
[Fabric] [Fabric][useGraphQuery] Entity traversal failed { error: [32m'Request failed with status 
code 404'[39m }

[90mstderr[2m | src/pages/BusinessCase.test.tsx
[22m[39m[Fabric] [Fabric][api-client] Environment variable VITE_API_BASE not set, using fallback 
{ feature: [32m'api-client'[39m, fallback: [32m'/api/v1'[39m }
[Fabric] [Fabric][api-client] Environment variable VITE_L1_PREFIX not set, using fallback { 
feature: [32m'api-client'[39m, fallback: [32m'/ingest'[39m }
[Fabric] [Fabric][api-client] Environment variable VITE_L2_PREFIX not set, using fallback { 
feature: [32m'api-client'[39m, fallback: [32m'/extract'[39m }
[Fabric] [Fabric][api-client] Environment variable VITE_L3_PREFIX not set, using fallback { 
feature: [32m'api-client'[39m, fallback: [32m'/graph'[39m }
[Fabric] [Fabric][api-client] Environment variable VITE_L4_PREFIX not set, using fallback { 
feature: [32m'api-client'[39m, fallback: [32m'/agents'[39m }
[Fabric] [Fabric][api-client] Environment variable VITE_L5_PREFIX not set, using fallback { 
feature: [32m'api-client'[39m, fallback: [32m'/truths'[39m }
[Fabric] [Fabric][api-client] Environment variable VITE_L6_PREFIX not set, using fallback { 
feature: [32m'api-client'[39m, fallback: [32m'/benchmarks'[39m }

 [32mΓ£ô[39m src/hooks/useGraphQuery.comprehensive.test.ts [2m([22m[2m54 tests[22m[2m)[22m[33m 16075[2mms[22m[39m
   [33m[2mΓ£ô[22m[39m useSubgraph [L1-Unit-Async][2m > [22merror cases[2m > [22mhandles 500 server error [33m1802[2mms[22m[39m
   [33m[2mΓ£ô[22m[39m useSubgraph [L1-Unit-Async][2m > [22merror cases[2m > [22mhandles network timeout [33m10100[2mms[22m[39m
   [33m[2mΓ£ô[22m[39m useGraphQuery [L1-Unit-Async][2m > [22merror cases[2m > [22mhandles query timeout [33m1786[2mms[22m[39m
[90mstdout[2m | src/hooks/useGraphQuery.performance.test.ts[2m > [22m[2museEntityContext Performance [L4-Performance][2m > [22m[2mloads entity context in < 150ms
[22m[39mEntity context: mean=73.78ms

[90mstderr[2m | src/pages/GraphExplorer.test.tsx
[22m[39m[Fabric] [Fabric][api-client] Environment variable VITE_API_BASE not set, using fallback 
{ feature: [32m'api-client'[39m, fallback: [32m'/api/v1'[39m }
[Fabric] [Fabric][api-client] Environment variable VITE_L1_PREFIX not set, using fallback { 
feature: [32m'api-client'[39m, fallback: [32m'/ingest'[39m }
[Fabric] [Fabric][api-client] Environment variable VITE_L2_PREFIX not set, using fallback { 
feature: [32m'api-client'[39m, fallback: [32m'/extract'[39m }
[Fabric] [Fabric][api-client] Environment variable VITE_L3_PREFIX not set, using fallback { 
feature: [32m'api-client'[39m, fallback: [32m'/graph'[39m }
[Fabric] [Fabric][api-client] Environment variable VITE_L4_PREFIX not set, using fallback { 
feature: [32m'api-client'[39m, fallback: [32m'/agents'[39m }
[Fabric] [Fabric][api-client] Environment variable VITE_L5_PREFIX not set, using fallback { 
feature: [32m'api-client'[39m, fallback: [32m'/truths'[39m }
[Fabric] [Fabric][api-client] Environment variable VITE_L6_PREFIX not set, using fallback { 
feature: [32m'api-client'[39m, fallback: [32m'/benchmarks'[39m }

[90mstdout[2m | src/hooks/useGraphQuery.performance.test.ts[2m > [22m[2museGraphQuery Mutation Performance [L4-Performance][2m > [22m[2mexecutes mutation in < 200ms
[22m[39mGraph mutation: 136.82ms

 [32mΓ£ô[39m src/lib/schemas/competitiveIntel.test.ts [2m([22m[2m11 tests[22m[2m)[22m[90m 36[2mms[22m[39m
[90mstderr[2m | src/pages/BusinessCase.test.tsx[2m > [22m[2mBusinessCase[2m > 
[22m[2mrenders with business case data
[22m[39m[Fabric] [Fabric][api-client] Deduplicating identical in-flight GET request {
  feature: [32m'api-client'[39m,
  path: [32m'/analysis/cases/test-case-123'[39m,
  layer: [32m'l4'[39m
}

[90mstderr[2m | src/pages/BusinessCase.test.tsx[2m > [22m[2mBusinessCase[2m > [22m[2mshows 
error state when case fails to load
[22m[39m[Fabric] [Fabric][api-client] API request failed {
  feature: [32m'api-client'[39m,
  url: [32m'/analysis/cases/test-case-123'[39m,
  method: [32m'get'[39m,
  status: [33m404[39m,
  errorCode: [90mundefined[39m,
  traceId: [1mnull[22m,
  message: [32m'Request failed with status code 404'[39m
}
[Fabric] Test query failed {
  queryKey: [32m'["documents","businessCase","test-case-123"]'[39m,
  error: [32m'Request failed with status code 404'[39m
}

[90mstderr[2m | src/pages/ValuePacks.test.tsx[2m > [22m[2mValuePacks[2m > [22m[2mPage 
Load[2m > [22m[2mrenders loading skeletons during initial fetch
[22m[39m[Fabric] [Fabric][api-client] Deduplicating identical in-flight GET request { feature: 
[32m'api-client'[39m, path: [32m'/valuepacks'[39m, layer: [32m'l3'[39m }
[Fabric] [Fabric][api-client] Deduplicating identical in-flight GET request {
  feature: [32m'api-client'[39m,
  path: [32m'/valuepacks/composable-templates'[39m,
  layer: [32m'l3'[39m
}
[Fabric] [Fabric][api-client] Deduplicating identical in-flight GET request {
  feature: [32m'api-client'[39m,
  path: [32m'/valuepacks/ontology-map'[39m,
  layer: [32m'l3'[39m
}
[Fabric] [Fabric][api-client] Deduplicating identical in-flight GET request { feature: 
[32m'api-client'[39m, path: [32m'/packs'[39m, layer: [32m'l3'[39m }

[90mstderr[2m | src/pages/ValuePacks.test.tsx[2m > [22m[2mValuePacks[2m > [22m[2mPage 
Load[2m > [22m[2mrenders pack grid with loaded packs
[22m[39mEach child in a list should have a unique "key" prop.

Check the render method of `VirtualList`. See https://react.dev/link/warning-keys for more 
information.

 [32mΓ£ô[39m src/hooks/useRoutePrefetch.test.tsx [2m([22m[2m8 tests[22m[2m)[22m[90m 174[2mms[22m[39m
 [32mΓ£ô[39m src/pages/BusinessCase.test.tsx [2m([22m[2m8 tests[22m[2m)[22m[33m 1121[2mms[22m[39m
[90mstderr[2m | src/hooks/useBenchmarks.test.ts
[22m[39m[Fabric] [Fabric][api-client] Environment variable VITE_API_BASE not set, using fallback 
{ feature: [32m'api-client'[39m, fallback: [32m'/api/v1'[39m }
[Fabric] [Fabric][api-client] Environment variable VITE_L1_PREFIX not set, using fallback { 
feature: [32m'api-client'[39m, fallback: [32m'/ingest'[39m }
[Fabric] [Fabric][api-client] Environment variable VITE_L2_PREFIX not set, using fallback { 
feature: [32m'api-client'[39m, fallback: [32m'/extract'[39m }
[Fabric] [Fabric][api-client] Environment variable VITE_L3_PREFIX not set, using fallback { 
feature: [32m'api-client'[39m, fallback: [32m'/graph'[39m }
[Fabric] [Fabric][api-client] Environment variable VITE_L4_PREFIX not set, using fallback { 
feature: [32m'api-client'[39m, fallback: [32m'/agents'[39m }
[Fabric] [Fabric][api-client] Environment variable VITE_L5_PREFIX not set, using fallback { 
feature: [32m'api-client'[39m, fallback: [32m'/truths'[39m }
[Fabric] [Fabric][api-client] Environment variable VITE_L6_PREFIX not set, using fallback { 
feature: [32m'api-client'[39m, fallback: [32m'/benchmarks'[39m }

 [32mΓ£ô[39m src/components/states/states.test.tsx [2m([22m[2m18 tests[22m[2m)[22m[33m 484[2mms[22m[39m
[90mstderr[2m | src/pages/ValuePacks.test.tsx[2m > [22m[2mValuePacks[2m > [22m[2mPage 
Load[2m > [22m[2mshows my packs section after data loads
[22m[39m[Fabric] [Fabric][api-client] Deduplicating identical in-flight GET request { feature: 
[32m'api-client'[39m, path: [32m'/valuepacks'[39m, layer: [32m'l3'[39m }
[Fabric] [Fabric][api-client] Deduplicating identical in-flight GET request {
  feature: [32m'api-client'[39m,
  path: [32m'/valuepacks/composable-templates'[39m,
  layer: [32m'l3'[39m
}
[Fabric] [Fabric][api-client] Deduplicating identical in-flight GET request {
  feature: [32m'api-client'[39m,
  path: [32m'/valuepacks/ontology-map'[39m,
  layer: [32m'l3'[39m
}
[Fabric] [Fabric][api-client] Deduplicating identical in-flight GET request { feature: 
[32m'api-client'[39m, path: [32m'/packs'[39m, layer: [32m'l3'[39m }

 [32mΓ£ô[39m src/stores/ingestionJobsStore.test.ts [2m([22m[2m15 tests[22m[2m)[22m[90m 118[2mms[22m[39m
[90mstdout[2m | src/hooks/useGraphQuery.performance.test.ts[2m > [22m[2mPerformance Baseline Summary [L4-Performance][2m > [22m[2mgenerates baseline report
[22m[39m
=== Performance Baseline ===
ΓöîΓöÇΓöÇΓöÇΓöÇΓöÇΓöÇΓöÇΓöÇΓöÇΓöÇΓöÇΓöÇΓöÇΓö¼ΓöÇΓöÇΓöÇΓöÇΓöÇΓöÇΓöÇΓöÇΓöÇΓöÇΓöÇΓöÇΓöÇΓöÇΓöÇΓöÇΓöÇΓöÇΓöÇΓöÇΓö¼ΓöÇΓöÇΓöÇΓöÇΓöÇΓöÇΓöÇΓöÇΓöÇΓöÇΓöÇΓöÇΓöÇΓöÇΓöÇΓöÇΓöÇΓöÇΓöÇΓöÇΓö¼ΓöÇΓöÇΓöÇΓöÇΓöÇΓöÇΓöÇΓöÇΓöÉ
Γöé (index)     Γöé mean               Γöé p95                Γöé target Γöé
Γö£ΓöÇΓöÇΓöÇΓöÇΓöÇΓöÇΓöÇΓöÇΓöÇΓöÇΓöÇΓöÇΓöÇΓö╝ΓöÇΓöÇΓöÇΓöÇΓöÇΓöÇΓöÇΓöÇΓöÇΓöÇΓöÇΓöÇΓöÇΓöÇΓöÇΓöÇΓöÇΓöÇΓöÇΓöÇΓö╝ΓöÇΓöÇΓöÇΓöÇΓöÇΓöÇΓöÇΓöÇΓöÇΓöÇΓöÇΓöÇΓöÇΓöÇΓöÇΓöÇΓöÇΓöÇΓöÇΓöÇΓö╝ΓöÇΓöÇΓöÇΓöÇΓöÇΓöÇΓöÇΓöÇΓöñ
Γöé small_graph Γöé [33m74.53341500000025[39m  Γöé [33m91.45503403499413[39m  Γöé [33m100[39m    Γöé
Γöé state_ops   Γöé [33m0.3977210000004561[39m Γöé [33m0.7848276979772717[39m Γöé [33m15[39m     Γöé
ΓööΓöÇΓöÇΓöÇΓöÇΓöÇΓöÇΓöÇΓöÇΓöÇΓöÇΓöÇΓöÇΓöÇΓö┤ΓöÇΓöÇΓöÇΓöÇΓöÇΓöÇΓöÇΓöÇΓöÇΓöÇΓöÇΓöÇΓöÇΓöÇΓöÇΓöÇΓöÇΓöÇΓöÇΓöÇΓö┤ΓöÇΓöÇΓöÇΓöÇΓöÇΓöÇΓöÇΓöÇΓöÇΓöÇΓöÇΓöÇΓöÇΓöÇΓöÇΓöÇΓöÇΓöÇΓöÇΓöÇΓö┤ΓöÇΓöÇΓöÇΓöÇΓöÇΓöÇΓöÇΓöÇΓöÿ

 [32mΓ£ô[39m src/hooks/useGraphQuery.performance.test.ts [2m([22m[2m12 tests[22m[2m)[22m[33m 17814[2mms[22m[39m
   [33m[2mΓ£ô[22m[39m useSubgraph Performance [L4-Performance][2m > [22mloads small graph (<50 nodes) in < 200ms [33m1727[2mms[22m[39m
   [33m[2mΓ£ô[22m[39m useSubgraph Performance [L4-Performance][2m > [22mloads medium graph (100-500 nodes) in < 200ms [33m3984[2mms[22m[39m
   [33m[2mΓ£ô[22m[39m useSubgraph Performance [L4-Performance][2m > [22mloads large graph (500+ nodes) in < 500ms [33m1476[2mms[22m[39m
   [33m[2mΓ£ô[22m[39m useSubgraph Performance [L4-Performance][2m > [22mhas consistent timing (stdDev < 50% of mean) [33m1589[2mms[22m[39m
   [33m[2mΓ£ô[22m[39m Memory Leak Detection [L4-Performance][2m > [22mquery cache does not grow unbounded [33m3086[2mms[22m[39m
   [33m[2mΓ£ô[22m[39m Memory Leak Detection [L4-Performance][2m > [22mcleans up event listeners on unmount [33m385[2mms[22m[39m
   [33m[2mΓ£ô[22m[39m useEntityContext Performance [L4-Performance][2m > [22mloads entity context in < 150ms [33m3695[2mms[22m[39m
   [33m[2mΓ£ô[22m[39m Performance Baseline Summary [L4-Performance][2m > [22mgenerates baseline report [33m1601[2mms[22m[39m
[90mstderr[2m | src/pages/admin/AdminPages.test.tsx[2m > [22m[2mVariableRegistry[2m > 
[22m[2mrenders without crashing
[22m[39mEach child in a list should have a unique "key" prop.

Check the render method of `VariableRegistryContent`. See https://react.dev/link/warning-keys for 
more information.

 [32mΓ£ô[39m src/lib/validation/input-validation.test.ts [2m([22m[2m12 tests[22m[2m)[22m[90m 21[2mms[22m[39m
[90mstderr[2m | src/pages/ValuePacks.test.tsx[2m > [22m[2mValuePacks[2m > [22m[2mPage 
Load[2m > [22m[2mdisplays error state with retry button when API fails and retries successfully
[22m[39m[Fabric] [Fabric][useValuePacks] Value pack list validation failed { error: [32m'HTTP 
500: Service unavailable'[39m }
[Fabric] Test query failed {
  queryKey: [32m'["value-packs","list",{"industry":"all","status":"all","category":"all"}]'[39m,
  error: [32m'HTTP 500: Service unavailable'[39m
}

 [32mΓ£ô[39m src/lib/schemas/groundTruthGovernance.test.ts [2m([22m[2m12 tests[22m[2m)[22m[90m 37[2mms[22m[39m
 [32mΓ£ô[39m src/pages/admin/AdminPages.test.tsx [2m([22m[2m9 tests[22m[2m)[22m[33m 965[2mms[22m[39m
   [33m[2mΓ£ô[22m[39m PermissionsAdmin[2m > [22msets API Keys as the active tab for /settings/access/keys [33m395[2mms[22m[39m
[90mstderr[2m | src/pages/GraphExplorer.test.tsx[2m > [22m[2mGraphExplorer[2m > 
[22m[2mhandles graph error state
[22m[39m[Fabric] [Fabric][api-client] API request failed {
  feature: [32m'api-client'[39m,
  url: [32m'/subgraph?depth=2&limit=100'[39m,
  method: [32m'get'[39m,
  status: [33m500[39m,
  errorCode: [90mundefined[39m,
  traceId: [1mnull[22m,
  message: [32m'Request failed with status code 500'[39m
}
[Fabric] [Fabric][api-client] API request failed {
  feature: [32m'api-client'[39m,
  url: [90mundefined[39m,
  method: [90mundefined[39m,
  status: [90mundefined[39m,
  errorCode: [90mundefined[39m,
  traceId: [1mnull[22m,
  message: [32m'Request failed with status code 500'[39m
}
[Fabric] [Fabric][api-client] API request failed {
  feature: [32m'api-client'[39m,
  url: [90mundefined[39m,
  method: [90mundefined[39m,
  status: [90mundefined[39m,
  errorCode: [90mundefined[39m,
  traceId: [1mnull[22m,
  message: [32m'Request failed with status code 500'[39m
}
[Fabric] [Fabric][api-client] API request failed {
  feature: [32m'api-client'[39m,
  url: [90mundefined[39m,
  method: [90mundefined[39m,
  status: [90mundefined[39m,
  errorCode: [90mundefined[39m,
  traceId: [1mnull[22m,
  message: [32m'Request failed with status code 500'[39m
}
[Fabric] Test query failed {
  queryKey: [32m'["graph","subgraph","","",2,100]'[39m,
  error: [32m'Request failed with status code 500'[39m
}

[90mstderr[2m | src/pages/drivers/DriverTreePage.test.tsx
[22m[39m[Fabric] [Fabric][api-client] Environment variable VITE_API_BASE not set, using fallback 
{ feature: [32m'api-client'[39m, fallback: [32m'/api/v1'[39m }
[Fabric] [Fabric][api-client] Environment variable VITE_L1_PREFIX not set, using fallback { 
feature: [32m'api-client'[39m, fallback: [32m'/ingest'[39m }
[Fabric] [Fabric][api-client] Environment variable VITE_L2_PREFIX not set, using fallback { 
feature: [32m'api-client'[39m, fallback: [32m'/extract'[39m }
[Fabric] [Fabric][api-client] Environment variable VITE_L3_PREFIX not set, using fallback { 
feature: [32m'api-client'[39m, fallback: [32m'/graph'[39m }
[Fabric] [Fabric][api-client] Environment variable VITE_L4_PREFIX not set, using fallback { 
feature: [32m'api-client'[39m, fallback: [32m'/agents'[39m }
[Fabric] [Fabric][api-client] Environment variable VITE_L5_PREFIX not set, using fallback { 
feature: [32m'api-client'[39m, fallback: [32m'/truths'[39m }
[Fabric] [Fabric][api-client] Environment variable VITE_L6_PREFIX not set, using fallback { 
feature: [32m'api-client'[39m, fallback: [32m'/benchmarks'[39m }

 [32mΓ£ô[39m src/lib/schemas/evidence.test.ts [2m([22m[2m10 tests[22m[2m)[22m[90m 26[2mms[22m[39m
[90mstderr[2m | src/pages/ExtractionEngine.test.tsx[2m > [22m[2mExtractionEngine[2m > 
[22m[2mrenders the header with title and actions
[22m[39mAn update to ForwardRef inside a test was not wrapped in act(...).

When testing, code that causes React state updates should be wrapped into act(...):

act(() => {
  /* fire events that update state */
});
/* assert on the output */

This ensures that you're testing the behavior the user would see in the browser. Learn more at 
https://react.dev/link/wrap-tests-with-act
An update to ForwardRef inside a test was not wrapped in act(...).

When testing, code that causes React state updates should be wrapped into act(...):

act(() => {
  /* fire events that update state */
});
/* assert on the output */

This ensures that you're testing the behavior the user would see in the browser. Learn more at 
https://react.dev/link/wrap-tests-with-act
An update to ForwardRef inside a test was not wrapped in act(...).

When testing, code that causes React state updates should be wrapped into act(...):

act(() => {
  /* fire events that update state */
});
/* assert on the output */

This ensures that you're testing the behavior the user would see in the browser. Learn more at 
https://react.dev/link/wrap-tests-with-act

[90mstderr[2m | src/pages/ExtractionEngine.test.tsx[2m > [22m[2mExtractionEngine[2m > 
[22m[2mrenders the configuration panel
[22m[39mAn update to ForwardRef inside a test was not wrapped in act(...).

When testing, code that causes React state updates should be wrapped into act(...):

act(() => {
  /* fire events that update state */
});
/* assert on the output */

This ensures that you're testing the behavior the user would see in the browser. Learn more at 
https://react.dev/link/wrap-tests-with-act
An update to ForwardRef inside a test was not wrapped in act(...).

When testing, code that causes React state updates should be wrapped into act(...):

act(() => {
  /* fire events that update state */
});
/* assert on the output */

This ensures that you're testing the behavior the user would see in the browser. Learn more at 
https://react.dev/link/wrap-tests-with-act
An update to ForwardRef inside a test was not wrapped in act(...).

When testing, code that causes React state updates should be wrapped into act(...):

act(() => {
  /* fire events that update state */
});
/* assert on the output */

This ensures that you're testing the behavior the user would see in the browser. Learn more at 
https://react.dev/link/wrap-tests-with-act

[90mstderr[2m | src/pages/ExtractionEngine.test.tsx[2m > [22m[2mExtractionEngine[2m > 
[22m[2mrenders the control bar with Model, Batch Size, and Priority
[22m[39mAn update to ForwardRef inside a test was not wrapped in act(...).

When testing, code that causes React state updates should be wrapped into act(...):

act(() => {
  /* fire events that update state */
});
/* assert on the output */

This ensures that you're testing the behavior the user would see in the browser. Learn more at 
https://react.dev/link/wrap-tests-with-act
An update to ForwardRef inside a test was not wrapped in act(...).

When testing, code that causes React state updates should be wrapped into act(...):

act(() => {
  /* fire events that update state */
});
/* assert on the output */

This ensures that you're testing the behavior the user would see in the browser. Learn more at 
https://react.dev/link/wrap-tests-with-act
An update to ForwardRef inside a test was not wrapped in act(...).

When testing, code that causes React state updates should be wrapped into act(...):

act(() => {
  /* fire events that update state */
});
/* assert on the output */

This ensures that you're testing the behavior the user would see in the browser. Learn more at 
https://react.dev/link/wrap-tests-with-act

[90mstderr[2m | src/pages/ExtractionEngine.test.tsx[2m > [22m[2mExtractionEngine[2m > 
[22m[2mrenders the live stream and results sections
[22m[39mAn update to ForwardRef inside a test was not wrapped in act(...).

When testing, code that causes React state updates should be wrapped into act(...):

act(() => {
  /* fire events that update state */
});
/* assert on the output */

This ensures that you're testing the behavior the user would see in the browser. Learn more at 
https://react.dev/link/wrap-tests-with-act
An update to ForwardRef inside a test was not wrapped in act(...).

When testing, code that causes React state updates should be wrapped into act(...):

act(() => {
  /* fire events that update state */
});
/* assert on the output */

This ensures that you're testing the behavior the user would see in the browser. Learn more at 
https://react.dev/link/wrap-tests-with-act
An update to ForwardRef inside a test was not wrapped in act(...).

When testing, code that causes React state updates should be wrapped into act(...):

act(() => {
  /* fire events that update state */
});
/* assert on the output */

This ensures that you're testing the behavior the user would see in the browser. Learn more at 
https://react.dev/link/wrap-tests-with-act

[90mstderr[2m | src/pages/ExtractionEngine.test.tsx[2m > [22m[2mExtractionEngine[2m > 
[22m[2mshows prompt to configure extraction when no job is running
[22m[39mAn update to ForwardRef inside a test was not wrapped in act(...).

When testing, code that causes React state updates should be wrapped into act(...):

act(() => {
  /* fire events that update state */
});
/* assert on the output */

This ensures that you're testing the behavior the user would see in the browser. Learn more at 
https://react.dev/link/wrap-tests-with-act
An update to ForwardRef inside a test was not wrapped in act(...).

When testing, code that causes React state updates should be wrapped into act(...):

act(() => {
  /* fire events that update state */
});
 [32mΓ£ô[39m src/pages/ExtractionEngine.test.tsx [2m([22m[2m8 tests[22m[2m)[22m[33m 2047[2mms[22m[39m
   [33m[2mΓ£ô[22m[39m ExtractionEngine[2m > [22mrenders the header with title and actions [33m703[2mms[22m[39m
/* assert on the output */

This ensures that you're testing the behavior the user would see in the browser. Learn more at 
https://react.dev/link/wrap-tests-with-act
An update to ForwardRef inside a test was not wrapped in act(...).

When testing, code that causes React state updates should be wrapped into act(...):

act(() => {
  /* fire events that update state */
});
/* assert on the output */

This ensures that you're testing the behavior the user would see in the browser. Learn more at 
https://react.dev/link/wrap-tests-with-act

[90mstderr[2m | src/pages/ExtractionEngine.test.tsx[2m > [22m[2mExtractionEngine[2m > 
[22m[2mshows action buttons in header
[22m[39mAn update to ForwardRef inside a test was not wrapped in act(...).

When testing, code that causes React state updates should be wrapped into act(...):

act(() => {
  /* fire events that update state */
});
/* assert on the output */

This ensures that you're testing the behavior the user would see in the browser. Learn more at 
https://react.dev/link/wrap-tests-with-act
An update to ForwardRef inside a test was not wrapped in act(...).

When testing, code that causes React state updates should be wrapped into act(...):

act(() => {
  /* fire events that update state */
});
/* assert on the output */

This ensures that you're testing the behavior the user would see in the browser. Learn more at 
https://react.dev/link/wrap-tests-with-act
An update to ForwardRef inside a test was not wrapped in act(...).

When testing, code that causes React state updates should be wrapped into act(...):

act(() => {
  /* fire events that update state */
});
/* assert on the output */

This ensures that you're testing the behavior the user would see in the browser. Learn more at 
https://react.dev/link/wrap-tests-with-act

[90mstderr[2m | src/pages/ExtractionEngine.test.tsx[2m > [22m[2mExtractionEngine[2m > 
[22m[2mrenders loading skeleton when extraction is starting
[22m[39mAn update to ForwardRef inside a test was not wrapped in act(...).

When testing, code that causes React state updates should be wrapped into act(...):

act(() => {
  /* fire events that update state */
});
/* assert on the output */

This ensures that you're testing the behavior the user would see in the browser. Learn more at 
https://react.dev/link/wrap-tests-with-act
An update to ForwardRef inside a test was not wrapped in act(...).

When testing, code that causes React state updates should be wrapped into act(...):

act(() => {
  /* fire events that update state */
});
/* assert on the output */

This ensures that you're testing the behavior the user would see in the browser. Learn more at 
https://react.dev/link/wrap-tests-with-act
An update to ForwardRef inside a test was not wrapped in act(...).

When testing, code that causes React state updates should be wrapped into act(...):

act(() => {
  /* fire events that update state */
});
/* assert on the output */

This ensures that you're testing the behavior the user would see in the browser. Learn more at 
https://react.dev/link/wrap-tests-with-act

 [32mΓ£ô[39m src/stores/narrativeStore.test.ts [2m([22m[2m16 tests[22m[2m)[22m[90m 82[2mms[22m[39m
[90mstderr[2m | src/hooks/useCompetitiveIntel.test.ts[2m > [22m[2museBattlecard[2m > 
[22m[2mhandles API errors gracefully
[22m[39m[Fabric] Test query failed {
  queryKey: [32m'["competitive","battlecard","comp-001","prod-001"]'[39m,
  error: [32m'Battlecard not found'[39m
}

[90mstderr[2m | src/hooks/useBenchmarks.test.ts[2m > [22m[2museBenchmarks[2m > 
[22m[2mhandles API errors
[22m[39m[Fabric] [Fabric][api-client] API request failed {
  feature: [32m'api-client'[39m,
  url: [32m'/datasets?'[39m,
  method: [32m'get'[39m,
  status: [33m500[39m,
  errorCode: [90mundefined[39m,
  traceId: [1mnull[22m,
  message: [32m'Request failed with status code 500'[39m
}
[Fabric] [Fabric][api-client] API request failed {
  feature: [32m'api-client'[39m,
  url: [90mundefined[39m,
  method: [90mundefined[39m,
  status: [90mundefined[39m,
  errorCode: [90mundefined[39m,
  traceId: [1mnull[22m,
  message: [32m'Request failed with status code 500'[39m
}
[Fabric] [Fabric][api-client] API request failed {
  feature: [32m'api-client'[39m,
  url: [90mundefined[39m,
  method: [90mundefined[39m,
  status: [90mundefined[39m,
  errorCode: [90mundefined[39m,
  traceId: [1mnull[22m,
  message: [32m'Request failed with status code 500'[39m
}
[Fabric] [Fabric][api-client] API request failed {
  feature: [32m'api-client'[39m,
  url: [90mundefined[39m,
  method: [90mundefined[39m,
  status: [90mundefined[39m,
  errorCode: [90mundefined[39m,
  traceId: [1mnull[22m,
  message: [32m'Request failed with status code 500'[39m
}
[Fabric] Test query failed {
  queryKey: [32m'["benchmarks","datasets","{}"]'[39m,
  error: [32m'Request failed with status code 500'[39m
}

[90mstderr[2m | src/hooks/useOpportunities.test.ts[2m > [22m[2museOpportunities[2m > 
[22m[2mhandles API error responses
[22m[39m[Fabric] [Fabric][api-client] API request failed {
  feature: [32m'api-client'[39m,
  url: [32m'/discover/opportunities'[39m,
  method: [32m'get'[39m,
  status: [33m500[39m,
  errorCode: [90mundefined[39m,
  traceId: [1mnull[22m,
  message: [32m'Request failed with status code 500'[39m
}
[Fabric] [Fabric][api-client] API request failed {
  feature: [32m'api-client'[39m,
  url: [90mundefined[39m,
  method: [90mundefined[39m,
  status: [90mundefined[39m,
  errorCode: [90mundefined[39m,
  traceId: [1mnull[22m,
  message: [32m'Request failed with status code 500'[39m
}
[Fabric] [Fabric][api-client] API request failed {
  feature: [32m'api-client'[39m,
  url: [90mundefined[39m,
  method: [90mundefined[39m,
  status: [90mundefined[39m,
  errorCode: [90mundefined[39m,
  traceId: [1mnull[22m,
  message: [32m'Request failed with status code 500'[39m
}
[Fabric] [Fabric][api-client] API request failed {
  feature: [32m'api-client'[39m,
  url: [90mundefined[39m,
  method: [90mundefined[39m,
  status: [90mundefined[39m,
  errorCode: [90mundefined[39m,
  traceId: [1mnull[22m,
  message: [32m'Request failed with status code 500'[39m
}

[90mstderr[2m | src/hooks/useBenchmarks.test.ts[2m > [22m[2museBenchmark[2m > 
[22m[2mhandles benchmark not found
[22m[39m[Fabric] [Fabric][api-client] API request failed {
  feature: [32m'api-client'[39m,
  url: [32m'/datasets/non-existent'[39m,
  method: [32m'get'[39m,
  status: [33m404[39m,
  errorCode: [90mundefined[39m,
  traceId: [1mnull[22m,
  message: [32m'Request failed with status code 404'[39m
}
[Fabric] Test query failed {
  queryKey: [32m'["benchmarks","detail","non-existent"]'[39m,
  error: [32m'Request failed with status code 404'[39m
}

 [32mΓ£ô[39m src/hooks/useCompetitiveIntel.test.ts [2m([22m[2m6 tests[22m[2m)[22m[33m 308[2mms[22m[39m
[90mstderr[2m | src/pages/GraphExplorer.test.tsx[2m > [22m[2mGraphExplorer[2m > 
[22m[2mrenders search button
[22m[39m[Fabric] [Fabric][api-client] Deduplicating identical in-flight GET request {
  feature: [32m'api-client'[39m,
  path: [32m'/subgraph?depth=2&limit=100'[39m,
  layer: [32m'l3'[39m
}

[90mstderr[2m | src/pages/GraphExplorer.test.tsx[2m > [22m[2mGraphExplorer[2m > 
[22m[2mrenders coherent graph with nodes and edges from subgraph endpoint
[22m[39m[Fabric] [Fabric][api-client] Deduplicating identical in-flight GET request {
  feature: [32m'api-client'[39m,
  path: [32m'/subgraph?depth=2&limit=100'[39m,
  layer: [32m'l3'[39m
}

 [32mΓ£ô[39m src/hooks/useBenchmarks.test.ts [2m([22m[2m8 tests[22m[2m)[22m[33m 2233[2mms[22m[39m
   [33m[2mΓ£ô[22m[39m useBenchmarks[2m > [22mhandles API errors [33m1654[2mms[22m[39m
 [32mΓ£ô[39m src/pages/GraphExplorer.test.tsx [2m([22m[2m9 tests[22m[2m)[22m[33m 3412[2mms[22m[39m
   [33m[2mΓ£ô[22m[39m GraphExplorer[2m > [22mrenders with graph data [33m638[2mms[22m[39m
   [33m[2mΓ£ô[22m[39m GraphExplorer[2m > [22mhandles graph error state [33m1730[2mms[22m[39m
   [33m[2mΓ£ô[22m[39m GraphExplorer[2m > [22mallows search input [33m482[2mms[22m[39m
[90mstderr[2m | src/components/ui/virtual-list.test.tsx[2m > [22m[2mVirtualList[2m > 
[22m[2mrenders single-column virtual list
[22m[39mAn update to VirtualList inside a test was not wrapped in act(...).

When testing, code that causes React state updates should be wrapped into act(...):

act(() => {
  /* fire events that update state */
});
/* assert on the output */

This ensures that you're testing the behavior the user would see in the browser. Learn more at 
https://react.dev/link/wrap-tests-with-act

[90mstderr[2m | src/components/ui/virtual-list.test.tsx[2m > [22m[2mVirtualList[2m > 
[22m[2mrenders multi-column grid with columns prop
[22m[39mAn update to VirtualList inside a test was not wrapped in act(...).

When testing, code that causes React state updates should be wrapped into act(...):

act(() => {
  /* fire events that update state */
});
/* assert on the output */

This ensures that you're testing the behavior the user would see in the browser. Learn more at 
https://react.dev/link/wrap-tests-with-act

[90mstderr[2m | src/components/ui/virtual-list.test.tsx[2m > [22m[2mVirtualList[2m > 
[22m[2mapplies contain strict for performance
[22m[39mAn update to VirtualList inside a test was not wrapped in act(...).

When testing, code that causes React state updates should be wrapped into act(...):

act(() => {
  /* fire events that update state */
});
/* assert on the output */

This ensures that you're testing the behavior the user would see in the browser. Learn more at 
https://react.dev/link/wrap-tests-with-act

[90mstderr[2m | src/components/ui/virtual-list.test.tsx[2m > [22m[2mVirtualList[2m > 
[22m[2mapplies custom className to container
[22m[39mAn update to VirtualList inside a test was not wrapped in act(...).

When testing, code that causes React state updates should be wrapped into act(...):

act(() => {
  /* fire events that update state */
});
/* assert on the output */

This ensures that you're testing the behavior the user would see in the browser. Learn more at 
https://react.dev/link/wrap-tests-with-act

[90mstderr[2m | src/components/ui/virtual-list.test.tsx[2m > [22m[2mVirtualList[2m > 
[22m[2mmulti-column grid renders without errors
[22m[39mAn update to VirtualList inside a test was not wrapped in act(...).

When testing, code that causes React state updates should be wrapped into act(...):

act(() => {
  /* fire events that update state */
});
/* assert on the output */

This ensures that you're testing the behavior the user would see in the browser. Learn more at 
https://react.dev/link/wrap-tests-with-act

 [32mΓ£ô[39m src/components/ui/virtual-list.test.tsx [2m([22m[2m6 tests[22m[2m)[22m[90m 160[2mms[22m[39m
[90mstderr[2m | src/pages/drivers/DriverTreePage.test.tsx[2m > [22m[2mDriverTreePage 
account/loading guards[2m > [22m[2mrenders the workspace shell with correct account header when 
account is valid
[22m[39m[Fabric] [Fabric][api-client] Deduplicating identical in-flight GET request {
  feature: [32m'api-client'[39m,
  path: [32m'/analysis/cases?account_id=acc-123'[39m,
  layer: [32m'l4'[39m
}

[90mstderr[2m | src/pages/drivers/DriverTreePage.test.tsx
[22m[39m[MSW] Error: intercepted a request without a matching request handler:

  ΓÇó GET /api/v1/agents/analysis/cases?account_id=acc-123

If you still wish to intercept this unhandled request, please create a request handler for it.
Read more: https://mswjs.io/docs/http/intercepting-requests
[MSW] Error: intercepted a request without a matching request handler:

  ΓÇó GET /api/v1/agents/analysis/cases?account_id=acc-404

If you still wish to intercept this unhandled request, please create a request handler for it.
Read more: https://mswjs.io/docs/http/intercepting-requests

 [32mΓ£ô[39m src/pages/drivers/DriverTreePage.test.tsx [2m([22m[2m4 tests[22m[2m)[22m[33m 420[2mms[22m[39m
 [32mΓ£ô[39m src/lib/schemas/products.test.ts [2m([22m[2m11 tests[22m[2m)[22m[90m 32[2mms[22m[39m
 [32mΓ£ô[39m src/workflow/pages/ProspectSetup.submission.test.tsx [2m([22m[2m2 tests[22m[2m)[22m[33m 2295[2mms[22m[39m
   [33m[2mΓ£ô[22m[39m ProspectSetup example prompt submission[2m > [22msubmits the Medtronic example from the beginning step with full payload [33m1474[2mms[22m[39m
   [33m[2mΓ£ô[22m[39m ProspectSetup example prompt submission[2m > [22msubmits the Goldman Sachs minimal example successfully [33m813[2mms[22m[39m
[90mstderr[2m | src/pages/ValuePacks.test.tsx[2m > [22m[2mValuePacks[2m > [22m[2mDeploy 
Flow[2m > [22m[2mDeploy to Account button is disabled when no pack selected
[22m[39m[Fabric] [Fabric][api-client] Deduplicating identical in-flight GET request { feature: 
[32m'api-client'[39m, path: [32m'/valuepacks'[39m, layer: [32m'l3'[39m }
[Fabric] [Fabric][api-client] Deduplicating identical in-flight GET request {
  feature: [32m'api-client'[39m,
  path: [32m'/valuepacks/composable-templates'[39m,
  layer: [32m'l3'[39m
}
[Fabric] [Fabric][api-client] Deduplicating identical in-flight GET request {
  feature: [32m'api-client'[39m,
  path: [32m'/valuepacks/ontology-map'[39m,
  layer: [32m'l3'[39m
}

[90mstderr[2m | src/pages/ValuePacks.test.tsx[2m > [22m[2mValuePacks[2m > [22m[2mDeploy 
Flow[2m > [22m[2menables Deploy button after user selects a pack
[22m[39m[Fabric] [Fabric][api-client] Deduplicating identical in-flight GET request { feature: 
[32m'api-client'[39m, path: [32m'/packs'[39m, layer: [32m'l3'[39m }

 [32mΓ£ô[39m src/stores/entityStore.test.ts [2m([22m[2m12 tests[22m[2m)[22m[90m 92[2mms[22m[39m
[90mstderr[2m | src/hooks/useOpportunities.test.ts[2m > [22m[2museOpportunities[2m > 
[22m[2mhandles API error responses
[22m[39m[Fabric] [Fabric][api-client] API request failed {
  feature: [32m'api-client'[39m,
  url: [32m'/discover/opportunities'[39m,
  method: [32m'get'[39m,
  status: [33m500[39m,
  errorCode: [90mundefined[39m,
  traceId: [1mnull[22m,
  message: [32m'Request failed with status code 500'[39m
}
[Fabric] [Fabric][api-client] API request failed {
  feature: [32m'api-client'[39m,
  url: [90mundefined[39m,
  method: [90mundefined[39m,
  status: [90mundefined[39m,
  errorCode: [90mundefined[39m,
  traceId: [1mnull[22m,
  message: [32m'Request failed with status code 500'[39m
}
[Fabric] [Fabric][api-client] API request failed {
  feature: [32m'api-client'[39m,
  url: [90mundefined[39m,
  method: [90mundefined[39m,
  status: [90mundefined[39m,
  errorCode: [90mundefined[39m,
  traceId: [1mnull[22m,
  message: [32m'Request failed with status code 500'[39m
}
[Fabric] [Fabric][api-client] API request failed {
  feature: [32m'api-client'[39m,
  url: [90mundefined[39m,
  method: [90mundefined[39m,
  status: [90mundefined[39m,
  errorCode: [90mundefined[39m,
  traceId: [1mnull[22m,
  message: [32m'Request failed with status code 500'[39m
}

 [32mΓ£ô[39m src/auth/auth.component.test.ts [2m([22m[2m9 tests[22m[2m)[22m[90m 20[2mms[22m[39m
[90mstderr[2m | src/components/workspace/AccountPickerModal.test.tsx
[22m[39m[Fabric] [Fabric][api-client] Environment variable VITE_API_BASE not set, using fallback 
{ feature: [32m'api-client'[39m, fallback: [32m'/api/v1'[39m }
[Fabric] [Fabric][api-client] Environment variable VITE_L1_PREFIX not set, using fallback { 
feature: [32m'api-client'[39m, fallback: [32m'/ingest'[39m }
[Fabric] [Fabric][api-client] Environment variable VITE_L2_PREFIX not set, using fallback { 
feature: [32m'api-client'[39m, fallback: [32m'/extract'[39m }
[Fabric] [Fabric][api-client] Environment variable VITE_L3_PREFIX not set, using fallback { 
feature: [32m'api-client'[39m, fallback: [32m'/graph'[39m }
[Fabric] [Fabric][api-client] Environment variable VITE_L4_PREFIX not set, using fallback { 
feature: [32m'api-client'[39m, fallback: [32m'/agents'[39m }
[Fabric] [Fabric][api-client] Environment variable VITE_L5_PREFIX not set, using fallback { 
feature: [32m'api-client'[39m, fallback: [32m'/truths'[39m }
[Fabric] [Fabric][api-client] Environment variable VITE_L6_PREFIX not set, using fallback { 
feature: [32m'api-client'[39m, fallback: [32m'/benchmarks'[39m }

 [32mΓ£ô[39m src/pages/AgentWorkflows.test.tsx [2m([22m[2m6 tests[22m[2m)[22m[33m 545[2mms[22m[39m
[90mstderr[2m | src/pages/ValuePacks.test.tsx[2m > [22m[2mValuePacks[2m > [22m[2mDeploy 
Flow - Error Paths[2m > [22m[2mdisplays deploy error in pack actions panel when API returns 400
[22m[39m[Fabric] [Fabric][api-client] API request failed {
  feature: [32m'api-client'[39m,
  url: [32m'/packs/pack-001/apply'[39m,
  method: [32m'post'[39m,
  status: [33m400[39m,
  errorCode: [90mundefined[39m,
  traceId: [1mnull[22m,
  message: [32m'Request failed with status code 400'[39m
}
[Fabric] Test mutation failed { mutationKey: [90mundefined[39m, error: [32m'Deployment 
failed'[39m }
[Fabric] [Fabric][useValuePacks] Deployment failed { error: [32m'Deployment failed'[39m }

[90mstderr[2m | src/pages/GovernancePages.test.tsx
[22m[39m[Fabric] [Fabric][api-client] Environment variable VITE_API_BASE not set, using fallback 
{ feature: [32m'api-client'[39m, fallback: [32m'/api/v1'[39m }
[Fabric] [Fabric][api-client] Environment variable VITE_L1_PREFIX not set, using fallback { 
feature: [32m'api-client'[39m, fallback: [32m'/ingest'[39m }
[Fabric] [Fabric][api-client] Environment variable VITE_L2_PREFIX not set, using fallback { 
feature: [32m'api-client'[39m, fallback: [32m'/extract'[39m }
[Fabric] [Fabric][api-client] Environment variable VITE_L3_PREFIX not set, using fallback { 
feature: [32m'api-client'[39m, fallback: [32m'/graph'[39m }
[Fabric] [Fabric][api-client] Environment variable VITE_L4_PREFIX not set, using fallback { 
feature: [32m'api-client'[39m, fallback: [32m'/agents'[39m }
[Fabric] [Fabric][api-client] Environment variable VITE_L5_PREFIX not set, using fallback { 
feature: [32m'api-client'[39m, fallback: [32m'/truths'[39m }
[Fabric] [Fabric][api-client] Environment variable VITE_L6_PREFIX not set, using fallback { 
feature: [32m'api-client'[39m, fallback: [32m'/benchmarks'[39m }

 [32mΓ£ô[39m src/hooks/useL5Governance.test.tsx [2m([22m[2m3 tests[22m[2m)[22m[33m 417[2mms[22m[39m
 [32mΓ£ô[39m src/components/workspace/AccountPickerModal.test.tsx [2m([22m[2m4 tests[22m[2m)[22m[33m 895[2mms[22m[39m
   [33m[2mΓ£ô[22m[39m AccountPickerModal[2m > [22mrenders loading skeleton when accounts are loading [33m528[2mms[22m[39m
 [32mΓ£ô[39m src/stores/ontologyStore.test.ts [2m([22m[2m3 tests[22m[2m)[22m[90m 19[2mms[22m[39m
[90mstderr[2m | src/agui/eventSchemas.test.ts
[22m[39m[Fabric] [Fabric][api-client] Environment variable VITE_API_BASE not set, using fallback 
{ feature: [32m'api-client'[39m, fallback: [32m'/api/v1'[39m }
[Fabric] [Fabric][api-client] Environment variable VITE_L1_PREFIX not set, using fallback { 
feature: [32m'api-client'[39m, fallback: [32m'/ingest'[39m }
[Fabric] [Fabric][api-client] Environment variable VITE_L2_PREFIX not set, using fallback { 
feature: [32m'api-client'[39m, fallback: [32m'/extract'[39m }
[Fabric] [Fabric][api-client] Environment variable VITE_L3_PREFIX not set, using fallback { 
feature: [32m'api-client'[39m, fallback: [32m'/graph'[39m }
[Fabric] [Fabric][api-client] Environment variable VITE_L4_PREFIX not set, using fallback { 
feature: [32m'api-client'[39m, fallback: [32m'/agents'[39m }
[Fabric] [Fabric][api-client] Environment variable VITE_L5_PREFIX not set, using fallback { 
feature: [32m'api-client'[39m, fallback: [32m'/truths'[39m }
[Fabric] [Fabric][api-client] Environment variable VITE_L6_PREFIX not set, using fallback { 
feature: [32m'api-client'[39m, fallback: [32m'/benchmarks'[39m }

 [32mΓ£ô[39m src/pages/ValuePacks.test.tsx [2m([22m[2m19 tests[22m[2m)[22m[33m 8611[2mms[22m[39m
   [33m[2mΓ£ô[22m[39m ValuePacks[2m > [22mPage Load[2m > [22mrenders page header with Import Pack button [33m703[2mms[22m[39m
   [33m[2mΓ£ô[22m[39m ValuePacks[2m > [22mPage Load[2m > [22mrenders pack grid with loaded packs [33m352[2mms[22m[39m
   [33m[2mΓ£ô[22m[39m ValuePacks[2m > [22mPage Load[2m > [22mdisplays pack description on cards [33m383[2mms[22m[39m
   [33m[2mΓ£ô[22m[39m ValuePacks[2m > [22mPage Load[2m > [22mdisplays error state with retry button when API fails and retries successfully [33m657[2mms[22m[39m
   [33m[2mΓ£ô[22m[39m ValuePacks[2m > [22mPack Filtering[2m > [22mfilters packs by search query when user types [33m1055[2mms[22m[39m
   [33m[2mΓ£ô[22m[39m ValuePacks[2m > [22mPack Filtering[2m > [22mshows industry tags on pack cards [33m341[2mms[22m[39m
   [33m[2mΓ£ô[22m[39m ValuePacks[2m > [22mPack Filtering[2m > [22mshows version tags on pack cards [33m328[2mms[22m[39m
   [33m[2mΓ£ô[22m[39m ValuePacks[2m > [22mPack Selection & Preview[2m > [22mpopulates preview panel when user selects a pack [33m500[2mms[22m[39m
   [33m[2mΓ£ô[22m[39m ValuePacks[2m > [22mDeploy Flow[2m > [22menables Deploy button after user selects a pack [33m508[2mms[22m[39m
   [33m[2mΓ£ô[22m[39m ValuePacks[2m > [22mDeploy Flow[2m > [22mexecutes deploy mutation and shows deploying state [33m729[2mms[22m[39m
   [33m[2mΓ£ô[22m[39m ValuePacks[2m > [22mDeploy Flow - Error Paths[2m > [22mdisplays deploy error in pack actions panel when API returns 400 [33m1264[2mms[22m[39m
[90mstderr[2m | src/agui/eventSchemas.test.ts[2m > [22m[2mjob stream runtime boundary 
parser[2m > [22m[2mreturns null for malformed or structurally invalid job stream events
[22m[39m[Fabric] [Fabric][use-job-stream] Failed to parse SSE JSON {
  feature: [32m'use-job-stream'[39m,
  data: [32m'{not-json'[39m,
  error: [32m"SyntaxError: Expected property name or '}' in JSON at position 1 (line 1 column 
2)"[39m
}
[Fabric] [Fabric][use-job-stream] Failed to parse job stream event {
  feature: [32m'use-job-stream'[39m,
  error: [32m'Invalid option: expected one of 
"progress"|"status"|"log"|"entity"|"complete"|"error"'[39m,
  payload: { type: [32m'unknown'[39m, data: [33m1[39m }
}

[90mstderr[2m | src/agui/eventSchemas.test.ts[2m > [22m[2mworkflow SSE runtime boundary 
parser[2m > [22m[2mreturns null for malformed workflow SSE JSON and missing payload envelopes
[22m[39m[Fabric] [Fabric][useWorkflows] Failed to parse SSE message {
  feature: [32m'useWorkflows'[39m,
  errorCode: [32m"SyntaxError: Expected property name or '}' in JSON at position 1 (line 1 column 
2)"[39m
}

 [32mΓ£ô[39m src/agui/eventSchemas.test.ts [2m([22m[2m6 tests[22m[2m)[22m[90m 25[2mms[22m[39m
 [32mΓ£ô[39m src/lib/quality/trustBoundaryGuard.test.ts [2m([22m[2m4 tests[22m[2m)[22m[90m 17[2mms[22m[39m
 [32mΓ£ô[39m src/pages/FormulaBuilder/components/ScenarioPanel.test.tsx [2m([22m[2m6 tests[22m[2m)[22m[90m 104[2mms[22m[39m
[90mstderr[2m | src/components/layout/GlobalLayout.test.tsx
[22m[39m[Fabric] [Fabric][api-client] Environment variable VITE_API_BASE not set, using fallback 
{ feature: [32m'api-client'[39m, fallback: [32m'/api/v1'[39m }
[Fabric] [Fabric][api-client] Environment variable VITE_L1_PREFIX not set, using fallback { 
feature: [32m'api-client'[39m, fallback: [32m'/ingest'[39m }
[Fabric] [Fabric][api-client] Environment variable VITE_L2_PREFIX not set, using fallback { 
feature: [32m'api-client'[39m, fallback: [32m'/extract'[39m }
[Fabric] [Fabric][api-client] Environment variable VITE_L3_PREFIX not set, using fallback { 
feature: [32m'api-client'[39m, fallback: [32m'/graph'[39m }
[Fabric] [Fabric][api-client] Environment variable VITE_L4_PREFIX not set, using fallback { 
feature: [32m'api-client'[39m, fallback: [32m'/agents'[39m }
[Fabric] [Fabric][api-client] Environment variable VITE_L5_PREFIX not set, using fallback { 
feature: [32m'api-client'[39m, fallback: [32m'/truths'[39m }
[Fabric] [Fabric][api-client] Environment variable VITE_L6_PREFIX not set, using fallback { 
feature: [32m'api-client'[39m, fallback: [32m'/benchmarks'[39m }

[90mstderr[2m | src/pages/DecisionTrace.test.tsx
[22m[39m[Fabric] [Fabric][api-client] Environment variable VITE_API_BASE not set, using fallback 
{ feature: [32m'api-client'[39m, fallback: [32m'/api/v1'[39m }
[Fabric] [Fabric][api-client] Environment variable VITE_L1_PREFIX not set, using fallback { 
feature: [32m'api-client'[39m, fallback: [32m'/ingest'[39m }
[Fabric] [Fabric][api-client] Environment variable VITE_L2_PREFIX not set, using fallback { 
feature: [32m'api-client'[39m, fallback: [32m'/extract'[39m }
[Fabric] [Fabric][api-client] Environment variable VITE_L3_PREFIX not set, using fallback { 
feature: [32m'api-client'[39m, fallback: [32m'/graph'[39m }
[Fabric] [Fabric][api-client] Environment variable VITE_L4_PREFIX not set, using fallback { 
feature: [32m'api-client'[39m, fallback: [32m'/agents'[39m }
[Fabric] [Fabric][api-client] Environment variable VITE_L5_PREFIX not set, using fallback { 
feature: [32m'api-client'[39m, fallback: [32m'/truths'[39m }
[Fabric] [Fabric][api-client] Environment variable VITE_L6_PREFIX not set, using fallback { 
feature: [32m'api-client'[39m, fallback: [32m'/benchmarks'[39m }

[90mstderr[2m | src/pages/BusinessCaseList.test.tsx
[22m[39m[Fabric] [Fabric][api-client] Environment variable VITE_API_BASE not set, using fallback 
{ feature: [32m'api-client'[39m, fallback: [32m'/api/v1'[39m }
[Fabric] [Fabric][api-client] Environment variable VITE_L1_PREFIX not set, using fallback { 
feature: [32m'api-client'[39m, fallback: [32m'/ingest'[39m }
[Fabric] [Fabric][api-client] Environment variable VITE_L2_PREFIX not set, using fallback { 
feature: [32m'api-client'[39m, fallback: [32m'/extract'[39m }
[Fabric] [Fabric][api-client] Environment variable VITE_L3_PREFIX not set, using fallback { 
feature: [32m'api-client'[39m, fallback: [32m'/graph'[39m }
[Fabric] [Fabric][api-client] Environment variable VITE_L4_PREFIX not set, using fallback { 
feature: [32m'api-client'[39m, fallback: [32m'/agents'[39m }
[Fabric] [Fabric][api-client] Environment variable VITE_L5_PREFIX not set, using fallback { 
feature: [32m'api-client'[39m, fallback: [32m'/truths'[39m }
[Fabric] [Fabric][api-client] Environment variable VITE_L6_PREFIX not set, using fallback { 
feature: [32m'api-client'[39m, fallback: [32m'/benchmarks'[39m }

 [32mΓ£ô[39m src/components/layout/GlobalLayout.test.tsx [2m([22m[2m10 tests[22m[2m)[22m[90m 110[2mms[22m[39m
 [32mΓ£ô[39m src/pages/GovernancePages.test.tsx [2m([22m[2m3 tests[22m[2m)[22m[33m 900[2mms[22m[39m
   [33m[2mΓ£ô[22m[39m Governance pages (L5-backed)[2m > [22mrenders evidence page with L5 truth data [33m483[2mms[22m[39m
 [32mΓ£ô[39m src/lib/schemas/provenance.test.ts [2m([22m[2m4 tests[22m[2m)[22m[90m 22[2mms[22m[39m
 [32mΓ£ô[39m src/lib/schemas/healthMonitor.test.ts [2m([22m[2m4 tests[22m[2m)[22m[90m 24[2mms[22m[39m
 [32mΓ£ô[39m src/pages/DecisionTrace.test.tsx [2m([22m[2m3 tests[22m[2m)[22m[33m 814[2mms[22m[39m
   [33m[2mΓ£ô[22m[39m DecisionTrace trace-specific behavior[2m > [22mrenders trace-specific title for /governance/traces [33m456[2mms[22m[39m
 [32mΓ£ô[39m src/lib/schemas/integrations.test.ts [2m([22m[2m4 tests[22m[2m)[22m[90m 26[2mms[22m[39m
[90mstderr[2m | src/hooks/useOpportunities.test.ts[2m > [22m[2museOpportunities[2m > 
[22m[2mhandles API error responses
[22m[39m[Fabric] [Fabric][api-client] API request failed {
  feature: [32m'api-client'[39m,
  url: [32m'/discover/opportunities'[39m,
  method: [32m'get'[39m,
  status: [33m500[39m,
  errorCode: [90mundefined[39m,
  traceId: [1mnull[22m,
  message: [32m'Request failed with status code 500'[39m
}
[Fabric] [Fabric][api-client] API request failed {
  feature: [32m'api-client'[39m,
  url: [90mundefined[39m,
  method: [90mundefined[39m,
  status: [90mundefined[39m,
  errorCode: [90mundefined[39m,
  traceId: [1mnull[22m,
  message: [32m'Request failed with status code 500'[39m
}
[Fabric] [Fabric][api-client] API request failed {
  feature: [32m'api-client'[39m,
  url: [90mundefined[39m,
  method: [90mundefined[39m,
  status: [90mundefined[39m,
  errorCode: [90mundefined[39m,
  traceId: [1mnull[22m,
  message: [32m'Request failed with status code 500'[39m
}
[Fabric] [Fabric][api-client] API request failed {
  feature: [32m'api-client'[39m,
  url: [90mundefined[39m,
  method: [90mundefined[39m,
  status: [90mundefined[39m,
  errorCode: [90mundefined[39m,
  traceId: [1mnull[22m,
  message: [32m'Request failed with status code 500'[39m
}

[90mstderr[2m | src/hooks/useOpportunities.test.ts[2m > [22m[2museOpportunities[2m > 
[22m[2mreturns error with status code when API fails
[22m[39m[Fabric] [Fabric][auth-session] Unauthorized response received; clearing session {
  feature: [32m'auth-session'[39m,
  route: [32m'/'[39m,
  tenantId: [1mnull[22m,
  userId: [1mnull[22m,
  authPhase: [32m'unauthorized-response'[39m,
  traceId: [1mnull[22m
}
Not implemented: navigation to another Document
[Fabric] [Fabric][api-client] API request failed {
  feature: [32m'api-client'[39m,
  url: [32m'/discover/opportunities'[39m,
  method: [32m'get'[39m,
  status: [33m401[39m,
  errorCode: [90mundefined[39m,
  traceId: [1mnull[22m,
  message: [32m'Request failed with status code 401'[39m
}

[90mstderr[2m | src/pages/FormulaBuilder.test.tsx
[22m[39m[Fabric] [Fabric][api-client] Environment variable VITE_API_BASE not set, using fallback 
{ feature: [32m'api-client'[39m, fallback: [32m'/api/v1'[39m }
[Fabric] [Fabric][api-client] Environment variable VITE_L1_PREFIX not set, using fallback { 
feature: [32m'api-client'[39m, fallback: [32m'/ingest'[39m }
[Fabric] [Fabric][api-client] Environment variable VITE_L2_PREFIX not set, using fallback { 
feature: [32m'api-client'[39m, fallback: [32m'/extract'[39m }
[Fabric] [Fabric][api-client] Environment variable VITE_L3_PREFIX not set, using fallback { 
feature: [32m'api-client'[39m, fallback: [32m'/graph'[39m }
[Fabric] [Fabric][api-client] Environment variable VITE_L4_PREFIX not set, using fallback { 
feature: [32m'api-client'[39m, fallback: [32m'/agents'[39m }
[Fabric] [Fabric][api-client] Environment variable VITE_L5_PREFIX not set, using fallback { 
feature: [32m'api-client'[39m, fallback: [32m'/truths'[39m }
[Fabric] [Fabric][api-client] Environment variable VITE_L6_PREFIX not set, using fallback { 
feature: [32m'api-client'[39m, fallback: [32m'/benchmarks'[39m }

 [32mΓ£ô[39m src/stores/ingestionStore.test.ts [2m([22m[2m5 tests[22m[2m)[22m[90m 64[2mms[22m[39m
[90mstderr[2m | src/pages/BusinessCaseList.test.tsx[2m > [22m[2mBusinessCaseList[2m > 
[22m[2mrenders page header
[22m[39mAn update to VirtualList inside a test was not wrapped in act(...).

When testing, code that causes React state updates should be wrapped into act(...):

act(() => {
  /* fire events that update state */
});
/* assert on the output */

This ensures that you're testing the behavior the user would see in the browser. Learn more at 
https://react.dev/link/wrap-tests-with-act

[90mstderr[2m | src/pages/BusinessCaseList.test.tsx[2m > [22m[2mBusinessCaseList[2m > 
[22m[2muses shadcn Select for status filter (not native select)
[22m[39mAn update to VirtualList inside a test was not wrapped in act(...).

When testing, code that causes React state updates should be wrapped into act(...):

act(() => {
  /* fire events that update state */
});
/* assert on the output */

This ensures that you're testing the behavior the user would see in the browser. Learn more at 
https://react.dev/link/wrap-tests-with-act

[90mstderr[2m | src/pages/BusinessCaseList.test.tsx[2m > [22m[2mBusinessCaseList[2m > 
[22m[2muses shadcn Select for sort field (not native select)
[22m[39mAn update to VirtualList inside a test was not wrapped in act(...).

When testing, code that causes React state updates should be wrapped into act(...):

act(() => {
  /* fire events that update state */
});
/* assert on the output */

This ensures that you're testing the behavior the user would see in the browser. Learn more at 
https://react.dev/link/wrap-tests-with-act

[90mstderr[2m | src/pages/BusinessCaseList.test.tsx[2m > [22m[2mBusinessCaseList[2m > 
[22m[2mrenders virtualized case list container
[22m[39mAn update to VirtualList inside a test was not wrapped in act(...).

When testing, code that causes React state updates should be wrapped into act(...):

act(() => {
  /* fire events that update state */
});
/* assert on the output */

This ensures that you're testing the behavior the user would see in the browser. Learn more at 
https://react.dev/link/wrap-tests-with-act

[90mstderr[2m | src/pages/BusinessCaseList.test.tsx[2m > [22m[2mBusinessCaseList[2m > 
[22m[2mhas aria-label on sort direction toggle
[22m[39mAn update to VirtualList inside a test was not wrapped in act(...).

When testing, code that causes React state updates should be wrapped into act(...):

act(() => {
  /* fire events that update state */
});
/* assert on the output */

This ensures that you're testing the behavior the user would see in the browser. Learn more at 
https://react.dev/link/wrap-tests-with-act

[90mstderr[2m | src/pages/BusinessCaseList.test.tsx[2m > [22m[2mBusinessCaseList[2m > 
[22m[2mshadcn Select triggers are present for filters
[22m[39mAn update to VirtualList inside a test was not wrapped in act(...).

When testing, code that causes React state updates should be wrapped into act(...):

act(() => {
  /* fire events that update state */
});
/* assert on the output */

This ensures that you're testing the behavior the user would see in the browser. Learn more at 
https://react.dev/link/wrap-tests-with-act

 [32mΓ£ô[39m src/pages/BusinessCaseList.test.tsx [2m([22m[2m6 tests[22m[2m)[22m[33m 1036[2mms[22m[39m
   [33m[2mΓ£ô[22m[39m BusinessCaseList[2m > [22mrenders page header [33m462[2mms[22m[39m
 [32mΓ£ô[39m src/hooks/useIntelligence.test.tsx [2m([22m[2m3 tests[22m[2m)[22m[90m 87[2mms[22m[39m
 [32mΓ£ô[39m src/api/__tests__/client.url.test.ts [2m([22m[2m8 tests[22m[2m)[22m[90m 15[2mms[22m[39m
[90mstderr[2m | src/hooks/useOpportunities.test.ts[2m > [22m[2museOpportunities[2m > 
[22m[2mreturns error with status code when API fails
[22m[39m[Fabric] [Fabric][auth-session] Unauthorized response received; clearing session {
  feature: [32m'auth-session'[39m,
  route: [32m'/'[39m,
  tenantId: [1mnull[22m,
  userId: [1mnull[22m,
  authPhase: [32m'unauthorized-response'[39m,
  traceId: [1mnull[22m
}
Not implemented: navigation to another Document
[Fabric] [Fabric][api-client] API request failed {
  feature: [32m'api-client'[39m,
  url: [32m'/discover/opportunities'[39m,
  method: [32m'get'[39m,
  status: [33m401[39m,
  errorCode: [90mundefined[39m,
  traceId: [1mnull[22m,
  message: [32m'Request failed with status code 401'[39m
}

 [32mΓ£ô[39m src/pages/FormulaBuilder.test.tsx [2m([22m[2m6 tests[22m[2m)[22m[33m 965[2mms[22m[39m
   [33m[2mΓ£ô[22m[39m FormulaBuilder Accessibility[2m > [22mrenders variable chips with aria-labels [33m310[2mms[22m[39m
[90mstderr[2m | src/components/ui/virtual-list.visual.test.tsx[2m > [22m[2mVirtualList visual 
regression[2m > [22m[2msingle-column list matches snapshot
[22m[39mAn update to VirtualList inside a test was not wrapped in act(...).

When testing, code that causes React state updates should be wrapped into act(...):

act(() => {
  /* fire events that update state */
});
/* assert on the output */

This ensures that you're testing the behavior the user would see in the browser. Learn more at 
https://react.dev/link/wrap-tests-with-act

[90mstderr[2m | src/components/ui/virtual-list.visual.test.tsx[2m > [22m[2mVirtualList visual 
regression[2m > [22m[2mmulti-column grid matches snapshot
[22m[39mAn update to VirtualList inside a test was not wrapped in act(...).

When testing, code that causes React state updates should be wrapped into act(...):

act(() => {
  /* fire events that update state */
});
/* assert on the output */

This ensures that you're testing the behavior the user would see in the browser. Learn more at 
https://react.dev/link/wrap-tests-with-act

 [32mΓ£ô[39m src/components/ui/virtual-list.visual.test.tsx [2m([22m[2m3 tests[22m[2m)[22m[90m 61[2mms[22m[39m
 [32mΓ£ô[39m src/navigation/accountRouting.test.ts [2m([22m[2m3 tests[22m[2m)[22m[90m 9[2mms[22m[39m
 [32mΓ£ô[39m src/utils.test.ts [2m([22m[2m5 tests[22m[2m)[22m[90m 15[2mms[22m[39m
 [32mΓ£ô[39m src/lib/telemetry.test.ts [2m([22m[2m1 test[22m[2m)[22m[90m 13[2mms[22m[39m
 [32mΓ£ô[39m src/navigation/navSchema.test.ts [2m([22m[2m3 tests[22m[2m)[22m[90m 8[2mms[22m[39m
[90mstderr[2m | src/hooks/useOpportunities.test.ts[2m > [22m[2museOpportunities[2m > 
[22m[2mreturns error with status code when API fails
[22m[39m[Fabric] [Fabric][auth-session] Unauthorized response received; clearing session {
  feature: [32m'auth-session'[39m,
  route: [32m'/'[39m,
  tenantId: [1mnull[22m,
  userId: [1mnull[22m,
  authPhase: [32m'unauthorized-response'[39m,
  traceId: [1mnull[22m
}
Not implemented: navigation to another Document
[Fabric] [Fabric][api-client] API request failed {
  feature: [32m'api-client'[39m,
  url: [32m'/discover/opportunities'[39m,
  method: [32m'get'[39m,
  status: [33m401[39m,
  errorCode: [90mundefined[39m,
  traceId: [1mnull[22m,
  message: [32m'Request failed with status code 401'[39m
}

 [32mΓ£ô[39m src/routes/criticalFlows.smoke.test.tsx [2m([22m[2m1 test[22m[2m)[22m[33m 753[2mms[22m[39m
   [33m[2mΓ£ô[22m[39m prospect setup interaction smoke[2m > [22msubmits after minimum context is provided [33m749[2mms[22m[39m
[90mstderr[2m | src/components/ProspectSetup.behavior.test.tsx[2m > [22m[2mProspectSetup 
behavior primitives[2m > [22m[2mrenders submission error when creation fails
[22m[39m[Fabric] [Fabric][ProspectPromptBuilder] Form submission failed { feature: 
[32m'ProspectPromptBuilder'[39m, errorCode: [32m'Error: boom'[39m }

 [32mΓ£ô[39m src/components/ProspectSetup.behavior.test.tsx [2m([22m[2m3 tests[22m[2m)[22m[33m 1096[2mms[22m[39m
   [33m[2mΓ£ô[22m[39m ProspectSetup behavior primitives[2m > [22mkeeps launch action disabled without minimum prompt context (validation) [33m302[2mms[22m[39m
   [33m[2mΓ£ô[22m[39m ProspectSetup behavior primitives[2m > [22mrenders submission error when creation fails [33m670[2mms[22m[39m
 [32mΓ£ô[39m src/hooks/useOpportunities.test.ts [2m([22m[2m8 tests[22m[2m)[22m[33m 17673[2mms[22m[39m
   [33m[2mΓ£ô[22m[39m useOpportunities[2m > [22mvalidates response format and throws on invalid data [33m3099[2mms[22m[39m
   [33m[2mΓ£ô[22m[39m useOpportunities[2m > [22mvalidates that response data is an object [33m3069[2mms[22m[39m
   [33m[2mΓ£ô[22m[39m useOpportunities[2m > [22mhandles API error responses [33m7933[2mms[22m[39m
   [33m[2mΓ£ô[22m[39m useOpportunities[2m > [22mreturns error with status code when API fails [33m3099[2mms[22m[39m
[90mstderr[2m | src/pages/Accounts.test.tsx
[22m[39m[Fabric] [Fabric][api-client] Environment variable VITE_API_BASE not set, using fallback 
{ feature: [32m'api-client'[39m, fallback: [32m'/api/v1'[39m }
[Fabric] [Fabric][api-client] Environment variable VITE_L1_PREFIX not set, using fallback { 
feature: [32m'api-client'[39m, fallback: [32m'/ingest'[39m }
[Fabric] [Fabric][api-client] Environment variable VITE_L2_PREFIX not set, using fallback { 
feature: [32m'api-client'[39m, fallback: [32m'/extract'[39m }
[Fabric] [Fabric][api-client] Environment variable VITE_L3_PREFIX not set, using fallback { 
feature: [32m'api-client'[39m, fallback: [32m'/graph'[39m }
[Fabric] [Fabric][api-client] Environment variable VITE_L4_PREFIX not set, using fallback { 
feature: [32m'api-client'[39m, fallback: [32m'/agents'[39m }
[Fabric] [Fabric][api-client] Environment variable VITE_L5_PREFIX not set, using fallback { 
feature: [32m'api-client'[39m, fallback: [32m'/truths'[39m }
[Fabric] [Fabric][api-client] Environment variable VITE_L6_PREFIX not set, using fallback { 
feature: [32m'api-client'[39m, fallback: [32m'/benchmarks'[39m }

 [32mΓ£ô[39m src/pages/Accounts.test.tsx [2m([22m[2m1 test[22m[2m)[22m[90m 199[2mms[22m[39m

[2m Test Files [22m [1m[32m99 passed[39m[22m[90m (99)[39m
[2m      Tests [22m [1m[32m1375 passed[39m[22m[90m (1375)[39m
[2m   Start at [22m 07:09:59
[2m   Duration [22m 38.45s[2m (transform 26.00s, setup 136.06s, collect 107.94s, tests 139.55s, environment 276.37s, prepare 29.64s)[22m

